tol=2.0e-01, sigma=0.0, host=surly, nav=1024, nbrs=2, l_nlarea=1.000, l_dist=1.000
using quadratic fit line minimization
3: 12 | 4: 12 | 5: 12 | 6: 12 | 7: 12 | 
nlarea/dist = 1000000.000
000: dt: 0.00, sse: 204230.2 (1.455, 75.0, 5.491), neg: 157271 (%41.882:%38.30), avgs: 1024
001: dt: 203.48, sse: 88760.8 (1.052, 72.2, 4.940), neg: 148471 (%23.690:%36.13), avgs: 1024
002: dt: 220.05, sse: 53956.9 (0.882, 71.7, 4.725), neg: 149444 (%16.982:%36.32), avgs: 1024
003: dt: 351.17, sse: 45599.0 (0.809, 71.3, 4.633), neg: 147851 (%15.190:%35.87), avgs: 1024
004: dt: 121.69, sse: 41523.5 (0.784, 71.6, 4.613), neg: 154588 (%14.033:%37.56), avgs: 1024
005: dt: 205.10, sse: 41033.8 (0.767, 72.3, 4.596), neg: 159261 (%14.108:%38.75), avgs: 1024
006: dt: 16.64, sse: 41031.0 (0.766, 72.4, 4.594), neg: 159655 (%14.129:%38.85), avgs: 1024
007: dt: 84.18, sse: 36497.3 (0.744, 71.9, 4.598), neg: 150434 (%12.411:%36.55), avgs: 256
008: dt: 48.13, sse: 35276.5 (0.735, 72.3, 4.602), neg: 156549 (%11.945:%38.09), avgs: 256
009: dt: 30.36, sse: 35031.3 (0.731, 72.4, 4.609), neg: 157505 (%11.873:%38.32), avgs: 256
010: dt: 83.06, sse: 34669.4 (0.725, 72.5, 4.632), neg: 159193 (%11.799:%38.73), avgs: 256
011: dt: 16.17, sse: 34437.8 (0.723, 72.6, 4.639), neg: 160197 (%11.708:%38.97), avgs: 256
012: dt: 0.00, sse: 34437.8 (0.723, 72.6, 4.639), neg: 160197 (%11.708:%38.97), avgs: 256
013: dt: 12.52, sse: 32875.4 (0.716, 72.6, 4.644), neg: 158437 (%11.033:%38.35), avgs: 64
014: dt: 7.45, sse: 31966.8 (0.714, 72.6, 4.648), neg: 158704 (%10.623:%38.43), avgs: 64
015: dt: 5.20, sse: 31715.2 (0.712, 72.6, 4.651), neg: 159686 (%10.505:%38.66), avgs: 64
016: dt: 15.13, sse: 31232.0 (0.710, 72.5, 4.661), neg: 158250 (%10.267:%38.23), avgs: 64
017: dt: 3.11, sse: 31042.0 (0.709, 72.5, 4.664), neg: 159518 (%10.179:%38.57), avgs: 64
018: dt: 5.37, sse: 30973.5 (0.709, 72.4, 4.669), neg: 159631 (%10.148:%38.55), avgs: 64
019: dt: 11.46, sse: 30816.9 (0.709, 72.4, 4.681), neg: 158868 (%10.060:%38.33), avgs: 64
020: dt: 1.41, sse: 30761.0 (0.708, 72.4, 4.682), neg: 159228 (%10.038:%38.42), avgs: 64
021: dt: 2.37, sse: 30727.1 (0.708, 72.4, 4.685), neg: 159385 (%10.023:%38.46), avgs: 64
022: dt: 2.78, sse: 29957.1 (0.705, 72.4, 4.688), neg: 159130 (%9.663:%38.18), avgs: 16
023: dt: 1.59, sse: 29516.5 (0.704, 72.4, 4.690), neg: 159386 (%9.451:%38.25), avgs: 16
024: dt: 1.01, sse: 29326.9 (0.703, 72.4, 4.691), neg: 159573 (%9.360:%38.27), avgs: 16
025: dt: 1.63, sse: 29177.7 (0.703, 72.3, 4.693), neg: 159155 (%9.285:%38.12), avgs: 16
026: dt: 0.93, sse: 29063.6 (0.702, 72.3, 4.694), neg: 159107 (%9.227:%38.09), avgs: 16
027: dt: 1.58, sse: 28940.2 (0.702, 72.3, 4.696), neg: 158537 (%9.162:%37.92), avgs: 16
028: dt: 0.89, sse: 28847.4 (0.702, 72.3, 4.697), neg: 158540 (%9.114:%37.91), avgs: 16
029: dt: 1.73, sse: 28733.9 (0.702, 72.2, 4.700), neg: 157837 (%9.055:%37.71), avgs: 16
030: dt: 0.80, sse: 28643.3 (0.701, 72.2, 4.701), neg: 157882 (%9.006:%37.70), avgs: 16
031: dt: 2.11, sse: 28528.8 (0.701, 72.2, 4.703), neg: 157004 (%8.946:%37.44), avgs: 16
032: dt: 0.80, sse: 28439.2 (0.701, 72.2, 4.705), neg: 157095 (%8.898:%37.45), avgs: 16
033: dt: 2.08, sse: 28337.7 (0.701, 72.1, 4.707), neg: 156309 (%8.844:%37.23), avgs: 16
034: dt: 0.81, sse: 28254.0 (0.701, 72.1, 4.709), neg: 156358 (%8.799:%37.22), avgs: 16
035: dt: 1.88, sse: 28164.0 (0.700, 72.0, 4.711), neg: 155631 (%8.751:%37.02), avgs: 16
036: dt: 0.83, sse: 28090.8 (0.700, 72.0, 4.712), neg: 155589 (%8.712:%36.99), avgs: 16
037: dt: 1.87, sse: 28010.6 (0.700, 72.0, 4.715), neg: 154939 (%8.668:%36.82), avgs: 16
038: dt: 0.83, sse: 27936.9 (0.700, 72.0, 4.716), neg: 154912 (%8.629:%36.81), avgs: 16
039: dt: 1.52, sse: 27866.0 (0.700, 71.9, 4.719), neg: 154473 (%8.590:%36.69), avgs: 16
040: dt: 0.92, sse: 27806.1 (0.700, 71.9, 4.720), neg: 154316 (%8.558:%36.65), avgs: 16
041: dt: 1.46, sse: 27745.5 (0.700, 71.9, 4.722), neg: 153810 (%8.524:%36.51), avgs: 16
042: dt: 0.85, sse: 27682.6 (0.700, 71.8, 4.724), neg: 153642 (%8.490:%36.47), avgs: 16
043: dt: 1.57, sse: 27620.9 (0.699, 71.8, 4.726), neg: 153083 (%8.455:%36.31), avgs: 16
044: dt: 0.98, sse: 27560.8 (0.699, 71.8, 4.728), neg: 152873 (%8.423:%36.25), avgs: 16
045: dt: 1.11, sse: 27510.1 (0.699, 71.8, 4.730), neg: 152609 (%8.394:%36.17), avgs: 16
046: dt: 1.14, sse: 27453.6 (0.699, 71.7, 4.732), neg: 152280 (%8.364:%36.08), avgs: 16
047: dt: 0.97, sse: 27406.7 (0.699, 71.7, 4.733), neg: 152094 (%8.337:%36.02), avgs: 16
048: dt: 1.47, sse: 27349.0 (0.699, 71.7, 4.736), neg: 151556 (%8.307:%35.87), avgs: 16
049: dt: 0.85, sse: 27298.5 (0.699, 71.7, 4.737), neg: 151524 (%8.277:%35.87), avgs: 16
050: dt: 1.80, sse: 27239.5 (0.699, 71.6, 4.740), neg: 150863 (%8.246:%35.69), avgs: 16
051: dt: 0.75, sse: 27181.9 (0.699, 71.6, 4.742), neg: 150931 (%8.212:%35.71), avgs: 16
052: dt: 0.79, sse: 26924.4 (0.698, 71.6, 4.744), neg: 150605 (%8.089:%35.38), avgs: 4
053: dt: 0.25, sse: 26796.2 (0.698, 71.6, 4.744), neg: 150861 (%8.024:%35.42), avgs: 4
054: dt: 0.39, sse: 26702.4 (0.697, 71.6, 4.745), neg: 150720 (%7.975:%35.33), avgs: 4
055: dt: 0.21, sse: 26642.6 (0.697, 71.6, 4.745), neg: 150725 (%7.945:%35.31), avgs: 4
056: dt: 0.10, sse: 26607.1 (0.697, 71.6, 4.746), neg: 150730 (%7.928:%35.30), avgs: 4
057: dt: 1.78, sse: 26378.8 (0.697, 71.5, 4.749), neg: 149065 (%7.808:%34.70), avgs: 4
058: dt: 0.15, sse: 26266.0 (0.697, 71.5, 4.749), neg: 149382 (%7.753:%34.77), avgs: 4
059: dt: 0.58, sse: 26188.4 (0.696, 71.5, 4.750), neg: 148920 (%7.712:%34.62), avgs: 4
060: dt: 0.22, sse: 26127.3 (0.696, 71.5, 4.751), neg: 148903 (%7.681:%34.60), avgs: 4
061: dt: 0.38, sse: 26071.6 (0.696, 71.5, 4.751), neg: 148577 (%7.651:%34.49), avgs: 4
062: dt: 0.21, sse: 26028.0 (0.696, 71.5, 4.751), neg: 148536 (%7.628:%34.48), avgs: 4
063: dt: 0.49, sse: 25997.2 (0.696, 71.4, 4.752), neg: 148109 (%7.610:%34.34), avgs: 4
064: dt: 0.16, sse: 25927.7 (0.696, 71.4, 4.752), neg: 148156 (%7.575:%34.35), avgs: 4
065: dt: 1.01, sse: 25846.9 (0.696, 71.4, 4.754), neg: 147309 (%7.530:%34.10), avgs: 4
066: dt: 0.16, sse: 25766.8 (0.696, 71.4, 4.754), neg: 147455 (%7.490:%34.14), avgs: 4
067: dt: 0.47, sse: 25715.3 (0.696, 71.3, 4.755), neg: 147141 (%7.462:%34.03), avgs: 4
068: dt: 0.17, sse: 25673.6 (0.695, 71.3, 4.755), neg: 147055 (%7.440:%34.00), avgs: 4
069: dt: 1.06, sse: 25601.8 (0.695, 71.3, 4.756), neg: 146207 (%7.399:%33.75), avgs: 4
070: dt: 0.13, sse: 25522.5 (0.695, 71.3, 4.756), neg: 146333 (%7.359:%33.78), avgs: 4
071: dt: 0.70, sse: 25469.9 (0.695, 71.2, 4.757), neg: 145877 (%7.329:%33.65), avgs: 4
072: dt: 0.21, sse: 25421.4 (0.695, 71.2, 4.757), neg: 145821 (%7.304:%33.62), avgs: 4
073: dt: 0.62, sse: 25390.0 (0.695, 71.2, 4.758), neg: 145243 (%7.286:%33.46), avgs: 4
074: dt: 0.22, sse: 25325.4 (0.695, 71.2, 4.758), neg: 145229 (%7.254:%33.44), avgs: 4
075: dt: 0.24, sse: 25289.4 (0.695, 71.2, 4.759), neg: 145122 (%7.234:%33.42), avgs: 4
076: dt: 0.15, sse: 25261.1 (0.695, 71.2, 4.759), neg: 145074 (%7.219:%33.40), avgs: 4
077: dt: 5.10, sse: 25058.6 (0.696, 70.9, 4.765), neg: 141525 (%7.090:%32.38), avgs: 4
078: dt: 0.08, sse: 24879.8 (0.695, 70.9, 4.765), neg: 141698 (%7.005:%32.42), avgs: 4
079: dt: 0.10, sse: 24778.4 (0.694, 70.9, 4.765), neg: 141789 (%6.955:%32.43), avgs: 4
080: dt: 0.12, sse: 24725.9 (0.694, 70.9, 4.766), neg: 141764 (%6.929:%32.42), avgs: 4
081: dt: 0.42, sse: 24664.3 (0.694, 70.9, 4.766), neg: 141568 (%6.895:%32.36), avgs: 4
082: dt: 0.03, sse: 24660.5 (0.694, 70.9, 4.766), neg: 141509 (%6.893:%32.34), avgs: 1
083: dt: 0.03, sse: 24524.3 (0.693, 70.9, 4.766), neg: 141870 (%6.823:%32.16), avgs: 0
084: dt: 0.01, sse: 24476.8 (0.693, 71.0, 4.766), neg: 142028 (%6.798:%32.13), avgs: 0
085: dt: 0.01, sse: 24449.5 (0.693, 71.0, 4.766), neg: 142116 (%6.785:%32.09), avgs: 0
086: dt: 0.02, sse: 24428.2 (0.693, 71.0, 4.766), neg: 142142 (%6.776:%32.02), avgs: 0
087: dt: 0.01, sse: 24410.2 (0.693, 71.0, 4.766), neg: 142144 (%6.767:%31.99), avgs: 0
088: dt: 0.01, sse: 24396.6 (0.693, 71.0, 4.766), neg: 142138 (%6.762:%31.94), avgs: 0
089: dt: 0.01, sse: 24386.4 (0.693, 71.0, 4.766), neg: 142175 (%6.757:%31.92), avgs: 0
090: dt: 0.01, sse: 24376.9 (0.693, 71.0, 4.766), neg: 142147 (%6.753:%31.88), avgs: 0
091: dt: 0.00, sse: 24371.7 (0.693, 71.0, 4.766), neg: 142127 (%6.751:%31.86), avgs: 0
092: dt: 0.03, sse: 24359.9 (0.693, 71.0, 4.766), neg: 142062 (%6.747:%31.79), avgs: 0
093: dt: 0.00, sse: 24351.1 (0.693, 71.0, 4.766), neg: 142065 (%6.743:%31.78), avgs: 0
094: dt: 0.00, sse: 24347.9 (0.693, 71.0, 4.766), neg: 142097 (%6.742:%31.78), avgs: 0
nlarea/dist = 100000.000
095: dt: 1291.06, sse: 16976.7 (0.699, 57.3, 4.709), neg: 58836 (%1.966:%12.43), avgs: 1024
096: dt: 461.81, sse: 13946.4 (0.667, 54.4, 4.684), neg: 33489 (%0.909:%6.17), avgs: 1024
097: dt: 557.62, sse: 12813.9 (0.653, 53.4, 4.677), neg: 24459 (%0.485:%4.06), avgs: 1024
098: dt: 1290.57, sse: 12183.2 (0.635, 52.5, 4.666), neg: 20110 (%0.421:%3.17), avgs: 1024
099: dt: 725.87, sse: 11919.4 (0.629, 52.2, 4.664), neg: 17341 (%0.341:%2.57), avgs: 1024
100: dt: 2297.60, sse: 11747.5 (0.616, 51.9, 4.660), neg: 16507 (%0.343:%2.42), avgs: 1024
101: dt: 2749.31, sse: 11569.6 (0.611, 51.7, 4.658), neg: 15401 (%0.323:%2.22), avgs: 1024
102: dt: 404.95, sse: 11554.0 (0.609, 51.7, 4.659), neg: 15177 (%0.316:%2.17), avgs: 1024
103: dt: 288.39, sse: 11397.9 (0.608, 51.4, 4.660), neg: 14146 (%0.292:%1.96), avgs: 256
104: dt: 188.08, sse: 11300.5 (0.607, 51.3, 4.660), neg: 13265 (%0.263:%1.80), avgs: 256
105: dt: 140.04, sse: 11281.2 (0.606, 51.3, 4.660), neg: 13015 (%0.259:%1.74), avgs: 256
106: dt: 74.06, sse: 11113.9 (0.607, 50.9, 4.661), neg: 11688 (%0.214:%1.51), avgs: 64
107: dt: 30.26, sse: 11058.7 (0.606, 50.8, 4.661), neg: 11034 (%0.197:%1.38), avgs: 64
108: dt: 18.94, sse: 11040.8 (0.606, 50.8, 4.661), neg: 10779 (%0.189:%1.33), avgs: 64
109: dt: 70.86, sse: 11016.9 (0.606, 50.7, 4.662), neg: 10358 (%0.184:%1.27), avgs: 64
110: dt: 19.04, sse: 11003.5 (0.606, 50.7, 4.662), neg: 10243 (%0.179:%1.24), avgs: 64
111: dt: 16.75, sse: 10911.5 (0.607, 50.4, 4.662), neg: 8856 (%0.151:%1.06), avgs: 16
112: dt: 2.95, sse: 10866.3 (0.607, 50.4, 4.662), neg: 8512 (%0.131:%0.98), avgs: 16
113: dt: 10.96, sse: 10842.0 (0.607, 50.3, 4.662), neg: 8114 (%0.125:%0.94), avgs: 16
114: dt: 3.90, sse: 10824.0 (0.607, 50.3, 4.662), neg: 7948 (%0.118:%0.90), avgs: 16
115: dt: 10.47, sse: 10809.1 (0.607, 50.2, 4.663), neg: 7693 (%0.115:%0.88), avgs: 16
116: dt: 4.09, sse: 10795.4 (0.607, 50.2, 4.663), neg: 7530 (%0.110:%0.84), avgs: 16
117: dt: 7.27, sse: 10787.7 (0.608, 50.2, 4.663), neg: 7376 (%0.107:%0.83), avgs: 16
118: dt: 8.32, sse: 10777.6 (0.608, 50.1, 4.663), neg: 7268 (%0.105:%0.81), avgs: 16
119: dt: 5.65, sse: 10770.7 (0.608, 50.1, 4.663), neg: 7113 (%0.103:%0.79), avgs: 16
120: dt: 6.21, sse: 10668.5 (0.609, 49.8, 4.664), neg: 5037 (%0.075:%0.58), avgs: 4
121: dt: 0.54, sse: 10637.1 (0.609, 49.8, 4.664), neg: 4821 (%0.060:%0.52), avgs: 4
122: dt: 1.02, sse: 10620.1 (0.609, 49.8, 4.664), neg: 4602 (%0.053:%0.48), avgs: 4
123: dt: 0.77, sse: 10613.3 (0.609, 49.8, 4.664), neg: 4501 (%0.051:%0.46), avgs: 4
124: dt: 1.23, sse: 10607.5 (0.609, 49.7, 4.664), neg: 4368 (%0.051:%0.45), avgs: 4
125: dt: 0.46, sse: 10603.1 (0.609, 49.7, 4.664), neg: 4332 (%0.049:%0.44), avgs: 4
126: dt: 0.84, sse: 10599.1 (0.609, 49.7, 4.664), neg: 4240 (%0.047:%0.43), avgs: 4
127: dt: 0.85, sse: 10596.7 (0.609, 49.7, 4.664), neg: 4188 (%0.047:%0.43), avgs: 4
128: dt: 0.15, sse: 10593.6 (0.610, 49.7, 4.664), neg: 4096 (%0.047:%0.42), avgs: 1
129: dt: 0.00, sse: 10593.6 (0.610, 49.7, 4.664), neg: 4096 (%0.047:%0.42), avgs: 1
130: dt: 0.15, sse: 10526.4 (0.610, 49.5, 4.664), neg: 2834 (%0.036:%0.27), avgs: 0
131: dt: 0.03, sse: 10503.5 (0.610, 49.5, 4.664), neg: 2712 (%0.026:%0.25), avgs: 0
132: dt: 0.04, sse: 10491.5 (0.610, 49.5, 4.664), neg: 2614 (%0.023:%0.24), avgs: 0
133: dt: 0.05, sse: 10481.3 (0.610, 49.5, 4.664), neg: 2481 (%0.022:%0.23), avgs: 0
134: dt: 0.06, sse: 10472.8 (0.610, 49.5, 4.664), neg: 2371 (%0.021:%0.22), avgs: 0
135: dt: 0.03, sse: 10466.5 (0.610, 49.5, 4.664), neg: 2300 (%0.019:%0.21), avgs: 0
136: dt: 0.02, sse: 10461.9 (0.610, 49.5, 4.664), neg: 2275 (%0.017:%0.20), avgs: 0
137: dt: 0.35, sse: 10436.3 (0.610, 49.4, 4.664), neg: 1899 (%0.017:%0.17), avgs: 0
138: dt: 0.02, sse: 10429.0 (0.610, 49.4, 4.664), neg: 1883 (%0.014:%0.17), avgs: 0
139: dt: 0.02, sse: 10427.5 (0.610, 49.4, 4.664), neg: 1862 (%0.013:%0.16), avgs: 0
nlarea/dist = 1000.000
140: dt: 18098.34, sse: 466068.3 (0.635, 47.3, 4.594), neg: 9528 (%0.365:%2.20), avgs: 1024
141: dt: 837.62, sse: 463107.1 (0.617, 46.5, 4.582), neg: 4997 (%0.170:%1.03), avgs: 1024
142: dt: 601.60, sse: 461348.9 (0.613, 46.4, 4.575), neg: 4212 (%0.096:%0.86), avgs: 1024
143: dt: 193.94, sse: 460418.7 (0.611, 46.3, 4.571), neg: 3535 (%0.123:%0.73), avgs: 256
144: dt: 15.72, sse: 460022.8 (0.609, 46.2, 4.570), neg: 1880 (%0.035:%0.32), avgs: 64
145: dt: 6.17, sse: 459867.9 (0.609, 46.1, 4.569), neg: 1438 (%0.025:%0.20), avgs: 16
146: dt: 0.62, sse: 459819.5 (0.609, 46.1, 4.569), neg: 1049 (%0.008:%0.11), avgs: 4
147: dt: 0.41, sse: 459801.7 (0.609, 46.1, 4.569), neg: 904 (%0.007:%0.09), avgs: 1
148: dt: 0.13, sse: 459795.0 (0.609, 46.1, 4.569), neg: 819 (%0.005:%0.08), avgs: 0
nlarea/dist = 100.000
149: dt: 24555.60, sse: 2617973.8 (0.552, 50.5, 3.455), neg: 50453 (%4.098:%11.58), avgs: 1024
150: dt: 610.56, sse: 2565273.0 (0.514, 45.1, 3.423), neg: 22317 (%1.521:%4.98), avgs: 1024
151: dt: 1072.36, sse: 2510368.0 (0.514, 42.4, 3.387), neg: 12333 (%0.633:%2.78), avgs: 1024
152: dt: 2813.41, sse: 2438697.5 (0.467, 41.4, 3.339), neg: 11969 (%0.691:%2.70), avgs: 1024
153: dt: 2158.93, sse: 2373851.8 (0.479, 39.7, 3.295), neg: 7665 (%0.328:%1.73), avgs: 1024
154: dt: 6230.62, sse: 2282798.2 (0.437, 39.8, 3.230), neg: 10771 (%0.829:%2.42), avgs: 1024
155: dt: 428.90, sse: 2251940.0 (0.483, 38.7, 3.209), neg: 7661 (%0.296:%1.73), avgs: 1024
156: dt: 5855.12, sse: 2134451.0 (0.411, 39.5, 3.123), neg: 11470 (%1.120:%2.57), avgs: 1024
157: dt: 306.29, sse: 2117423.0 (0.438, 38.5, 3.111), neg: 8428 (%0.443:%1.89), avgs: 1024
158: dt: 4173.66, sse: 2072252.6 (0.395, 37.9, 3.077), neg: 9019 (%1.255:%2.04), avgs: 1024
159: dt: 248.18, sse: 2041601.4 (0.426, 37.0, 3.055), neg: 6127 (%0.305:%1.35), avgs: 1024
160: dt: 5901.23, sse: 1955719.1 (0.385, 38.3, 2.988), neg: 11598 (%1.984:%2.69), avgs: 1024
161: dt: 274.81, sse: 1926683.8 (0.399, 37.1, 2.967), neg: 6796 (%0.635:%1.53), avgs: 1024
162: dt: 2120.37, sse: 1901519.0 (0.370, 36.2, 2.948), neg: 4766 (%0.271:%1.05), avgs: 1024
163: dt: 4187.95, sse: 1852910.6 (0.426, 36.8, 2.910), neg: 7089 (%0.604:%1.58), avgs: 1024
164: dt: 2438.21, sse: 1814238.2 (0.367, 35.9, 2.880), neg: 4442 (%0.210:%0.97), avgs: 1024
165: dt: 8013.52, sse: 1756216.9 (0.328, 37.4, 2.831), neg: 10044 (%1.650:%2.34), avgs: 1024
166: dt: 489.74, sse: 1749634.0 (0.337, 36.2, 2.827), neg: 5972 (%0.494:%1.33), avgs: 1024
167: dt: 871.70, sse: 1733711.9 (0.338, 36.8, 2.813), neg: 8704 (%1.377:%1.98), avgs: 256
168: dt: 127.02, sse: 1711796.4 (0.327, 36.2, 2.796), neg: 6347 (%0.592:%1.45), avgs: 256
169: dt: 132.66, sse: 1706812.0 (0.326, 35.9, 2.793), neg: 5075 (%0.341:%1.11), avgs: 256
170: dt: 189.85, sse: 1704158.1 (0.327, 35.6, 2.791), neg: 4359 (%0.223:%0.97), avgs: 256
171: dt: 317.55, sse: 1663023.1 (0.349, 35.9, 2.755), neg: 7090 (%1.423:%1.57), avgs: 64
172: dt: 21.29, sse: 1648296.8 (0.339, 35.5, 2.744), neg: 5228 (%0.464:%1.13), avgs: 64
173: dt: 88.82, sse: 1632134.5 (0.336, 35.1, 2.731), neg: 4258 (%0.504:%0.91), avgs: 64
174: dt: 34.52, sse: 1625326.4 (0.330, 34.6, 2.725), neg: 2385 (%0.085:%0.45), avgs: 64
175: dt: 486.61, sse: 1586818.2 (0.335, 35.3, 2.692), neg: 5094 (%1.009:%1.13), avgs: 64
176: dt: 18.08, sse: 1576191.9 (0.325, 35.0, 2.683), neg: 4087 (%0.295:%0.88), avgs: 64
177: dt: 67.13, sse: 1568434.9 (0.319, 34.7, 2.677), neg: 2836 (%0.136:%0.56), avgs: 64
178: dt: 126.21, sse: 1561606.5 (0.321, 35.0, 2.671), neg: 3610 (%0.259:%0.76), avgs: 64
179: dt: 49.92, sse: 1557320.6 (0.320, 34.9, 2.667), neg: 2864 (%0.149:%0.57), avgs: 64
180: dt: 92.98, sse: 1552415.8 (0.316, 35.0, 2.663), neg: 3358 (%0.209:%0.64), avgs: 64
181: dt: 61.74, sse: 1549401.5 (0.315, 34.9, 2.661), neg: 2935 (%0.161:%0.57), avgs: 64
182: dt: 56.58, sse: 1547404.0 (0.314, 34.9, 2.659), neg: 2776 (%0.134:%0.52), avgs: 64
183: dt: 89.34, sse: 1545180.1 (0.313, 35.0, 2.657), neg: 3158 (%0.168:%0.60), avgs: 64
184: dt: 18.91, sse: 1544682.6 (0.312, 34.9, 2.657), neg: 2489 (%0.098:%0.43), avgs: 64
185: dt: 63.42, sse: 1538317.8 (0.317, 35.0, 2.651), neg: 3874 (%0.462:%0.85), avgs: 16
186: dt: 6.22, sse: 1535923.0 (0.313, 34.8, 2.649), neg: 2533 (%0.174:%0.48), avgs: 16
187: dt: 9.78, sse: 1534362.4 (0.313, 34.7, 2.648), neg: 2281 (%0.160:%0.43), avgs: 16
188: dt: 7.36, sse: 1533394.6 (0.312, 34.7, 2.647), neg: 1876 (%0.075:%0.32), avgs: 16
189: dt: 8.60, sse: 1531659.2 (0.315, 34.7, 2.645), neg: 2358 (%0.243:%0.49), avgs: 4
190: dt: 1.90, sse: 1530532.1 (0.313, 34.6, 2.644), neg: 1913 (%0.149:%0.37), avgs: 4
191: dt: 2.11, sse: 1529673.6 (0.313, 34.6, 2.644), neg: 1655 (%0.130:%0.30), avgs: 4
192: dt: 2.01, sse: 1528894.8 (0.313, 34.6, 2.643), neg: 1455 (%0.096:%0.26), avgs: 4
193: dt: 1.31, sse: 1528335.1 (0.312, 34.5, 2.642), neg: 1210 (%0.042:%0.19), avgs: 4
194: dt: 7.71, sse: 1527085.2 (0.316, 34.6, 2.641), neg: 1358 (%0.200:%0.26), avgs: 4
195: dt: 1.44, sse: 1526171.2 (0.313, 34.5, 2.640), neg: 1216 (%0.099:%0.21), avgs: 4
196: dt: 0.62, sse: 1525854.2 (0.312, 34.5, 2.640), neg: 1200 (%0.057:%0.20), avgs: 4
197: dt: 1.83, sse: 1525471.4 (0.314, 34.6, 2.640), neg: 1406 (%0.157:%0.25), avgs: 1
198: dt: 0.28, sse: 1525359.2 (0.314, 34.6, 2.640), neg: 1543 (%0.134:%0.27), avgs: 1
199: dt: 0.11, sse: 1525207.9 (0.313, 34.5, 2.640), neg: 1111 (%0.065:%0.18), avgs: 0
nlarea/dist = 10.000
200: dt: 4116.48, sse: 10297707.0 (0.268, 32.0, 2.172), neg: 5532 (%1.389:%1.12), avgs: 1024
201: dt: 208.17, sse: 9933622.0 (0.278, 31.1, 2.133), neg: 3495 (%0.198:%0.68), avgs: 1024
202: dt: 2485.25, sse: 8450065.0 (0.233, 31.6, 1.967), neg: 7397 (%0.509:%1.65), avgs: 1024
203: dt: 2319.52, sse: 7460347.0 (0.222, 29.8, 1.848), neg: 4127 (%0.276:%0.81), avgs: 1024
204: dt: 1709.00, sse: 6826820.0 (0.213, 29.4, 1.768), neg: 2888 (%0.218:%0.57), avgs: 1024
205: dt: 3020.99, sse: 6095986.0 (0.204, 30.6, 1.671), neg: 7807 (%0.957:%1.73), avgs: 1024
206: dt: 1794.75, sse: 5652698.5 (0.178, 30.3, 1.609), neg: 7241 (%0.621:%1.58), avgs: 1024
207: dt: 1054.27, sse: 5313223.5 (0.197, 28.2, 1.560), neg: 2249 (%0.151:%0.44), avgs: 1024
208: dt: 2285.70, sse: 4807060.0 (0.141, 29.3, 1.483), neg: 5078 (%1.005:%1.00), avgs: 1024
209: dt: 282.05, sse: 4705897.0 (0.146, 28.3, 1.468), neg: 2663 (%0.191:%0.51), avgs: 1024
210: dt: 12869.04, sse: 3571948.0 (0.199, 31.6, 1.277), neg: 12774 (%4.914:%2.87), avgs: 1024
211: dt: 92.16, sse: 3271811.8 (0.124, 30.0, 1.223), neg: 9096 (%1.181:%1.98), avgs: 1024
212: dt: 1275.38, sse: 3029645.5 (0.131, 27.6, 1.177), neg: 2773 (%0.229:%0.54), avgs: 1024
213: dt: 1723.05, sse: 2797437.0 (0.091, 28.2, 1.131), neg: 4931 (%0.770:%0.97), avgs: 1024
214: dt: 388.57, sse: 2755158.8 (0.096, 27.4, 1.122), neg: 3106 (%0.261:%0.59), avgs: 1024
215: dt: 10142.27, sse: 2393022.5 (0.101, 27.2, 1.045), neg: 4307 (%0.836:%0.87), avgs: 1024
216: dt: 559.41, sse: 2297750.5 (0.110, 26.6, 1.024), neg: 3205 (%0.358:%0.64), avgs: 1024
217: dt: 1617.42, sse: 2160557.0 (0.085, 27.6, 0.993), neg: 5375 (%0.669:%1.07), avgs: 1024
218: dt: 770.37, sse: 2135174.8 (0.092, 26.3, 0.987), neg: 2699 (%0.246:%0.52), avgs: 1024
219: dt: 3148.65, sse: 2037610.8 (0.081, 27.1, 0.964), neg: 4693 (%0.796:%0.91), avgs: 1024
220: dt: 381.19, sse: 2004806.1 (0.081, 26.3, 0.956), neg: 3194 (%0.301:%0.60), avgs: 1024
221: dt: 5989.81, sse: 1927117.2 (0.093, 25.6, 0.938), neg: 2722 (%0.232:%0.50), avgs: 1024
222: dt: 1972.23, sse: 1811086.4 (0.076, 25.8, 0.909), neg: 3421 (%0.446:%0.66), avgs: 1024
223: dt: 567.42, sse: 1795101.2 (0.079, 25.4, 0.905), neg: 2858 (%0.277:%0.54), avgs: 1024
224: dt: 3678.69, sse: 1762908.0 (0.084, 25.4, 0.897), neg: 3150 (%0.279:%0.58), avgs: 1024
225: dt: 2716.62, sse: 1693122.0 (0.074, 25.1, 0.879), neg: 3043 (%0.330:%0.58), avgs: 1024
226: dt: 1093.27, sse: 1670262.0 (0.080, 24.8, 0.873), neg: 2666 (%0.250:%0.50), avgs: 1024
227: dt: 10425.78, sse: 1568609.8 (0.082, 25.6, 0.845), neg: 4950 (%0.946:%0.96), avgs: 1024
228: dt: 389.47, sse: 1529337.5 (0.078, 24.6, 0.835), neg: 3326 (%0.324:%0.62), avgs: 1024
229: dt: 2440.07, sse: 1504715.8 (0.076, 24.3, 0.828), neg: 2955 (%0.279:%0.54), avgs: 1024
230: dt: 812.47, sse: 1393363.8 (0.074, 23.6, 0.797), neg: 2350 (%0.216:%0.43), avgs: 256
231: dt: 508.88, sse: 1341585.0 (0.069, 23.8, 0.781), neg: 2945 (%0.267:%0.54), avgs: 256
232: dt: 215.06, sse: 1331417.0 (0.070, 23.4, 0.778), neg: 2156 (%0.166:%0.39), avgs: 256
233: dt: 969.86, sse: 1292054.4 (0.068, 23.5, 0.767), neg: 2784 (%0.333:%0.53), avgs: 256
234: dt: 107.63, sse: 1284786.5 (0.067, 23.3, 0.765), neg: 2292 (%0.195:%0.43), avgs: 256
235: dt: 322.70, sse: 1281166.9 (0.067, 23.3, 0.764), neg: 2228 (%0.166:%0.40), avgs: 256
236: dt: 1408.00, sse: 1258131.0 (0.068, 23.1, 0.757), neg: 2446 (%0.249:%0.47), avgs: 256
237: dt: 205.33, sse: 1244374.9 (0.066, 23.1, 0.752), neg: 2294 (%0.190:%0.43), avgs: 256
238: dt: 292.82, sse: 1241967.8 (0.066, 23.2, 0.752), neg: 2301 (%0.168:%0.42), avgs: 256
239: dt: 235.72, sse: 1131815.2 (0.062, 22.5, 0.717), neg: 1931 (%0.157:%0.34), avgs: 64
240: dt: 107.90, sse: 1108435.5 (0.062, 22.3, 0.710), neg: 1807 (%0.140:%0.31), avgs: 64
241: dt: 144.99, sse: 1091675.1 (0.061, 22.2, 0.704), neg: 1811 (%0.149:%0.33), avgs: 64
242: dt: 29.26, sse: 1087326.9 (0.060, 22.1, 0.703), neg: 1604 (%0.117:%0.28), avgs: 64
243: dt: 299.73, sse: 1070441.4 (0.061, 22.1, 0.697), neg: 1728 (%0.176:%0.31), avgs: 64
244: dt: 57.60, sse: 1063206.1 (0.059, 22.0, 0.695), neg: 1500 (%0.118:%0.26), avgs: 64
245: dt: 245.97, sse: 1053781.1 (0.060, 22.2, 0.692), neg: 1970 (%0.230:%0.37), avgs: 64
246: dt: 26.00, sse: 1051615.9 (0.058, 22.1, 0.691), neg: 1842 (%0.159:%0.33), avgs: 64
247: dt: 33.78, sse: 1049975.5 (0.058, 22.0, 0.691), neg: 1635 (%0.125:%0.28), avgs: 64
248: dt: 183.59, sse: 1043950.9 (0.059, 21.9, 0.689), neg: 1505 (%0.130:%0.26), avgs: 64
249: dt: 65.80, sse: 1041413.9 (0.058, 21.9, 0.688), neg: 1515 (%0.120:%0.26), avgs: 64
250: dt: 110.22, sse: 1038262.3 (0.058, 22.0, 0.687), neg: 1714 (%0.150:%0.30), avgs: 64
251: dt: 37.96, sse: 1037214.4 (0.058, 21.9, 0.686), neg: 1520 (%0.117:%0.26), avgs: 64
252: dt: 85.80, sse: 980099.6 (0.055, 21.3, 0.667), neg: 1494 (%0.143:%0.26), avgs: 16
253: dt: 11.01, sse: 974118.8 (0.053, 21.2, 0.665), neg: 1270 (%0.079:%0.20), avgs: 16
254: dt: 79.78, sse: 959010.1 (0.052, 21.0, 0.660), neg: 1287 (%0.115:%0.22), avgs: 16
255: dt: 13.22, sse: 956477.9 (0.050, 20.9, 0.659), neg: 1066 (%0.076:%0.17), avgs: 16
256: dt: 33.84, sse: 953378.4 (0.050, 20.9, 0.658), neg: 1100 (%0.072:%0.17), avgs: 16
257: dt: 45.80, sse: 949929.4 (0.050, 20.8, 0.657), neg: 1101 (%0.075:%0.17), avgs: 16
258: dt: 14.43, sse: 948469.8 (0.049, 20.8, 0.656), neg: 1086 (%0.066:%0.17), avgs: 16
259: dt: 109.71, sse: 943936.1 (0.050, 20.7, 0.655), neg: 1097 (%0.088:%0.18), avgs: 16
260: dt: 10.40, sse: 941706.9 (0.049, 20.7, 0.654), neg: 1042 (%0.064:%0.16), avgs: 16
261: dt: 65.52, sse: 939409.7 (0.050, 20.7, 0.653), neg: 1099 (%0.083:%0.17), avgs: 16
262: dt: 18.14, sse: 938131.1 (0.049, 20.7, 0.653), neg: 1030 (%0.062:%0.16), avgs: 16
263: dt: 173.18, sse: 935788.1 (0.052, 20.7, 0.652), neg: 1125 (%0.122:%0.19), avgs: 16
264: dt: 5.08, sse: 933913.7 (0.050, 20.7, 0.651), neg: 1106 (%0.087:%0.18), avgs: 16
265: dt: 15.62, sse: 932967.8 (0.049, 20.6, 0.651), neg: 1051 (%0.073:%0.16), avgs: 16
266: dt: 32.63, sse: 930887.8 (0.048, 20.6, 0.650), neg: 990 (%0.063:%0.15), avgs: 16
267: dt: 24.84, sse: 930105.2 (0.048, 20.6, 0.650), neg: 1003 (%0.060:%0.15), avgs: 16
268: dt: 118.15, sse: 928043.2 (0.049, 20.5, 0.649), neg: 1002 (%0.078:%0.16), avgs: 16
269: dt: 11.50, sse: 926495.0 (0.048, 20.5, 0.649), neg: 997 (%0.061:%0.15), avgs: 16
270: dt: 61.71, sse: 925443.0 (0.048, 20.5, 0.648), neg: 1006 (%0.068:%0.15), avgs: 16
271: dt: 30.22, sse: 924140.0 (0.048, 20.5, 0.648), neg: 975 (%0.061:%0.15), avgs: 16
272: dt: 25.88, sse: 923581.5 (0.048, 20.5, 0.648), neg: 992 (%0.060:%0.15), avgs: 16
273: dt: 34.75, sse: 916322.1 (0.047, 20.2, 0.645), neg: 781 (%0.052:%0.10), avgs: 4
274: dt: 3.97, sse: 913910.8 (0.046, 20.1, 0.644), neg: 657 (%0.027:%0.07), avgs: 4
275: dt: 37.10, sse: 908726.9 (0.048, 20.0, 0.642), neg: 735 (%0.071:%0.10), avgs: 4
276: dt: 1.87, sse: 907830.1 (0.045, 20.0, 0.642), neg: 690 (%0.037:%0.09), avgs: 4
277: dt: 10.84, sse: 906497.3 (0.045, 19.9, 0.641), neg: 621 (%0.029:%0.07), avgs: 4
278: dt: 15.16, sse: 904659.2 (0.044, 19.9, 0.641), neg: 606 (%0.026:%0.07), avgs: 4
279: dt: 14.67, sse: 903321.0 (0.044, 19.8, 0.640), neg: 578 (%0.024:%0.06), avgs: 4
280: dt: 20.62, sse: 901769.2 (0.044, 19.8, 0.640), neg: 568 (%0.019:%0.06), avgs: 4
281: dt: 19.73, sse: 900521.6 (0.044, 19.7, 0.639), neg: 547 (%0.019:%0.06), avgs: 4
282: dt: 11.98, sse: 899628.3 (0.044, 19.7, 0.639), neg: 529 (%0.017:%0.05), avgs: 4
283: dt: 3.19, sse: 899244.4 (0.043, 19.7, 0.639), neg: 504 (%0.013:%0.04), avgs: 4
284: dt: 56.67, sse: 897189.3 (0.044, 19.7, 0.638), neg: 545 (%0.025:%0.06), avgs: 4
285: dt: 6.00, sse: 895947.1 (0.043, 19.6, 0.638), neg: 467 (%0.010:%0.04), avgs: 4
286: dt: 61.68, sse: 893583.7 (0.043, 19.6, 0.637), neg: 534 (%0.014:%0.05), avgs: 4
287: dt: 12.40, sse: 892870.8 (0.043, 19.6, 0.637), neg: 456 (%0.010:%0.03), avgs: 4
288: dt: 33.27, sse: 891719.1 (0.043, 19.6, 0.636), neg: 551 (%0.017:%0.06), avgs: 4
289: dt: 3.44, sse: 891409.9 (0.043, 19.5, 0.636), neg: 466 (%0.011:%0.04), avgs: 4
290: dt: 8.48, sse: 890812.9 (0.044, 19.7, 0.636), neg: 718 (%0.025:%0.07), avgs: 1
291: dt: 0.00, sse: 890812.9 (0.044, 19.7, 0.636), neg: 718 (%0.025:%0.07), avgs: 1
292: dt: 1.55, sse: 889618.0 (0.044, 19.4, 0.635), neg: 547 (%0.031:%0.05), avgs: 0
293: dt: 0.71, sse: 889178.6 (0.044, 19.3, 0.635), neg: 452 (%0.035:%0.04), avgs: 0
294: dt: 0.33, sse: 888812.0 (0.043, 19.3, 0.635), neg: 407 (%0.015:%0.02), avgs: 0
295: dt: 0.64, sse: 888495.6 (0.042, 19.3, 0.635), neg: 398 (%0.012:%0.02), avgs: 0
296: dt: 0.72, sse: 888186.4 (0.042, 19.3, 0.635), neg: 410 (%0.015:%0.02), avgs: 0
297: dt: 0.35, sse: 887994.5 (0.042, 19.3, 0.635), neg: 397 (%0.013:%0.02), avgs: 0
298: dt: 0.27, sse: 887847.3 (0.042, 19.2, 0.635), neg: 396 (%0.007:%0.02), avgs: 0
299: dt: 0.88, sse: 887557.9 (0.042, 19.2, 0.635), neg: 413 (%0.017:%0.02), avgs: 0
300: dt: 0.09, sse: 887480.4 (0.042, 19.2, 0.635), neg: 411 (%0.009:%0.02), avgs: 0
pass 0: epoch 1 of 3 starting distance error %16.64
tol=2.0e-01, sigma=0.0, host=surly, nav=1024, nbrs=2, l_nlarea=1.000, l_dist=0.100
using quadratic fit line minimization
nlarea/dist = 10.000
301: dt: 7014.92, sse: 823340.8 (0.047, 17.7, 0.611), neg: 447 (%0.008:%0.03), avgs: 1024
302: dt: 2643.11, sse: 783743.2 (0.042, 17.9, 0.596), neg: 460 (%0.009:%0.03), avgs: 1024
303: dt: 3082.53, sse: 763277.0 (0.043, 17.5, 0.588), neg: 479 (%0.009:%0.03), avgs: 1024
304: dt: 2964.92, sse: 742402.3 (0.041, 17.5, 0.580), neg: 489 (%0.010:%0.04), avgs: 1024
305: dt: 2462.95, sse: 727115.7 (0.042, 17.2, 0.574), neg: 507 (%0.010:%0.04), avgs: 1024
306: dt: 3641.64, sse: 709647.1 (0.041, 17.2, 0.567), neg: 513 (%0.011:%0.04), avgs: 1024
307: dt: 2028.98, sse: 696426.4 (0.041, 17.0, 0.562), neg: 526 (%0.011:%0.05), avgs: 1024
308: dt: 5032.36, sse: 679659.1 (0.041, 16.9, 0.555), neg: 533 (%0.012:%0.05), avgs: 1024
309: dt: 1812.71, sse: 666683.2 (0.041, 16.7, 0.549), neg: 536 (%0.012:%0.05), avgs: 1024
310: dt: 5883.69, sse: 651675.4 (0.041, 16.5, 0.543), neg: 542 (%0.013:%0.05), avgs: 1024
311: dt: 1619.56, sse: 639960.2 (0.041, 16.4, 0.538), neg: 542 (%0.013:%0.05), avgs: 1024
312: dt: 11466.23, sse: 619969.0 (0.042, 16.1, 0.529), neg: 563 (%0.014:%0.05), avgs: 1024
313: dt: 1485.25, sse: 604806.4 (0.040, 16.1, 0.523), neg: 556 (%0.014:%0.05), avgs: 1024
314: dt: 20624.04, sse: 581187.8 (0.041, 15.7, 0.512), neg: 581 (%0.015:%0.06), avgs: 1024
315: dt: 1430.28, sse: 565863.6 (0.040, 15.7, 0.505), neg: 561 (%0.014:%0.06), avgs: 1024
316: dt: 32726.49, sse: 547022.8 (0.041, 15.5, 0.497), neg: 581 (%0.016:%0.06), avgs: 1024
317: dt: 1418.27, sse: 535844.1 (0.040, 15.3, 0.492), neg: 562 (%0.015:%0.06), avgs: 1024
318: dt: 15241.79, sse: 532418.8 (0.041, 15.3, 0.490), neg: 567 (%0.015:%0.06), avgs: 1024
319: dt: 1560.73, sse: 529804.2 (0.041, 15.3, 0.489), neg: 566 (%0.015:%0.06), avgs: 1024
320: dt: 7094.86, sse: 528675.9 (0.040, 15.3, 0.488), neg: 564 (%0.015:%0.06), avgs: 1024
321: dt: 1808.00, sse: 527473.9 (0.041, 15.3, 0.488), neg: 563 (%0.015:%0.06), avgs: 1024
322: dt: 4587.52, sse: 526765.9 (0.041, 15.3, 0.487), neg: 562 (%0.015:%0.06), avgs: 1024
323: dt: 1069.01, sse: 521682.5 (0.040, 15.1, 0.485), neg: 536 (%0.015:%0.05), avgs: 256
324: dt: 747.55, sse: 519796.4 (0.040, 15.1, 0.484), neg: 505 (%0.014:%0.05), avgs: 256
325: dt: 943.13, sse: 518022.6 (0.040, 15.1, 0.483), neg: 463 (%0.012:%0.04), avgs: 256
326: dt: 182.80, sse: 517441.4 (0.040, 15.1, 0.483), neg: 458 (%0.012:%0.04), avgs: 256
327: dt: 863.03, sse: 516615.1 (0.040, 15.1, 0.483), neg: 453 (%0.013:%0.04), avgs: 256
328: dt: 453.82, sse: 515855.2 (0.040, 15.0, 0.482), neg: 444 (%0.013:%0.03), avgs: 256
329: dt: 2426.09, sse: 514734.1 (0.040, 15.0, 0.482), neg: 449 (%0.014:%0.03), avgs: 256
330: dt: 415.14, sse: 513943.4 (0.040, 15.0, 0.481), neg: 447 (%0.013:%0.03), avgs: 256
331: dt: 1360.04, sse: 513581.3 (0.040, 15.0, 0.481), neg: 451 (%0.014:%0.03), avgs: 256
332: dt: 262.18, sse: 509992.4 (0.040, 14.9, 0.479), neg: 429 (%0.012:%0.03), avgs: 64
333: dt: 144.98, sse: 508873.6 (0.040, 14.9, 0.479), neg: 423 (%0.012:%0.03), avgs: 64
334: dt: 263.76, sse: 508323.5 (0.040, 14.9, 0.479), neg: 413 (%0.012:%0.03), avgs: 64
335: dt: 137.79, sse: 507903.7 (0.040, 14.9, 0.478), neg: 416 (%0.012:%0.03), avgs: 64
336: dt: 164.00, sse: 507664.5 (0.040, 14.9, 0.478), neg: 411 (%0.012:%0.03), avgs: 64
337: dt: 78.20, sse: 505897.2 (0.040, 14.8, 0.477), neg: 390 (%0.009:%0.02), avgs: 16
338: dt: 71.41, sse: 505363.3 (0.040, 14.8, 0.477), neg: 393 (%0.009:%0.02), avgs: 16
339: dt: 64.00, sse: 505083.1 (0.040, 14.8, 0.477), neg: 392 (%0.009:%0.02), avgs: 16
340: dt: 41.60, sse: 504927.2 (0.040, 14.8, 0.477), neg: 390 (%0.009:%0.02), avgs: 16
341: dt: 218.16, sse: 504564.6 (0.040, 14.8, 0.477), neg: 389 (%0.009:%0.02), avgs: 16
342: dt: 32.00, sse: 504431.7 (0.040, 14.8, 0.477), neg: 390 (%0.009:%0.02), avgs: 16
343: dt: 1119.44, sse: 503611.6 (0.040, 14.7, 0.476), neg: 390 (%0.008:%0.02), avgs: 16
344: dt: 13.65, sse: 503519.8 (0.040, 14.7, 0.476), neg: 390 (%0.008:%0.02), avgs: 16
345: dt: 47.17, sse: 502909.3 (0.039, 14.7, 0.476), neg: 387 (%0.006:%0.02), avgs: 4
346: dt: 33.07, sse: 502421.6 (0.039, 14.7, 0.476), neg: 392 (%0.006:%0.02), avgs: 4
347: dt: 18.00, sse: 502276.8 (0.039, 14.7, 0.476), neg: 391 (%0.005:%0.02), avgs: 4
348: dt: 19.55, sse: 502177.4 (0.039, 14.7, 0.476), neg: 392 (%0.005:%0.02), avgs: 4
349: dt: 210.31, sse: 501640.0 (0.039, 14.7, 0.475), neg: 415 (%0.007:%0.02), avgs: 4
350: dt: 10.23, sse: 501522.9 (0.039, 14.7, 0.475), neg: 405 (%0.005:%0.01), avgs: 4
351: dt: 19.16, sse: 501386.1 (0.039, 14.7, 0.475), neg: 404 (%0.005:%0.01), avgs: 4
352: dt: 21.52, sse: 501341.5 (0.039, 14.7, 0.475), neg: 400 (%0.005:%0.01), avgs: 4
353: dt: 5.52, sse: 501308.5 (0.039, 14.7, 0.475), neg: 409 (%0.006:%0.01), avgs: 1
354: dt: 3.75, sse: 500767.4 (0.039, 14.6, 0.475), neg: 436 (%0.016:%0.02), avgs: 0
355: dt: 0.13, sse: 500677.6 (0.039, 14.6, 0.475), neg: 422 (%0.007:%0.01), avgs: 0
356: dt: 1.01, sse: 500548.2 (0.039, 14.6, 0.475), neg: 417 (%0.011:%0.01), avgs: 0
357: dt: 0.17, sse: 500467.0 (0.039, 14.6, 0.475), neg: 415 (%0.005:%0.01), avgs: 0
358: dt: 2.44, sse: 500241.3 (0.039, 14.6, 0.475), neg: 426 (%0.008:%0.01), avgs: 0
359: dt: 0.23, sse: 500179.9 (0.038, 14.6, 0.475), neg: 422 (%0.005:%0.01), avgs: 0
360: dt: 2.69, sse: 499995.7 (0.038, 14.6, 0.475), neg: 431 (%0.005:%0.01), avgs: 0
361: dt: 2.71, sse: 499889.1 (0.039, 14.6, 0.475), neg: 478 (%0.017:%0.02), avgs: 0
362: dt: 0.25, sse: 499851.6 (0.039, 14.6, 0.475), neg: 462 (%0.008:%0.02), avgs: 0
363: dt: 2.15, sse: 499789.2 (0.039, 14.7, 0.475), neg: 471 (%0.010:%0.02), avgs: 0
364: dt: 0.34, sse: 499765.3 (0.038, 14.6, 0.475), neg: 462 (%0.007:%0.02), avgs: 0
pass 0: epoch 2 of 3 starting distance error %12.74
tol=2.0e-01, sigma=0.0, host=surly, nav=1024, nbrs=2, l_nlarea=1.000, l_dist=1.000
using quadratic fit line minimization
nlarea/dist = 1.000
365: dt: 400.56, sse: 4893815.5 (0.041, 14.3, 0.473), neg: 463 (%0.007:%0.02), avgs: 1024
366: dt: 327.56, sse: 4882468.0 (0.040, 14.4, 0.473), neg: 465 (%0.007:%0.02), avgs: 1024
367: dt: 341.77, sse: 4872511.0 (0.041, 14.3, 0.472), neg: 466 (%0.007:%0.02), avgs: 1024
368: dt: 233.89, sse: 4866312.5 (0.040, 14.4, 0.472), neg: 466 (%0.007:%0.02), avgs: 1024
369: dt: 103.81, sse: 4860833.5 (0.041, 14.3, 0.472), neg: 467 (%0.007:%0.02), avgs: 256
370: dt: 72.89, sse: 4858894.5 (0.041, 14.3, 0.472), neg: 466 (%0.007:%0.02), avgs: 256
371: dt: 22.15, sse: 4855860.5 (0.041, 14.2, 0.471), neg: 476 (%0.007:%0.02), avgs: 64
372: dt: 26.14, sse: 4854871.0 (0.041, 14.3, 0.471), neg: 476 (%0.007:%0.02), avgs: 64
373: dt: 8.13, sse: 4852582.5 (0.041, 14.2, 0.471), neg: 487 (%0.007:%0.02), avgs: 16
374: dt: 9.47, sse: 4851508.5 (0.041, 14.3, 0.471), neg: 501 (%0.008:%0.02), avgs: 16
375: dt: 6.65, sse: 4847351.5 (0.041, 14.4, 0.471), neg: 562 (%0.010:%0.02), avgs: 4
376: dt: 3.78, sse: 4846018.5 (0.041, 14.4, 0.471), neg: 576 (%0.011:%0.02), avgs: 4
377: dt: 1.45, sse: 4845648.0 (0.041, 14.4, 0.471), neg: 590 (%0.011:%0.03), avgs: 4
378: dt: 3.76, sse: 4843330.5 (0.041, 14.7, 0.471), neg: 701 (%0.016:%0.03), avgs: 1
379: dt: 0.00, sse: 4843330.5 (0.041, 14.7, 0.471), neg: 701 (%0.016:%0.03), avgs: 1
380: dt: 1.51, sse: 4834182.5 (0.041, 15.1, 0.470), neg: 825 (%0.025:%0.04), avgs: 0
381: dt: 0.20, sse: 4833873.0 (0.040, 15.1, 0.470), neg: 820 (%0.018:%0.04), avgs: 0
382: dt: 0.71, sse: 4833590.0 (0.040, 15.1, 0.470), neg: 846 (%0.016:%0.04), avgs: 0
pass 0: epoch 3 of 3 starting distance error %12.60
tol=2.0e-01, sigma=0.0, host=surly, nav=1024, nbrs=2, l_nlarea=0.100, l_dist=1.000
using quadratic fit line minimization
nlarea/dist = 0.100
383: dt: 1584.75, sse: 4809557.5 (0.042, 14.9, 0.469), neg: 855 (%0.016:%0.04), avgs: 1024
384: dt: 271.89, sse: 4798906.5 (0.041, 15.1, 0.469), neg: 852 (%0.016:%0.04), avgs: 1024
385: dt: 337.70, sse: 4795203.5 (0.042, 15.0, 0.469), neg: 853 (%0.016:%0.04), avgs: 1024
386: dt: 29.94, sse: 4794215.5 (0.041, 15.1, 0.469), neg: 853 (%0.016:%0.04), avgs: 256
387: dt: 30.70, sse: 4793498.5 (0.041, 15.1, 0.469), neg: 859 (%0.017:%0.04), avgs: 64
388: dt: 9.18, sse: 4792920.0 (0.041, 15.1, 0.469), neg: 882 (%0.018:%0.04), avgs: 16
389: dt: 4.00, sse: 4792246.0 (0.041, 15.1, 0.469), neg: 921 (%0.021:%0.05), avgs: 4
390: dt: 12.27, sse: 4791412.0 (0.042, 15.3, 0.469), neg: 1003 (%0.029:%0.06), avgs: 4
391: dt: 1.52, sse: 4790981.0 (0.042, 15.3, 0.469), neg: 1020 (%0.029:%0.06), avgs: 4
392: dt: 1.52, sse: 4790442.0 (0.042, 15.3, 0.469), neg: 1051 (%0.031:%0.06), avgs: 1
393: dt: 1.85, sse: 4790047.5 (0.042, 15.3, 0.469), neg: 1087 (%0.034:%0.07), avgs: 1
394: dt: 1.75, sse: 4788390.0 (0.042, 15.8, 0.468), neg: 1277 (%0.043:%0.08), avgs: 0
395: dt: 1.39, sse: 4788061.5 (0.043, 16.0, 0.468), neg: 1379 (%0.049:%0.09), avgs: 0
396: dt: 2.25, sse: 4787645.0 (0.043, 16.2, 0.468), neg: 1523 (%0.057:%0.11), avgs: 0
397: dt: 3.16, sse: 4786987.5 (0.043, 16.2, 0.468), neg: 1610 (%0.065:%0.12), avgs: 0
398: dt: 3.27, sse: 4786258.0 (0.043, 16.3, 0.468), neg: 1642 (%0.071:%0.12), avgs: 0
399: dt: 3.19, sse: 4785452.0 (0.043, 16.3, 0.468), neg: 1668 (%0.076:%0.13), avgs: 0
400: dt: 2.04, sse: 4785073.0 (0.043, 16.3, 0.468), neg: 1686 (%0.079:%0.13), avgs: 0
401: dt: 2.01, sse: 4784390.0 (0.043, 16.3, 0.468), neg: 1691 (%0.081:%0.13), avgs: 0
402: dt: 1.20, sse: 4783847.0 (0.043, 16.3, 0.468), neg: 1706 (%0.083:%0.13), avgs: 0
403: dt: 3.03, sse: 4782908.5 (0.043, 16.4, 0.468), neg: 1739 (%0.087:%0.14), avgs: 0
404: dt: 0.98, sse: 4782396.5 (0.043, 16.4, 0.468), neg: 1746 (%0.089:%0.14), avgs: 0
405: dt: 3.04, sse: 4781377.5 (0.043, 16.4, 0.468), neg: 1760 (%0.094:%0.14), avgs: 0
406: dt: 4.40, sse: 4780620.5 (0.043, 16.4, 0.468), neg: 1796 (%0.101:%0.15), avgs: 0
407: dt: 1.48, sse: 4779412.0 (0.043, 16.4, 0.468), neg: 1799 (%0.101:%0.15), avgs: 0
408: dt: 1.89, sse: 4778893.5 (0.043, 16.4, 0.468), neg: 1815 (%0.104:%0.15), avgs: 0
409: dt: 1.52, sse: 4778051.0 (0.043, 16.4, 0.468), neg: 1827 (%0.106:%0.15), avgs: 0
410: dt: 1.89, sse: 4777487.5 (0.043, 16.4, 0.468), neg: 1843 (%0.109:%0.16), avgs: 0
411: dt: 1.87, sse: 4776691.5 (0.043, 16.4, 0.468), neg: 1863 (%0.112:%0.16), avgs: 0
412: dt: 1.85, sse: 4776187.5 (0.043, 16.5, 0.468), neg: 1887 (%0.115:%0.16), avgs: 0
413: dt: 1.83, sse: 4775374.0 (0.043, 16.5, 0.468), neg: 1891 (%0.118:%0.16), avgs: 0
414: dt: 1.35, sse: 4774807.5 (0.043, 16.5, 0.468), neg: 1896 (%0.120:%0.17), avgs: 0
415: dt: 2.77, sse: 4773931.0 (0.043, 16.5, 0.468), neg: 1929 (%0.124:%0.17), avgs: 0
416: dt: 0.89, sse: 4773275.5 (0.043, 16.5, 0.468), neg: 1932 (%0.125:%0.17), avgs: 0
417: dt: 15.77, sse: 4769379.5 (0.044, 16.6, 0.468), neg: 2039 (%0.163:%0.20), avgs: 0
418: dt: 1.38, sse: 4767764.5 (0.044, 16.6, 0.467), neg: 2035 (%0.152:%0.19), avgs: 0
419: dt: 2.15, sse: 4766920.0 (0.044, 16.6, 0.467), neg: 2037 (%0.153:%0.19), avgs: 0
420: dt: 1.19, sse: 4766484.5 (0.044, 16.6, 0.467), neg: 2040 (%0.154:%0.19), avgs: 0
421: dt: 2.72, sse: 4765734.0 (0.044, 16.6, 0.467), neg: 2058 (%0.158:%0.20), avgs: 0
422: dt: 1.26, sse: 4765343.5 (0.044, 16.6, 0.467), neg: 2065 (%0.159:%0.20), avgs: 0
423: dt: 2.73, sse: 4764652.5 (0.044, 16.6, 0.467), neg: 2082 (%0.162:%0.20), avgs: 0
424: dt: 1.27, sse: 4764262.0 (0.044, 16.6, 0.467), neg: 2087 (%0.164:%0.20), avgs: 0
425: dt: 2.72, sse: 4763589.5 (0.044, 16.6, 0.467), neg: 2096 (%0.167:%0.20), avgs: 0
426: dt: 1.78, sse: 4763229.0 (0.044, 16.6, 0.467), neg: 2114 (%0.169:%0.21), avgs: 0
427: dt: 1.77, sse: 4762649.0 (0.044, 16.7, 0.467), neg: 2126 (%0.171:%0.21), avgs: 0
428: dt: 0.88, sse: 4762275.0 (0.044, 16.7, 0.467), neg: 2133 (%0.173:%0.21), avgs: 0
429: dt: 19.22, sse: 4758680.0 (0.044, 16.8, 0.467), neg: 2274 (%0.206:%0.24), avgs: 0
430: dt: 1.44, sse: 4757408.0 (0.044, 16.8, 0.467), neg: 2273 (%0.198:%0.24), avgs: 0
431: dt: 2.56, sse: 4756804.5 (0.044, 16.8, 0.467), neg: 2292 (%0.200:%0.24), avgs: 0
432: dt: 0.89, sse: 4756436.0 (0.044, 16.8, 0.467), neg: 2300 (%0.201:%0.24), avgs: 0
433: dt: 18.36, sse: 4753885.5 (0.045, 16.9, 0.467), neg: 2403 (%0.231:%0.26), avgs: 0
starting distance error %12.52
nlarea/dist = 1000000.000
434: dt: 70.93, sse: 8960.7 (0.043, 16.8, 0.111), neg: 2027 (%0.075:%0.18), avgs: 32
435: dt: 427.84, sse: 8902.6 (0.042, 17.2, 0.114), neg: 1551 (%0.043:%0.11), avgs: 32
436: dt: 215.76, sse: 8886.3 (0.041, 17.2, 0.114), neg: 1444 (%0.035:%0.09), avgs: 32
437: dt: 414.30, sse: 8869.9 (0.040, 17.5, 0.116), neg: 1409 (%0.035:%0.09), avgs: 32
438: dt: 73.18, sse: 8864.6 (0.040, 17.5, 0.116), neg: 1387 (%0.033:%0.09), avgs: 32
439: dt: 433.41, sse: 8855.9 (0.040, 17.8, 0.118), neg: 1328 (%0.030:%0.08), avgs: 32
440: dt: 288.00, sse: 8847.0 (0.040, 17.9, 0.119), neg: 1329 (%0.031:%0.08), avgs: 32
441: dt: 79.64, sse: 8843.9 (0.040, 17.9, 0.119), neg: 1303 (%0.030:%0.08), avgs: 32
442: dt: 382.34, sse: 8839.2 (0.040, 18.1, 0.121), neg: 1301 (%0.028:%0.08), avgs: 32
443: dt: 80.56, sse: 8837.1 (0.039, 18.2, 0.121), neg: 1292 (%0.028:%0.08), avgs: 32
444: dt: 358.40, sse: 8835.1 (0.040, 18.4, 0.123), neg: 1301 (%0.029:%0.08), avgs: 32
445: dt: 0.00, sse: 8835.1 (0.040, 18.4, 0.123), neg: 1301 (%0.029:%0.08), avgs: 32
446: dt: 144.48, sse: 8798.7 (0.041, 18.5, 0.126), neg: 1256 (%0.045:%0.10), avgs: 8
447: dt: 10.29, sse: 8785.0 (0.041, 18.5, 0.126), neg: 1153 (%0.029:%0.08), avgs: 8
448: dt: 4.16, sse: 8781.2 (0.041, 18.5, 0.126), neg: 1111 (%0.023:%0.07), avgs: 8
449: dt: 23.41, sse: 8776.6 (0.040, 18.5, 0.126), neg: 1068 (%0.022:%0.06), avgs: 8
450: dt: 4.80, sse: 8776.2 (0.040, 18.5, 0.126), neg: 1052 (%0.021:%0.06), avgs: 8
451: dt: 4.86, sse: 8775.9 (0.040, 18.5, 0.126), neg: 1052 (%0.021:%0.06), avgs: 8
452: dt: 4.90, sse: 8775.8 (0.040, 18.5, 0.126), neg: 1052 (%0.021:%0.06), avgs: 8
453: dt: 4.93, sse: 8775.7 (0.040, 18.5, 0.126), neg: 1054 (%0.021:%0.06), avgs: 8
454: dt: 4.94, sse: 8775.6 (0.040, 18.5, 0.126), neg: 1054 (%0.021:%0.06), avgs: 8
455: dt: 38.74, sse: 8683.7 (0.041, 18.2, 0.127), neg: 899 (%0.040:%0.08), avgs: 2
456: dt: 2.29, sse: 8669.4 (0.040, 18.1, 0.127), neg: 781 (%0.021:%0.05), avgs: 2
457: dt: 4.76, sse: 8659.3 (0.040, 18.0, 0.126), neg: 697 (%0.014:%0.04), avgs: 2
458: dt: 3.18, sse: 8654.9 (0.039, 18.0, 0.126), neg: 656 (%0.010:%0.03), avgs: 2
459: dt: 3.60, sse: 8651.8 (0.039, 18.0, 0.126), neg: 622 (%0.008:%0.02), avgs: 2
460: dt: 31.82, sse: 8642.2 (0.039, 17.9, 0.126), neg: 575 (%0.007:%0.02), avgs: 2
461: dt: 4.44, sse: 8638.2 (0.039, 17.9, 0.126), neg: 546 (%0.006:%0.02), avgs: 2
462: dt: 20.01, sse: 8630.3 (0.039, 17.8, 0.126), neg: 524 (%0.009:%0.02), avgs: 2
463: dt: 3.44, sse: 8626.4 (0.039, 17.8, 0.126), neg: 494 (%0.005:%0.02), avgs: 2
464: dt: 30.95, sse: 8621.1 (0.039, 17.8, 0.126), neg: 491 (%0.007:%0.02), avgs: 2
465: dt: 5.55, sse: 8617.6 (0.038, 17.8, 0.126), neg: 460 (%0.005:%0.01), avgs: 2
466: dt: 6.62, sse: 8615.2 (0.038, 17.8, 0.126), neg: 441 (%0.004:%0.01), avgs: 2
467: dt: 16.00, sse: 8613.2 (0.038, 17.8, 0.126), neg: 447 (%0.006:%0.02), avgs: 2
468: dt: 4.47, sse: 8611.0 (0.038, 17.7, 0.126), neg: 424 (%0.004:%0.01), avgs: 2
469: dt: 8.89, sse: 8609.7 (0.038, 17.7, 0.126), neg: 419 (%0.004:%0.01), avgs: 2
470: dt: 7.39, sse: 8608.2 (0.038, 17.7, 0.126), neg: 412 (%0.004:%0.01), avgs: 2
471: dt: 35.87, sse: 8605.4 (0.038, 17.7, 0.126), neg: 416 (%0.007:%0.02), avgs: 2
472: dt: 2.69, sse: 8602.6 (0.038, 17.7, 0.126), neg: 384 (%0.004:%0.01), avgs: 2
473: dt: 8.00, sse: 8601.5 (0.038, 17.7, 0.126), neg: 382 (%0.004:%0.01), avgs: 2
474: dt: 9.00, sse: 8600.3 (0.038, 17.7, 0.126), neg: 369 (%0.004:%0.01), avgs: 2
475: dt: 8.41, sse: 8599.3 (0.038, 17.7, 0.126), neg: 365 (%0.004:%0.01), avgs: 2
476: dt: 57.16, sse: 8596.1 (0.039, 17.7, 0.127), neg: 368 (%0.007:%0.01), avgs: 2
477: dt: 2.59, sse: 8593.3 (0.038, 17.7, 0.127), neg: 347 (%0.003:%0.01), avgs: 2
478: dt: 9.15, sse: 8592.3 (0.038, 17.7, 0.127), neg: 346 (%0.003:%0.01), avgs: 2
479: dt: 31.27, sse: 8590.7 (0.038, 17.7, 0.127), neg: 344 (%0.003:%0.01), avgs: 2
480: dt: 6.02, sse: 8589.6 (0.038, 17.7, 0.127), neg: 335 (%0.003:%0.01), avgs: 2
481: dt: 9.67, sse: 8588.8 (0.038, 17.7, 0.127), neg: 330 (%0.003:%0.01), avgs: 2
482: dt: 11.33, sse: 8588.0 (0.038, 17.7, 0.127), neg: 327 (%0.003:%0.01), avgs: 2
483: dt: 9.89, sse: 8587.4 (0.038, 17.7, 0.127), neg: 323 (%0.003:%0.01), avgs: 2
484: dt: 9.98, sse: 8586.7 (0.038, 17.7, 0.127), neg: 321 (%0.003:%0.01), avgs: 2
485: dt: 10.07, sse: 8586.1 (0.038, 17.7, 0.127), neg: 319 (%0.003:%0.01), avgs: 2
486: dt: 10.15, sse: 8585.5 (0.039, 17.7, 0.127), neg: 317 (%0.003:%0.01), avgs: 2
487: dt: 10.22, sse: 8585.0 (0.039, 17.8, 0.127), neg: 313 (%0.003:%0.01), avgs: 2
488: dt: 10.28, sse: 8584.4 (0.039, 17.8, 0.127), neg: 316 (%0.003:%0.01), avgs: 2
489: dt: 10.33, sse: 8583.9 (0.039, 17.8, 0.127), neg: 312 (%0.003:%0.01), avgs: 2
490: dt: 10.38, sse: 8583.3 (0.039, 17.8, 0.128), neg: 310 (%0.003:%0.01), avgs: 2
491: dt: 6.94, sse: 8582.8 (0.039, 17.8, 0.128), neg: 308 (%0.002:%0.01), avgs: 2
492: dt: 24.00, sse: 8581.9 (0.039, 17.8, 0.128), neg: 304 (%0.002:%0.01), avgs: 2
493: dt: 3.44, sse: 8581.4 (0.039, 17.8, 0.128), neg: 304 (%0.002:%0.01), avgs: 2
494: dt: 11.04, sse: 8580.9 (0.039, 17.8, 0.128), neg: 307 (%0.002:%0.01), avgs: 2
495: dt: 6.41, sse: 8556.1 (0.039, 17.6, 0.128), neg: 287 (%0.003:%0.01), avgs: 0
496: dt: 0.49, sse: 8553.5 (0.039, 17.6, 0.128), neg: 257 (%0.002:%0.00), avgs: 0
497: dt: 0.32, sse: 8553.1 (0.039, 17.6, 0.128), neg: 252 (%0.002:%0.00), avgs: 0
498: dt: 0.07, sse: 8553.1 (0.039, 17.6, 0.128), neg: 252 (%0.002:%0.00), avgs: 0
nlarea/dist = 100000.000
499: dt: 384.00, sse: 8551.7 (0.039, 17.5, 0.127), neg: 254 (%0.002:%0.00), avgs: 32
500: dt: 607.29, sse: 8547.8 (0.038, 17.5, 0.127), neg: 255 (%0.002:%0.00), avgs: 32
501: dt: 149.20, sse: 8545.0 (0.038, 17.5, 0.127), neg: 254 (%0.002:%0.00), avgs: 32
502: dt: 168.70, sse: 8543.3 (0.038, 17.5, 0.127), neg: 254 (%0.002:%0.00), avgs: 32
503: dt: 1552.79, sse: 8535.9 (0.038, 17.5, 0.127), neg: 297 (%0.003:%0.02), avgs: 32
504: dt: 57.97, sse: 8530.4 (0.038, 17.5, 0.126), neg: 259 (%0.002:%0.01), avgs: 32
505: dt: 166.54, sse: 8528.7 (0.038, 17.5, 0.126), neg: 259 (%0.002:%0.01), avgs: 32
506: dt: 795.57, sse: 8525.6 (0.038, 17.5, 0.127), neg: 273 (%0.002:%0.01), avgs: 32
507: dt: 147.35, sse: 8524.0 (0.038, 17.5, 0.127), neg: 274 (%0.002:%0.01), avgs: 32
508: dt: 153.99, sse: 8523.7 (0.038, 17.5, 0.127), neg: 277 (%0.003:%0.01), avgs: 32
509: dt: 153.05, sse: 8523.5 (0.038, 17.5, 0.127), neg: 281 (%0.003:%0.01), avgs: 32
510: dt: 15.01, sse: 8523.5 (0.038, 17.5, 0.127), neg: 281 (%0.003:%0.01), avgs: 32
511: dt: 10.91, sse: 8523.1 (0.038, 17.5, 0.127), neg: 284 (%0.003:%0.01), avgs: 8
512: dt: 10.91, sse: 8522.9 (0.038, 17.5, 0.127), neg: 289 (%0.003:%0.01), avgs: 8
513: dt: 10.88, sse: 8522.7 (0.038, 17.5, 0.127), neg: 293 (%0.003:%0.01), avgs: 8
514: dt: 40.00, sse: 8522.6 (0.039, 17.6, 0.127), neg: 305 (%0.004:%0.01), avgs: 8
515: dt: 10.59, sse: 8522.6 (0.039, 17.6, 0.127), neg: 308 (%0.004:%0.01), avgs: 8
516: dt: 8.24, sse: 8519.9 (0.038, 17.5, 0.127), neg: 285 (%0.003:%0.01), avgs: 2
517: dt: 8.07, sse: 8518.3 (0.038, 17.5, 0.127), neg: 269 (%0.002:%0.01), avgs: 2
518: dt: 8.72, sse: 8517.2 (0.038, 17.5, 0.127), neg: 264 (%0.002:%0.01), avgs: 2
519: dt: 6.07, sse: 8516.3 (0.038, 17.5, 0.127), neg: 247 (%0.002:%0.00), avgs: 2
520: dt: 9.55, sse: 8515.7 (0.038, 17.5, 0.127), neg: 252 (%0.002:%0.01), avgs: 2
521: dt: 5.11, sse: 8514.9 (0.038, 17.5, 0.127), neg: 249 (%0.002:%0.00), avgs: 2
522: dt: 10.27, sse: 8514.3 (0.038, 17.5, 0.127), neg: 248 (%0.002:%0.01), avgs: 2
523: dt: 6.98, sse: 8513.7 (0.038, 17.5, 0.127), neg: 247 (%0.002:%0.00), avgs: 2
524: dt: 7.18, sse: 8513.2 (0.038, 17.5, 0.127), neg: 245 (%0.002:%0.00), avgs: 2
525: dt: 7.39, sse: 8512.7 (0.038, 17.5, 0.127), neg: 245 (%0.002:%0.00), avgs: 2
526: dt: 11.41, sse: 8512.2 (0.039, 17.5, 0.127), neg: 244 (%0.002:%0.00), avgs: 2
527: dt: 7.72, sse: 8511.7 (0.039, 17.5, 0.127), neg: 244 (%0.002:%0.00), avgs: 2
528: dt: 7.92, sse: 8511.3 (0.039, 17.5, 0.127), neg: 242 (%0.002:%0.00), avgs: 2
529: dt: 12.15, sse: 8510.8 (0.039, 17.5, 0.127), neg: 241 (%0.002:%0.00), avgs: 2
530: dt: 8.15, sse: 8510.5 (0.039, 17.5, 0.127), neg: 238 (%0.001:%0.00), avgs: 2
531: dt: 8.33, sse: 8510.1 (0.039, 17.4, 0.127), neg: 239 (%0.001:%0.00), avgs: 2
532: dt: 12.78, sse: 8509.7 (0.039, 17.4, 0.127), neg: 237 (%0.001:%0.00), avgs: 2
533: dt: 8.56, sse: 8509.3 (0.039, 17.4, 0.127), neg: 239 (%0.001:%0.00), avgs: 2
534: dt: 8.76, sse: 8509.0 (0.039, 17.4, 0.127), neg: 235 (%0.001:%0.00), avgs: 2
535: dt: 13.39, sse: 8508.6 (0.039, 17.4, 0.127), neg: 234 (%0.001:%0.00), avgs: 2
536: dt: 8.92, sse: 8508.3 (0.039, 17.4, 0.127), neg: 233 (%0.001:%0.00), avgs: 2
537: dt: 9.78, sse: 8507.9 (0.039, 17.4, 0.127), neg: 234 (%0.001:%0.00), avgs: 2
538: dt: 9.23, sse: 8507.6 (0.039, 17.4, 0.127), neg: 233 (%0.001:%0.00), avgs: 2
539: dt: 14.09, sse: 8507.3 (0.039, 17.4, 0.127), neg: 231 (%0.001:%0.00), avgs: 2
540: dt: 4.68, sse: 8507.0 (0.039, 17.4, 0.127), neg: 232 (%0.001:%0.00), avgs: 2
541: dt: 146.34, sse: 8504.9 (0.040, 17.4, 0.127), neg: 233 (%0.002:%0.01), avgs: 2
542: dt: 1.39, sse: 8504.3 (0.040, 17.4, 0.127), neg: 224 (%0.001:%0.00), avgs: 2
543: dt: 4.98, sse: 8503.6 (0.040, 17.4, 0.127), neg: 220 (%0.001:%0.00), avgs: 2
544: dt: 10.79, sse: 8503.4 (0.040, 17.4, 0.127), neg: 221 (%0.001:%0.00), avgs: 2
545: dt: 10.96, sse: 8503.1 (0.040, 17.4, 0.127), neg: 219 (%0.001:%0.00), avgs: 2
546: dt: 11.02, sse: 8502.8 (0.040, 17.4, 0.127), neg: 219 (%0.001:%0.00), avgs: 2
547: dt: 11.09, sse: 8502.6 (0.040, 17.4, 0.127), neg: 217 (%0.001:%0.00), avgs: 2
548: dt: 11.13, sse: 8502.4 (0.040, 17.4, 0.127), neg: 215 (%0.001:%0.00), avgs: 2
549: dt: 11.19, sse: 8502.2 (0.040, 17.4, 0.127), neg: 215 (%0.001:%0.00), avgs: 2
550: dt: 11.23, sse: 8501.9 (0.040, 17.4, 0.127), neg: 215 (%0.001:%0.00), avgs: 2
551: dt: 11.28, sse: 8501.8 (0.040, 17.4, 0.127), neg: 215 (%0.001:%0.00), avgs: 2
552: dt: 11.32, sse: 8501.5 (0.040, 17.4, 0.127), neg: 215 (%0.001:%0.00), avgs: 2
553: dt: 11.38, sse: 8501.4 (0.040, 17.4, 0.127), neg: 216 (%0.001:%0.00), avgs: 2
554: dt: 11.41, sse: 8501.1 (0.040, 17.4, 0.127), neg: 216 (%0.001:%0.00), avgs: 2
555: dt: 5.73, sse: 8501.0 (0.040, 17.4, 0.127), neg: 218 (%0.001:%0.00), avgs: 2
556: dt: 1.37, sse: 8500.6 (0.040, 17.4, 0.127), neg: 207 (%0.001:%0.00), avgs: 0
557: dt: 0.32, sse: 8500.6 (0.040, 17.4, 0.127), neg: 206 (%0.001:%0.00), avgs: 0
nlarea/dist = 1000.000
558: dt: 3022.57, sse: 8504.0 (0.038, 17.7, 0.129), neg: 242 (%0.004:%0.01), avgs: 32
559: dt: 197.82, sse: 8496.4 (0.037, 17.7, 0.128), neg: 224 (%0.002:%0.01), avgs: 32
560: dt: 384.00, sse: 8491.4 (0.037, 17.7, 0.128), neg: 223 (%0.002:%0.00), avgs: 32
561: dt: 215.83, sse: 8488.1 (0.037, 17.7, 0.128), neg: 231 (%0.002:%0.01), avgs: 32
562: dt: 352.00, sse: 8484.6 (0.037, 17.7, 0.128), neg: 233 (%0.003:%0.01), avgs: 32
563: dt: 230.45, sse: 8482.5 (0.036, 17.7, 0.128), neg: 247 (%0.003:%0.01), avgs: 32
564: dt: 233.84, sse: 8481.1 (0.036, 17.7, 0.128), neg: 250 (%0.005:%0.01), avgs: 32
565: dt: 232.19, sse: 8480.2 (0.036, 17.8, 0.129), neg: 256 (%0.007:%0.01), avgs: 32
566: dt: 153.01, sse: 8479.5 (0.036, 17.8, 0.129), neg: 256 (%0.007:%0.01), avgs: 32
567: dt: 22.86, sse: 8479.5 (0.036, 17.8, 0.129), neg: 257 (%0.008:%0.01), avgs: 32
568: dt: 17.69, sse: 8478.6 (0.037, 17.8, 0.129), neg: 257 (%0.007:%0.01), avgs: 8
569: dt: 17.91, sse: 8477.7 (0.036, 17.8, 0.129), neg: 259 (%0.006:%0.01), avgs: 8
570: dt: 12.31, sse: 8477.4 (0.036, 17.8, 0.129), neg: 256 (%0.006:%0.01), avgs: 8
571: dt: 18.60, sse: 8476.8 (0.036, 17.8, 0.129), neg: 264 (%0.006:%0.01), avgs: 8
572: dt: 18.53, sse: 8476.4 (0.036, 17.8, 0.129), neg: 258 (%0.005:%0.01), avgs: 8
573: dt: 18.30, sse: 8476.1 (0.036, 17.8, 0.129), neg: 261 (%0.005:%0.01), avgs: 8
574: dt: 18.07, sse: 8476.0 (0.036, 17.8, 0.129), neg: 260 (%0.005:%0.01), avgs: 8
575: dt: 17.72, sse: 8475.8 (0.036, 17.8, 0.129), neg: 259 (%0.005:%0.01), avgs: 8
576: dt: 0.00, sse: 8475.8 (0.036, 17.8, 0.129), neg: 259 (%0.005:%0.01), avgs: 8
577: dt: 13.73, sse: 8474.1 (0.037, 17.8, 0.129), neg: 250 (%0.003:%0.01), avgs: 2
578: dt: 2.00, sse: 8473.4 (0.037, 17.8, 0.129), neg: 240 (%0.003:%0.01), avgs: 2
579: dt: 10.36, sse: 8472.4 (0.036, 17.8, 0.129), neg: 231 (%0.002:%0.01), avgs: 2
580: dt: 11.08, sse: 8471.8 (0.036, 17.8, 0.129), neg: 228 (%0.002:%0.01), avgs: 2
581: dt: 11.45, sse: 8471.0 (0.036, 17.8, 0.129), neg: 219 (%0.001:%0.00), avgs: 2
582: dt: 11.82, sse: 8470.6 (0.036, 17.8, 0.129), neg: 214 (%0.001:%0.00), avgs: 2
583: dt: 18.38, sse: 8469.9 (0.036, 17.8, 0.129), neg: 211 (%0.001:%0.00), avgs: 2
584: dt: 18.81, sse: 8469.4 (0.036, 17.8, 0.129), neg: 212 (%0.001:%0.00), avgs: 2
585: dt: 19.16, sse: 8469.0 (0.036, 17.8, 0.129), neg: 211 (%0.001:%0.00), avgs: 2
586: dt: 12.77, sse: 8468.7 (0.036, 17.8, 0.129), neg: 208 (%0.001:%0.00), avgs: 2
587: dt: 13.14, sse: 8468.3 (0.036, 17.8, 0.129), neg: 207 (%0.001:%0.00), avgs: 2
588: dt: 13.31, sse: 8468.0 (0.036, 17.8, 0.129), neg: 206 (%0.001:%0.00), avgs: 2
589: dt: 13.44, sse: 8467.8 (0.036, 17.8, 0.129), neg: 207 (%0.001:%0.00), avgs: 2
590: dt: 13.54, sse: 8467.5 (0.036, 17.8, 0.129), neg: 206 (%0.001:%0.00), avgs: 2
591: dt: 20.47, sse: 8467.2 (0.036, 17.8, 0.129), neg: 203 (%0.001:%0.00), avgs: 2
592: dt: 6.67, sse: 8467.0 (0.036, 17.8, 0.129), neg: 202 (%0.001:%0.00), avgs: 2
593: dt: 140.89, sse: 8465.4 (0.037, 17.9, 0.130), neg: 200 (%0.002:%0.00), avgs: 2
594: dt: 1.75, sse: 8464.6 (0.036, 17.9, 0.130), neg: 195 (%0.001:%0.00), avgs: 2
595: dt: 13.81, sse: 8464.2 (0.036, 17.9, 0.130), neg: 195 (%0.001:%0.00), avgs: 2
596: dt: 7.09, sse: 8464.0 (0.036, 17.9, 0.130), neg: 194 (%0.001:%0.00), avgs: 2
597: dt: 74.02, sse: 8463.3 (0.036, 17.9, 0.130), neg: 191 (%0.001:%0.00), avgs: 2
598: dt: 7.27, sse: 8462.9 (0.036, 17.9, 0.130), neg: 190 (%0.001:%0.00), avgs: 2
599: dt: 14.75, sse: 8462.8 (0.036, 17.9, 0.130), neg: 190 (%0.001:%0.00), avgs: 2
600: dt: 14.86, sse: 8462.5 (0.036, 17.9, 0.130), neg: 190 (%0.001:%0.00), avgs: 2
601: dt: 7.37, sse: 8462.4 (0.036, 17.9, 0.130), neg: 190 (%0.001:%0.00), avgs: 2
602: dt: 97.52, sse: 8461.8 (0.036, 17.9, 0.130), neg: 192 (%0.001:%0.00), avgs: 2
603: dt: 1.98, sse: 8461.3 (0.036, 17.9, 0.130), neg: 188 (%0.001:%0.00), avgs: 2
604: dt: 2.17, sse: 8461.2 (0.036, 17.9, 0.130), neg: 188 (%0.001:%0.00), avgs: 2
605: dt: 7.44, sse: 8461.1 (0.036, 17.9, 0.130), neg: 187 (%0.001:%0.00), avgs: 2
606: dt: 23.11, sse: 8460.8 (0.036, 17.9, 0.131), neg: 187 (%0.001:%0.00), avgs: 2
607: dt: 9.14, sse: 8460.7 (0.036, 17.9, 0.131), neg: 187 (%0.001:%0.00), avgs: 2
608: dt: 23.19, sse: 8460.4 (0.036, 17.9, 0.131), neg: 187 (%0.001:%0.00), avgs: 2
609: dt: 7.57, sse: 8460.3 (0.036, 17.9, 0.131), neg: 187 (%0.001:%0.00), avgs: 2
610: dt: 23.38, sse: 8460.0 (0.036, 17.9, 0.131), neg: 188 (%0.001:%0.00), avgs: 2
611: dt: 7.68, sse: 8459.9 (0.036, 17.9, 0.131), neg: 188 (%0.001:%0.00), avgs: 2
612: dt: 78.34, sse: 8459.3 (0.037, 17.9, 0.131), neg: 186 (%0.001:%0.00), avgs: 2
613: dt: 2.15, sse: 8459.1 (0.037, 17.9, 0.131), neg: 185 (%0.001:%0.00), avgs: 2
614: dt: 2.50, sse: 8459.0 (0.037, 17.9, 0.131), neg: 185 (%0.001:%0.00), avgs: 2
615: dt: 7.74, sse: 8458.9 (0.037, 17.9, 0.131), neg: 185 (%0.001:%0.00), avgs: 2
616: dt: 79.16, sse: 8458.3 (0.037, 18.0, 0.131), neg: 183 (%0.001:%0.00), avgs: 2
617: dt: 1.13, sse: 8457.8 (0.037, 18.0, 0.131), neg: 177 (%0.001:%0.00), avgs: 0
618: dt: 0.44, sse: 8457.5 (0.037, 18.0, 0.131), neg: 174 (%0.001:%0.00), avgs: 0
619: dt: 4.81, sse: 8456.8 (0.037, 17.9, 0.131), neg: 164 (%0.001:%0.00), avgs: 0
620: dt: 0.64, sse: 8456.5 (0.037, 17.9, 0.131), neg: 162 (%0.001:%0.00), avgs: 0
621: dt: 0.73, sse: 8456.3 (0.037, 17.9, 0.131), neg: 161 (%0.001:%0.00), avgs: 0
622: dt: 7.89, sse: 8455.6 (0.037, 17.9, 0.131), neg: 157 (%0.001:%0.00), avgs: 0
623: dt: 0.49, sse: 8455.3 (0.037, 17.9, 0.131), neg: 154 (%0.001:%0.00), avgs: 0
624: dt: 0.85, sse: 8455.2 (0.037, 17.9, 0.131), neg: 154 (%0.001:%0.00), avgs: 0
625: dt: 3.22, sse: 8455.0 (0.037, 17.9, 0.131), neg: 154 (%0.001:%0.00), avgs: 0
626: dt: 0.35, sse: 8454.9 (0.037, 17.9, 0.131), neg: 153 (%0.001:%0.00), avgs: 0
627: dt: 1.10, sse: 8454.9 (0.037, 17.9, 0.131), neg: 154 (%0.001:%0.00), avgs: 0
628: dt: 7.61, sse: 8454.6 (0.037, 17.9, 0.131), neg: 157 (%0.001:%0.00), avgs: 0
629: dt: 0.36, sse: 8454.3 (0.037, 17.9, 0.131), neg: 153 (%0.001:%0.00), avgs: 0
630: dt: 0.40, sse: 8454.3 (0.037, 17.9, 0.131), neg: 153 (%0.001:%0.00), avgs: 0
nlarea/dist = 100.000
631: dt: 8760.89, sse: 8644.8 (0.036, 18.3, 0.133), neg: 159 (%0.001:%0.00), avgs: 32
632: dt: 245.76, sse: 8620.6 (0.035, 18.1, 0.132), neg: 158 (%0.001:%0.00), avgs: 32
633: dt: 194.56, sse: 8612.0 (0.035, 18.1, 0.132), neg: 157 (%0.001:%0.00), avgs: 32
634: dt: 216.33, sse: 8607.7 (0.035, 18.1, 0.132), neg: 159 (%0.001:%0.00), avgs: 32
635: dt: 249.20, sse: 8604.1 (0.035, 18.1, 0.131), neg: 166 (%0.001:%0.00), avgs: 32
636: dt: 263.70, sse: 8601.9 (0.035, 18.1, 0.131), neg: 176 (%0.002:%0.01), avgs: 32
637: dt: 160.00, sse: 8599.5 (0.035, 18.1, 0.131), neg: 173 (%0.002:%0.01), avgs: 32
638: dt: 181.75, sse: 8597.8 (0.035, 18.1, 0.131), neg: 173 (%0.002:%0.01), avgs: 32
639: dt: 134.74, sse: 8597.0 (0.035, 18.1, 0.131), neg: 176 (%0.002:%0.01), avgs: 32
640: dt: 285.75, sse: 8595.4 (0.035, 18.1, 0.131), neg: 198 (%0.002:%0.01), avgs: 32
641: dt: 27.56, sse: 8595.3 (0.035, 18.1, 0.131), neg: 200 (%0.003:%0.01), avgs: 32
642: dt: 22.35, sse: 8594.9 (0.035, 18.1, 0.131), neg: 195 (%0.003:%0.01), avgs: 8
643: dt: 22.31, sse: 8594.4 (0.035, 18.1, 0.131), neg: 212 (%0.003:%0.01), avgs: 8
644: dt: 7.45, sse: 8594.4 (0.035, 18.1, 0.131), neg: 213 (%0.003:%0.01), avgs: 8
645: dt: 10.70, sse: 8592.9 (0.035, 18.1, 0.131), neg: 195 (%0.003:%0.01), avgs: 2
646: dt: 12.08, sse: 8591.8 (0.035, 18.1, 0.131), neg: 185 (%0.002:%0.01), avgs: 2
647: dt: 6.22, sse: 8590.6 (0.035, 18.1, 0.131), neg: 176 (%0.002:%0.01), avgs: 2
648: dt: 20.77, sse: 8589.3 (0.035, 18.1, 0.131), neg: 181 (%0.002:%0.01), avgs: 2
649: dt: 7.25, sse: 8588.5 (0.035, 18.1, 0.131), neg: 177 (%0.001:%0.01), avgs: 2
650: dt: 7.63, sse: 8587.9 (0.035, 18.1, 0.131), neg: 165 (%0.001:%0.00), avgs: 2
651: dt: 23.80, sse: 8586.5 (0.034, 18.0, 0.131), neg: 163 (%0.001:%0.00), avgs: 2
652: dt: 7.83, sse: 8585.9 (0.034, 18.0, 0.130), neg: 158 (%0.001:%0.00), avgs: 2
653: dt: 82.56, sse: 8583.3 (0.034, 18.0, 0.130), neg: 154 (%0.002:%0.00), avgs: 2
654: dt: 2.28, sse: 8582.6 (0.034, 18.0, 0.130), neg: 149 (%0.001:%0.00), avgs: 2
655: dt: 16.96, sse: 8581.7 (0.034, 18.0, 0.130), neg: 144 (%0.001:%0.00), avgs: 2
656: dt: 26.62, sse: 8580.8 (0.034, 18.0, 0.130), neg: 148 (%0.001:%0.00), avgs: 2
657: dt: 26.80, sse: 8579.8 (0.034, 18.0, 0.130), neg: 143 (%0.001:%0.00), avgs: 2
658: dt: 27.09, sse: 8579.1 (0.034, 18.0, 0.130), neg: 140 (%0.001:%0.00), avgs: 2
659: dt: 18.30, sse: 8578.5 (0.034, 18.0, 0.130), neg: 139 (%0.001:%0.00), avgs: 2
660: dt: 28.06, sse: 8577.9 (0.034, 18.0, 0.130), neg: 137 (%0.001:%0.00), avgs: 2
661: dt: 18.70, sse: 8577.4 (0.034, 18.0, 0.130), neg: 137 (%0.001:%0.00), avgs: 2
662: dt: 28.60, sse: 8576.9 (0.033, 18.0, 0.130), neg: 136 (%0.001:%0.00), avgs: 2
663: dt: 20.57, sse: 8576.4 (0.033, 18.0, 0.130), neg: 134 (%0.001:%0.00), avgs: 2
664: dt: 18.82, sse: 8576.2 (0.033, 18.0, 0.130), neg: 133 (%0.001:%0.00), avgs: 2
665: dt: 9.27, sse: 8575.8 (0.033, 18.0, 0.130), neg: 132 (%0.001:%0.00), avgs: 2
666: dt: 9.73, sse: 8575.7 (0.033, 18.0, 0.130), neg: 133 (%0.001:%0.00), avgs: 2
667: dt: 100.46, sse: 8574.3 (0.033, 18.0, 0.130), neg: 132 (%0.001:%0.00), avgs: 2
668: dt: 3.50, sse: 8573.8 (0.033, 18.0, 0.130), neg: 132 (%0.001:%0.00), avgs: 2
669: dt: 9.72, sse: 8573.7 (0.033, 18.0, 0.130), neg: 132 (%0.001:%0.00), avgs: 2
670: dt: 30.26, sse: 8573.2 (0.033, 18.0, 0.130), neg: 131 (%0.001:%0.00), avgs: 2
671: dt: 2.91, sse: 8573.2 (0.033, 18.0, 0.130), neg: 131 (%0.001:%0.00), avgs: 2
672: dt: 9.96, sse: 8573.1 (0.033, 18.0, 0.130), neg: 131 (%0.001:%0.00), avgs: 2
673: dt: 30.61, sse: 8572.6 (0.033, 18.0, 0.130), neg: 130 (%0.001:%0.00), avgs: 2
674: dt: 2.96, sse: 8572.5 (0.033, 18.0, 0.130), neg: 130 (%0.001:%0.00), avgs: 2
675: dt: 10.11, sse: 8572.5 (0.033, 18.0, 0.130), neg: 130 (%0.001:%0.00), avgs: 2
676: dt: 30.85, sse: 8572.0 (0.033, 18.0, 0.130), neg: 129 (%0.001:%0.00), avgs: 2
677: dt: 3.56, sse: 8572.0 (0.033, 18.0, 0.130), neg: 129 (%0.001:%0.00), avgs: 2
678: dt: 20.44, sse: 8571.9 (0.033, 18.0, 0.130), neg: 130 (%0.001:%0.00), avgs: 2
679: dt: 18.67, sse: 8571.6 (0.033, 18.0, 0.130), neg: 129 (%0.001:%0.00), avgs: 2
680: dt: 2.89, sse: 8571.4 (0.033, 18.0, 0.130), neg: 128 (%0.001:%0.00), avgs: 2
681: dt: 3.00, sse: 8571.4 (0.033, 18.0, 0.130), neg: 128 (%0.001:%0.00), avgs: 2
682: dt: 10.18, sse: 8571.3 (0.033, 18.0, 0.130), neg: 128 (%0.001:%0.00), avgs: 2
683: dt: 31.17, sse: 8570.9 (0.033, 18.0, 0.130), neg: 129 (%0.001:%0.00), avgs: 2
684: dt: 6.00, sse: 8570.8 (0.033, 18.0, 0.130), neg: 129 (%0.001:%0.00), avgs: 2
685: dt: 5.81, sse: 8570.1 (0.033, 18.0, 0.130), neg: 124 (%0.001:%0.00), avgs: 0
686: dt: 0.83, sse: 8569.6 (0.033, 18.0, 0.130), neg: 119 (%0.000:%0.00), avgs: 0
687: dt: 0.76, sse: 8569.6 (0.033, 18.0, 0.130), neg: 120 (%0.000:%0.00), avgs: 0
688: dt: 1.32, sse: 8569.5 (0.033, 18.0, 0.130), neg: 120 (%0.000:%0.00), avgs: 0
689: dt: 0.99, sse: 8569.5 (0.033, 18.0, 0.130), neg: 119 (%0.000:%0.00), avgs: 0
690: dt: 1.55, sse: 8569.4 (0.033, 18.0, 0.130), neg: 119 (%0.000:%0.00), avgs: 0
691: dt: 0.53, sse: 8569.4 (0.033, 18.0, 0.130), neg: 118 (%0.000:%0.00), avgs: 0
692: dt: 1.64, sse: 8569.3 (0.033, 18.0, 0.130), neg: 116 (%0.000:%0.00), avgs: 0
693: dt: 1.67, sse: 8569.3 (0.033, 18.0, 0.130), neg: 116 (%0.000:%0.00), avgs: 0
694: dt: 0.56, sse: 8569.2 (0.033, 18.0, 0.130), neg: 116 (%0.000:%0.00), avgs: 0
695: dt: 17.20, sse: 8568.9 (0.033, 18.0, 0.130), neg: 119 (%0.001:%0.00), avgs: 0
696: dt: 0.00, sse: 8568.9 (0.033, 18.0, 0.130), neg: 119 (%0.001:%0.00), avgs: 0
nlarea/dist = 10.000
697: dt: 938.67, sse: 10794.0 (0.033, 18.0, 0.129), neg: 193 (%0.006:%0.02), avgs: 32
698: dt: 130.81, sse: 10782.7 (0.033, 17.9, 0.129), neg: 117 (%0.001:%0.00), avgs: 32
699: dt: 214.20, sse: 10778.0 (0.033, 17.9, 0.129), neg: 119 (%0.001:%0.00), avgs: 32
700: dt: 32.24, sse: 10777.9 (0.033, 17.9, 0.129), neg: 119 (%0.001:%0.00), avgs: 32
701: dt: 146.73, sse: 10772.7 (0.033, 17.9, 0.128), neg: 131 (%0.001:%0.00), avgs: 8
702: dt: 25.08, sse: 10768.4 (0.033, 17.9, 0.128), neg: 124 (%0.001:%0.00), avgs: 8
703: dt: 195.22, sse: 10757.6 (0.033, 17.9, 0.128), neg: 130 (%0.001:%0.00), avgs: 8
704: dt: 44.44, sse: 10751.2 (0.032, 17.9, 0.128), neg: 126 (%0.001:%0.00), avgs: 8
705: dt: 25.57, sse: 10750.2 (0.032, 17.9, 0.128), neg: 128 (%0.001:%0.00), avgs: 8
706: dt: 25.56, sse: 10749.9 (0.032, 17.9, 0.128), neg: 130 (%0.001:%0.00), avgs: 8
707: dt: 0.00, sse: 10749.9 (0.032, 17.9, 0.128), neg: 130 (%0.001:%0.00), avgs: 8
708: dt: 21.32, sse: 10746.5 (0.032, 17.9, 0.128), neg: 134 (%0.001:%0.00), avgs: 2
709: dt: 21.83, sse: 10738.8 (0.032, 17.9, 0.128), neg: 123 (%0.001:%0.00), avgs: 2
710: dt: 14.85, sse: 10736.2 (0.032, 17.9, 0.128), neg: 135 (%0.001:%0.00), avgs: 2
711: dt: 14.90, sse: 10731.8 (0.032, 17.9, 0.128), neg: 126 (%0.001:%0.00), avgs: 2
712: dt: 7.70, sse: 10729.8 (0.032, 17.9, 0.128), neg: 120 (%0.001:%0.00), avgs: 2
713: dt: 25.48, sse: 10725.3 (0.031, 17.8, 0.127), neg: 122 (%0.000:%0.00), avgs: 2
714: dt: 25.23, sse: 10722.6 (0.032, 17.8, 0.127), neg: 134 (%0.001:%0.00), avgs: 2
715: dt: 15.93, sse: 10719.4 (0.031, 17.8, 0.127), neg: 125 (%0.001:%0.00), avgs: 2
716: dt: 25.27, sse: 10715.6 (0.031, 17.8, 0.127), neg: 121 (%0.001:%0.00), avgs: 2
717: dt: 20.71, sse: 10712.2 (0.031, 17.8, 0.127), neg: 117 (%0.001:%0.00), avgs: 2
718: dt: 16.65, sse: 10709.9 (0.031, 17.8, 0.127), neg: 114 (%0.000:%0.00), avgs: 2
719: dt: 26.10, sse: 10707.1 (0.031, 17.8, 0.127), neg: 116 (%0.001:%0.00), avgs: 2
720: dt: 15.59, sse: 10705.4 (0.031, 17.8, 0.127), neg: 122 (%0.001:%0.00), avgs: 2
721: dt: 9.90, sse: 10703.3 (0.031, 17.8, 0.127), neg: 111 (%0.000:%0.00), avgs: 2
722: dt: 27.75, sse: 10700.1 (0.031, 17.8, 0.127), neg: 112 (%0.000:%0.00), avgs: 2
723: dt: 27.45, sse: 10697.5 (0.031, 17.8, 0.127), neg: 112 (%0.001:%0.00), avgs: 2
724: dt: 8.48, sse: 10696.0 (0.031, 17.8, 0.127), neg: 110 (%0.000:%0.00), avgs: 2
725: dt: 28.02, sse: 10692.9 (0.031, 17.8, 0.127), neg: 111 (%0.000:%0.00), avgs: 2
726: dt: 35.37, sse: 10690.3 (0.031, 17.8, 0.127), neg: 122 (%0.001:%0.00), avgs: 2
727: dt: 8.30, sse: 10688.7 (0.031, 17.8, 0.126), neg: 113 (%0.001:%0.00), avgs: 2
728: dt: 46.93, sse: 10686.2 (0.031, 17.8, 0.126), neg: 133 (%0.001:%0.00), avgs: 2
729: dt: 2.28, sse: 10685.0 (0.031, 17.8, 0.126), neg: 126 (%0.001:%0.00), avgs: 2
730: dt: 17.74, sse: 10682.2 (0.031, 17.8, 0.126), neg: 117 (%0.000:%0.00), avgs: 2
731: dt: 18.07, sse: 10680.6 (0.031, 17.8, 0.126), neg: 111 (%0.000:%0.00), avgs: 2
732: dt: 27.42, sse: 10677.8 (0.031, 17.8, 0.126), neg: 115 (%0.000:%0.00), avgs: 2
733: dt: 10.89, sse: 10676.2 (0.031, 17.8, 0.126), neg: 113 (%0.000:%0.00), avgs: 2
734: dt: 29.87, sse: 10673.4 (0.031, 17.8, 0.126), neg: 109 (%0.000:%0.00), avgs: 2
735: dt: 18.41, sse: 10671.9 (0.031, 17.8, 0.126), neg: 110 (%0.000:%0.00), avgs: 2
736: dt: 12.27, sse: 10670.6 (0.031, 17.8, 0.126), neg: 110 (%0.000:%0.00), avgs: 2
737: dt: 18.73, sse: 10669.1 (0.031, 17.8, 0.126), neg: 110 (%0.000:%0.00), avgs: 2
738: dt: 18.22, sse: 10667.8 (0.031, 17.8, 0.126), neg: 111 (%0.000:%0.00), avgs: 2
739: dt: 8.80, sse: 10666.4 (0.031, 17.8, 0.126), neg: 111 (%0.000:%0.00), avgs: 2
740: dt: 103.70, sse: 10661.4 (0.031, 17.8, 0.126), neg: 135 (%0.003:%0.01), avgs: 2
741: dt: 3.00, sse: 10657.7 (0.031, 17.7, 0.126), neg: 111 (%0.000:%0.00), avgs: 2
742: dt: 28.36, sse: 10656.1 (0.031, 17.7, 0.126), neg: 112 (%0.000:%0.00), avgs: 2
743: dt: 8.55, sse: 10654.7 (0.031, 17.7, 0.126), neg: 111 (%0.000:%0.00), avgs: 2
744: dt: 29.47, sse: 10652.7 (0.031, 17.7, 0.126), neg: 112 (%0.000:%0.00), avgs: 2
745: dt: 9.38, sse: 10651.7 (0.031, 17.7, 0.126), neg: 112 (%0.000:%0.00), avgs: 2
746: dt: 112.00, sse: 10647.9 (0.031, 17.7, 0.125), neg: 144 (%0.003:%0.01), avgs: 2
747: dt: 1.94, sse: 10644.9 (0.031, 17.7, 0.125), neg: 119 (%0.000:%0.00), avgs: 2
748: dt: 2.69, sse: 10642.8 (0.031, 17.7, 0.125), neg: 118 (%0.001:%0.00), avgs: 0
749: dt: 0.73, sse: 10641.9 (0.031, 17.7, 0.125), neg: 113 (%0.000:%0.00), avgs: 0
750: dt: 1.75, sse: 10641.1 (0.031, 17.7, 0.125), neg: 118 (%0.001:%0.00), avgs: 0
751: dt: 0.95, sse: 10640.4 (0.031, 17.7, 0.125), neg: 115 (%0.000:%0.00), avgs: 0
752: dt: 1.53, sse: 10639.7 (0.031, 17.7, 0.125), neg: 112 (%0.000:%0.00), avgs: 0
753: dt: 1.61, sse: 10638.9 (0.031, 17.7, 0.125), neg: 112 (%0.000:%0.00), avgs: 0
754: dt: 11.23, sse: 10636.5 (0.031, 17.7, 0.125), neg: 124 (%0.002:%0.00), avgs: 0
755: dt: 0.49, sse: 10634.8 (0.031, 17.7, 0.125), neg: 114 (%0.000:%0.00), avgs: 0
756: dt: 1.85, sse: 10634.2 (0.031, 17.7, 0.125), neg: 114 (%0.000:%0.00), avgs: 0
757: dt: 1.26, sse: 10633.7 (0.031, 17.7, 0.125), neg: 113 (%0.000:%0.00), avgs: 0
758: dt: 1.98, sse: 10633.1 (0.031, 17.7, 0.125), neg: 113 (%0.000:%0.00), avgs: 0
759: dt: 1.99, sse: 10632.6 (0.031, 17.7, 0.125), neg: 113 (%0.000:%0.00), avgs: 0
760: dt: 2.00, sse: 10632.0 (0.031, 17.7, 0.125), neg: 113 (%0.000:%0.00), avgs: 0
761: dt: 1.29, sse: 10631.6 (0.031, 17.7, 0.125), neg: 112 (%0.000:%0.00), avgs: 0
762: dt: 2.00, sse: 10631.0 (0.031, 17.7, 0.125), neg: 113 (%0.000:%0.00), avgs: 0
763: dt: 1.29, sse: 10630.6 (0.031, 17.7, 0.125), neg: 113 (%0.000:%0.00), avgs: 0
764: dt: 2.02, sse: 10630.2 (0.031, 17.7, 0.125), neg: 114 (%0.000:%0.00), avgs: 0
765: dt: 1.29, sse: 10629.8 (0.031, 17.7, 0.125), neg: 112 (%0.000:%0.00), avgs: 0
766: dt: 2.02, sse: 10629.3 (0.031, 17.7, 0.125), neg: 112 (%0.000:%0.00), avgs: 0
767: dt: 1.30, sse: 10629.0 (0.031, 17.7, 0.125), neg: 112 (%0.000:%0.00), avgs: 0
768: dt: 2.05, sse: 10628.5 (0.031, 17.7, 0.125), neg: 113 (%0.000:%0.00), avgs: 0
769: dt: 1.31, sse: 10628.2 (0.031, 17.7, 0.125), neg: 112 (%0.000:%0.00), avgs: 0
770: dt: 1.35, sse: 10627.8 (0.031, 17.7, 0.125), neg: 113 (%0.000:%0.00), avgs: 0
771: dt: 1.37, sse: 10627.5 (0.031, 17.7, 0.125), neg: 112 (%0.000:%0.00), avgs: 0
772: dt: 2.10, sse: 10627.1 (0.031, 17.7, 0.125), neg: 113 (%0.000:%0.00), avgs: 0
773: dt: 0.67, sse: 10626.8 (0.031, 17.7, 0.125), neg: 112 (%0.000:%0.00), avgs: 0
774: dt: 15.01, sse: 10625.6 (0.031, 17.7, 0.125), neg: 122 (%0.002:%0.00), avgs: 0
775: dt: 0.29, sse: 10623.7 (0.031, 17.7, 0.125), neg: 109 (%0.000:%0.00), avgs: 0
776: dt: 0.69, sse: 10623.4 (0.031, 17.7, 0.125), neg: 109 (%0.000:%0.00), avgs: 0
777: dt: 0.72, sse: 10623.2 (0.031, 17.7, 0.125), neg: 109 (%0.000:%0.00), avgs: 0
778: dt: 0.00, sse: 10623.2 (0.031, 17.7, 0.125), neg: 109 (%0.000:%0.00), avgs: 0
smoothing final surface...
779: dt: 0.50, sse: 1278116.8 (0.029, 17.4, 0.542), neg: 52 (%0.000:%0.00), avgs: 0
780: dt: 0.50, sse: 1269919.9 (0.029, 17.2, 0.539), neg: 32 (%0.000:%0.00), avgs: 0
781: dt: 0.50, sse: 1263121.0 (0.029, 17.1, 0.537), neg: 29 (%0.000:%0.00), avgs: 0
782: dt: 0.50, sse: 1257262.9 (0.029, 17.0, 0.535), neg: 27 (%0.000:%0.00), avgs: 0
783: dt: 0.50, sse: 1252130.9 (0.029, 16.9, 0.534), neg: 26 (%0.000:%0.00), avgs: 0
unfolding took 2.35 hours
783: dt: 0.00, sse: 1252130.9 (0.029, 16.9, 0.534), neg: 26 (%0.000:%0.00), avgs: 0
final distance error %14.46
