tol=2.0e-01, sigma=0.0, host=surly, nav=1024, nbrs=2, l_nlarea=1.000, l_dist=1.000
using quadratic fit line minimization
3: 12 | 4: 12 | 5: 12 | 6: 12 | 7: 12 | 
nlarea/dist = 1000000.000
000: dt: 0.00, sse: 199277.2 (1.462, 75.8, 5.453), neg: 160838 (%41.413:%39.07), avgs: 1024
001: dt: 204.81, sse: 93806.1 (1.110, 73.9, 4.977), neg: 156543 (%24.620:%37.93), avgs: 1024
002: dt: 229.50, sse: 56447.7 (0.911, 72.9, 4.749), neg: 154774 (%17.514:%37.57), avgs: 1024
003: dt: 406.96, sse: 47047.8 (0.823, 72.1, 4.644), neg: 152234 (%15.591:%36.98), avgs: 1024
004: dt: 112.64, sse: 40560.2 (0.791, 72.0, 4.626), neg: 153660 (%13.661:%37.36), avgs: 1024
005: dt: 137.49, sse: 39401.2 (0.778, 72.3, 4.619), neg: 155319 (%13.364:%37.82), avgs: 1024
006: dt: 77.04, sse: 39349.9 (0.773, 72.5, 4.616), neg: 158316 (%13.431:%38.59), avgs: 1024
007: dt: 64.57, sse: 35343.7 (0.753, 72.4, 4.623), neg: 150109 (%11.883:%36.49), avgs: 256
008: dt: 43.38, sse: 34043.4 (0.743, 72.5, 4.621), neg: 154335 (%11.371:%37.50), avgs: 256
009: dt: 26.12, sse: 33654.2 (0.740, 72.6, 4.627), neg: 157138 (%11.205:%38.28), avgs: 256
010: dt: 23.10, sse: 33569.1 (0.738, 72.6, 4.634), neg: 158074 (%11.169:%38.53), avgs: 256
011: dt: 17.20, sse: 33544.6 (0.737, 72.7, 4.639), neg: 158994 (%11.173:%38.77), avgs: 256
012: dt: 12.73, sse: 31790.7 (0.730, 72.6, 4.645), neg: 155213 (%10.419:%37.58), avgs: 64
013: dt: 6.19, sse: 31099.3 (0.728, 72.7, 4.646), neg: 156715 (%10.128:%38.01), avgs: 64
014: dt: 5.03, sse: 30892.2 (0.727, 72.7, 4.648), neg: 157130 (%10.025:%38.10), avgs: 64
015: dt: 6.04, sse: 30663.0 (0.726, 72.7, 4.651), neg: 157151 (%9.925:%38.13), avgs: 64
016: dt: 4.63, sse: 30507.4 (0.725, 72.6, 4.654), neg: 156967 (%9.847:%38.04), avgs: 64
017: dt: 6.94, sse: 30387.8 (0.725, 72.6, 4.658), neg: 156870 (%9.790:%38.06), avgs: 64
018: dt: 4.07, sse: 30198.8 (0.724, 72.6, 4.660), neg: 156828 (%9.697:%38.00), avgs: 64
019: dt: 4.99, sse: 30078.2 (0.723, 72.6, 4.664), neg: 156889 (%9.640:%38.06), avgs: 64
020: dt: 5.76, sse: 29993.8 (0.723, 72.5, 4.668), neg: 156418 (%9.597:%37.91), avgs: 64
021: dt: 2.86, sse: 29898.4 (0.723, 72.5, 4.670), neg: 156699 (%9.549:%38.01), avgs: 64
022: dt: 10.26, sse: 29801.4 (0.722, 72.5, 4.678), neg: 155907 (%9.499:%37.80), avgs: 64
023: dt: 1.48, sse: 29730.5 (0.722, 72.5, 4.679), neg: 156161 (%9.459:%37.87), avgs: 64
024: dt: 4.05, sse: 29696.7 (0.722, 72.5, 4.683), neg: 156071 (%9.440:%37.86), avgs: 64
025: dt: 2.35, sse: 29156.1 (0.720, 72.5, 4.686), neg: 155189 (%9.202:%37.46), avgs: 16
026: dt: 0.93, sse: 28900.0 (0.719, 72.5, 4.687), neg: 155666 (%9.076:%37.56), avgs: 16
027: dt: 1.18, sse: 28730.8 (0.718, 72.4, 4.688), neg: 155352 (%8.995:%37.47), avgs: 16
028: dt: 0.80, sse: 28613.1 (0.718, 72.4, 4.689), neg: 155380 (%8.937:%37.45), avgs: 16
029: dt: 1.40, sse: 28482.5 (0.718, 72.4, 4.691), neg: 154876 (%8.872:%37.30), avgs: 16
030: dt: 0.80, sse: 28383.5 (0.717, 72.4, 4.692), neg: 154933 (%8.821:%37.29), avgs: 16
031: dt: 1.30, sse: 28280.0 (0.717, 72.4, 4.694), neg: 154485 (%8.768:%37.15), avgs: 16
032: dt: 0.78, sse: 28192.3 (0.717, 72.3, 4.695), neg: 154541 (%8.723:%37.16), avgs: 16
033: dt: 1.33, sse: 28104.1 (0.717, 72.3, 4.696), neg: 154145 (%8.677:%37.04), avgs: 16
034: dt: 0.76, sse: 28022.5 (0.716, 72.3, 4.697), neg: 154214 (%8.634:%37.05), avgs: 16
035: dt: 1.16, sse: 27948.4 (0.716, 72.3, 4.699), neg: 153845 (%8.595:%36.94), avgs: 16
036: dt: 0.87, sse: 27878.0 (0.716, 72.3, 4.700), neg: 153756 (%8.558:%36.92), avgs: 16
037: dt: 0.88, sse: 27813.0 (0.716, 72.2, 4.701), neg: 153523 (%8.523:%36.84), avgs: 16
038: dt: 1.01, sse: 27749.2 (0.716, 72.2, 4.702), neg: 153356 (%8.490:%36.80), avgs: 16
039: dt: 0.73, sse: 27690.1 (0.716, 72.2, 4.703), neg: 153257 (%8.457:%36.76), avgs: 16
040: dt: 1.30, sse: 27625.7 (0.716, 72.2, 4.705), neg: 152889 (%8.424:%36.66), avgs: 16
041: dt: 0.60, sse: 27563.4 (0.715, 72.2, 4.705), neg: 152922 (%8.389:%36.65), avgs: 16
042: dt: 1.76, sse: 27484.4 (0.715, 72.1, 4.708), neg: 152414 (%8.348:%36.52), avgs: 16
043: dt: 0.50, sse: 27422.0 (0.715, 72.1, 4.708), neg: 152470 (%8.314:%36.52), avgs: 16
044: dt: 14.40, sse: 27132.7 (0.719, 71.8, 4.729), neg: 148934 (%8.124:%35.57), avgs: 16
045: dt: 0.55, sse: 26686.6 (0.714, 71.8, 4.729), neg: 149292 (%7.920:%35.64), avgs: 16
046: dt: 1.61, sse: 26600.7 (0.714, 71.7, 4.731), neg: 148850 (%7.875:%35.52), avgs: 16
047: dt: 0.83, sse: 26542.7 (0.714, 71.7, 4.732), neg: 148795 (%7.847:%35.50), avgs: 16
048: dt: 0.92, sse: 26487.3 (0.713, 71.7, 4.733), neg: 148564 (%7.816:%35.43), avgs: 16
049: dt: 0.86, sse: 26445.6 (0.713, 71.7, 4.734), neg: 148465 (%7.795:%35.41), avgs: 16
050: dt: 0.92, sse: 26390.9 (0.713, 71.7, 4.735), neg: 148261 (%7.765:%35.35), avgs: 16
051: dt: 0.77, sse: 26346.1 (0.713, 71.7, 4.736), neg: 148200 (%7.742:%35.33), avgs: 16
052: dt: 1.13, sse: 26291.4 (0.713, 71.6, 4.737), neg: 147932 (%7.713:%35.26), avgs: 16
053: dt: 0.73, sse: 26242.6 (0.713, 71.6, 4.738), neg: 147948 (%7.687:%35.26), avgs: 16
054: dt: 1.28, sse: 26186.1 (0.713, 71.6, 4.740), neg: 147651 (%7.657:%35.17), avgs: 16
055: dt: 0.29, sse: 26071.8 (0.712, 71.6, 4.740), neg: 147920 (%7.602:%35.16), avgs: 4
056: dt: 0.29, sse: 25991.6 (0.712, 71.6, 4.741), neg: 147980 (%7.562:%35.13), avgs: 4
057: dt: 0.16, sse: 25906.1 (0.712, 71.6, 4.741), neg: 148049 (%7.520:%35.11), avgs: 4
058: dt: 0.24, sse: 25836.1 (0.712, 71.6, 4.742), neg: 148001 (%7.487:%35.06), avgs: 4
059: dt: 0.16, sse: 25783.5 (0.712, 71.6, 4.742), neg: 147986 (%7.460:%35.02), avgs: 4
060: dt: 0.36, sse: 25729.0 (0.712, 71.6, 4.742), neg: 147787 (%7.434:%34.93), avgs: 4
061: dt: 0.14, sse: 25668.9 (0.712, 71.6, 4.743), neg: 147829 (%7.403:%34.92), avgs: 4
062: dt: 0.32, sse: 25622.2 (0.712, 71.6, 4.743), neg: 147684 (%7.381:%34.85), avgs: 4
063: dt: 0.13, sse: 25574.5 (0.711, 71.6, 4.743), neg: 147655 (%7.356:%34.83), avgs: 4
064: dt: 0.38, sse: 25524.6 (0.711, 71.6, 4.744), neg: 147400 (%7.332:%34.73), avgs: 4
065: dt: 0.12, sse: 25476.3 (0.711, 71.6, 4.744), neg: 147428 (%7.307:%34.72), avgs: 4
066: dt: 0.51, sse: 25424.3 (0.711, 71.6, 4.745), neg: 147103 (%7.281:%34.60), avgs: 4
067: dt: 0.11, sse: 25371.4 (0.711, 71.6, 4.745), neg: 147141 (%7.254:%34.60), avgs: 4
068: dt: 0.39, sse: 25326.6 (0.711, 71.6, 4.745), neg: 146893 (%7.231:%34.52), avgs: 4
069: dt: 0.12, sse: 25282.2 (0.711, 71.6, 4.746), neg: 146897 (%7.209:%34.50), avgs: 4
070: dt: 0.39, sse: 25237.6 (0.711, 71.6, 4.746), neg: 146681 (%7.186:%34.42), avgs: 4
071: dt: 0.12, sse: 25200.7 (0.711, 71.6, 4.746), neg: 146663 (%7.167:%34.41), avgs: 4
072: dt: 0.41, sse: 25151.4 (0.711, 71.5, 4.747), neg: 146339 (%7.142:%34.32), avgs: 4
073: dt: 0.13, sse: 25115.3 (0.711, 71.5, 4.747), neg: 146327 (%7.123:%34.29), avgs: 4
074: dt: 0.43, sse: 25070.8 (0.711, 71.5, 4.747), neg: 146113 (%7.101:%34.23), avgs: 4
075: dt: 0.12, sse: 25036.0 (0.711, 71.5, 4.748), neg: 146078 (%7.082:%34.20), avgs: 4
076: dt: 0.53, sse: 24987.0 (0.711, 71.5, 4.748), neg: 145673 (%7.057:%34.09), avgs: 4
077: dt: 0.11, sse: 24945.2 (0.711, 71.5, 4.748), neg: 145700 (%7.035:%34.08), avgs: 4
078: dt: 0.53, sse: 24898.4 (0.711, 71.5, 4.749), neg: 145427 (%7.011:%34.00), avgs: 4
079: dt: 0.14, sse: 24859.2 (0.711, 71.5, 4.749), neg: 145409 (%6.990:%33.98), avgs: 4
080: dt: 0.41, sse: 24816.4 (0.711, 71.4, 4.749), neg: 145091 (%6.968:%33.89), avgs: 4
081: dt: 0.12, sse: 24783.0 (0.711, 71.4, 4.750), neg: 145115 (%6.950:%33.88), avgs: 4
082: dt: 1.27, sse: 24716.3 (0.711, 71.4, 4.751), neg: 144366 (%6.914:%33.66), avgs: 4
083: dt: 0.13, sse: 24623.5 (0.711, 71.4, 4.751), neg: 144382 (%6.867:%33.64), avgs: 4
084: dt: 0.20, sse: 24590.1 (0.711, 71.4, 4.751), neg: 144306 (%6.848:%33.62), avgs: 4
085: dt: 0.01, sse: 24588.5 (0.711, 71.4, 4.751), neg: 144296 (%6.847:%33.62), avgs: 1
086: dt: 0.02, sse: 24470.9 (0.710, 71.4, 4.751), neg: 144768 (%6.791:%33.48), avgs: 0
087: dt: 0.01, sse: 24421.3 (0.710, 71.4, 4.751), neg: 144874 (%6.765:%33.43), avgs: 0
088: dt: 0.01, sse: 24388.8 (0.710, 71.4, 4.751), neg: 144904 (%6.750:%33.37), avgs: 0
089: dt: 0.01, sse: 24364.4 (0.710, 71.4, 4.751), neg: 144962 (%6.739:%33.33), avgs: 0
090: dt: 0.01, sse: 24344.7 (0.710, 71.5, 4.751), neg: 144917 (%6.730:%33.26), avgs: 0
091: dt: 0.01, sse: 24328.8 (0.710, 71.5, 4.751), neg: 144946 (%6.723:%33.23), avgs: 0
092: dt: 0.01, sse: 24316.4 (0.710, 71.5, 4.751), neg: 144935 (%6.717:%33.18), avgs: 0
093: dt: 0.01, sse: 24306.0 (0.710, 71.5, 4.751), neg: 144953 (%6.713:%33.16), avgs: 0
094: dt: 0.00, sse: 24298.0 (0.710, 71.5, 4.751), neg: 144958 (%6.708:%33.15), avgs: 0
095: dt: 0.06, sse: 24270.1 (0.710, 71.5, 4.751), neg: 144747 (%6.699:%32.94), avgs: 0
096: dt: 0.00, sse: 24255.7 (0.709, 71.5, 4.751), neg: 144761 (%6.692:%32.94), avgs: 0
097: dt: 0.00, sse: 24251.7 (0.709, 71.5, 4.751), neg: 144747 (%6.690:%32.92), avgs: 0
098: dt: 0.05, sse: 24240.9 (0.709, 71.5, 4.751), neg: 144550 (%6.687:%32.82), avgs: 0
099: dt: 0.01, sse: 24231.0 (0.709, 71.5, 4.751), neg: 144548 (%6.682:%32.81), avgs: 0
100: dt: 0.01, sse: 24228.1 (0.709, 71.5, 4.751), neg: 144562 (%6.680:%32.80), avgs: 0
nlarea/dist = 100000.000
101: dt: 1227.06, sse: 16824.9 (0.715, 57.7, 4.697), neg: 63344 (%1.633:%13.55), avgs: 1024
102: dt: 567.32, sse: 13572.7 (0.676, 54.3, 4.662), neg: 31178 (%0.655:%5.52), avgs: 1024
103: dt: 795.56, sse: 12568.3 (0.665, 53.0, 4.665), neg: 20949 (%0.410:%3.35), avgs: 1024
104: dt: 1018.27, sse: 12058.0 (0.658, 52.4, 4.669), neg: 17974 (%0.352:%2.78), avgs: 1024
105: dt: 796.66, sse: 11887.0 (0.657, 52.2, 4.674), neg: 16412 (%0.335:%2.45), avgs: 1024
106: dt: 674.67, sse: 11848.0 (0.658, 52.1, 4.679), neg: 16091 (%0.338:%2.43), avgs: 1024
107: dt: 268.30, sse: 11630.9 (0.657, 51.7, 4.688), neg: 14233 (%0.266:%2.02), avgs: 256
108: dt: 32.87, sse: 11603.5 (0.656, 51.7, 4.688), neg: 13973 (%0.252:%1.95), avgs: 256
109: dt: 30.64, sse: 11517.1 (0.655, 51.5, 4.688), neg: 12936 (%0.234:%1.75), avgs: 64
110: dt: 17.67, sse: 11448.2 (0.654, 51.4, 4.688), neg: 12422 (%0.210:%1.64), avgs: 64
111: dt: 20.00, sse: 11416.9 (0.654, 51.3, 4.688), neg: 11996 (%0.204:%1.56), avgs: 64
112: dt: 24.11, sse: 11378.4 (0.653, 51.2, 4.689), neg: 11672 (%0.193:%1.51), avgs: 64
113: dt: 9.24, sse: 11355.6 (0.653, 51.2, 4.689), neg: 11387 (%0.186:%1.45), avgs: 64
114: dt: 14.73, sse: 11342.6 (0.653, 51.1, 4.690), neg: 11269 (%0.182:%1.43), avgs: 64
115: dt: 9.11, sse: 11255.4 (0.652, 50.9, 4.690), neg: 9938 (%0.160:%1.22), avgs: 16
116: dt: 2.67, sse: 11202.8 (0.652, 50.8, 4.690), neg: 9529 (%0.137:%1.15), avgs: 16
117: dt: 0.86, sse: 11191.7 (0.652, 50.8, 4.690), neg: 9461 (%0.132:%1.14), avgs: 16
118: dt: 5.01, sse: 11170.2 (0.652, 50.8, 4.691), neg: 9067 (%0.127:%1.09), avgs: 16
119: dt: 4.24, sse: 11143.2 (0.652, 50.7, 4.691), neg: 8748 (%0.119:%1.04), avgs: 16
120: dt: 0.92, sse: 11135.6 (0.652, 50.7, 4.691), neg: 8677 (%0.116:%1.02), avgs: 16
121: dt: 1.31, sse: 11130.4 (0.652, 50.7, 4.691), neg: 8600 (%0.114:%1.01), avgs: 16
122: dt: 3.48, sse: 11045.6 (0.653, 50.4, 4.692), neg: 6610 (%0.096:%0.78), avgs: 4
123: dt: 0.50, sse: 10999.1 (0.652, 50.3, 4.692), neg: 6386 (%0.073:%0.72), avgs: 4
124: dt: 0.56, sse: 10983.6 (0.652, 50.3, 4.692), neg: 6176 (%0.068:%0.69), avgs: 4
125: dt: 0.51, sse: 10972.0 (0.652, 50.3, 4.692), neg: 6004 (%0.064:%0.67), avgs: 4
126: dt: 0.59, sse: 10961.8 (0.652, 50.2, 4.692), neg: 5835 (%0.061:%0.64), avgs: 4
127: dt: 0.50, sse: 10953.9 (0.652, 50.2, 4.692), neg: 5712 (%0.059:%0.63), avgs: 4
128: dt: 0.94, sse: 10942.9 (0.653, 50.2, 4.692), neg: 5525 (%0.057:%0.61), avgs: 4
129: dt: 0.50, sse: 10933.5 (0.653, 50.2, 4.692), neg: 5377 (%0.054:%0.58), avgs: 4
130: dt: 0.87, sse: 10923.4 (0.653, 50.1, 4.692), neg: 5207 (%0.052:%0.56), avgs: 4
131: dt: 0.45, sse: 10917.3 (0.653, 50.1, 4.692), neg: 5108 (%0.050:%0.55), avgs: 4
132: dt: 0.94, sse: 10908.9 (0.653, 50.1, 4.692), neg: 4954 (%0.048:%0.53), avgs: 4
133: dt: 0.55, sse: 10903.0 (0.653, 50.1, 4.692), neg: 4842 (%0.047:%0.52), avgs: 4
134: dt: 0.83, sse: 10895.7 (0.653, 50.1, 4.692), neg: 4713 (%0.045:%0.50), avgs: 4
135: dt: 0.80, sse: 10891.1 (0.653, 50.0, 4.692), neg: 4629 (%0.045:%0.50), avgs: 4
136: dt: 0.48, sse: 10886.2 (0.653, 50.0, 4.692), neg: 4543 (%0.043:%0.48), avgs: 4
137: dt: 0.74, sse: 10881.1 (0.653, 50.0, 4.692), neg: 4474 (%0.042:%0.47), avgs: 4
138: dt: 0.74, sse: 10876.8 (0.653, 50.0, 4.693), neg: 4405 (%0.041:%0.47), avgs: 4
139: dt: 0.95, sse: 10872.6 (0.653, 50.0, 4.693), neg: 4340 (%0.041:%0.46), avgs: 4
140: dt: 0.49, sse: 10869.6 (0.653, 50.0, 4.693), neg: 4292 (%0.040:%0.46), avgs: 4
141: dt: 0.15, sse: 10868.2 (0.653, 50.0, 4.693), neg: 4243 (%0.041:%0.45), avgs: 1
142: dt: 0.13, sse: 10812.1 (0.653, 49.8, 4.693), neg: 3260 (%0.035:%0.37), avgs: 0
143: dt: 0.02, sse: 10793.8 (0.653, 49.8, 4.693), neg: 3114 (%0.027:%0.33), avgs: 0
144: dt: 0.02, sse: 10785.3 (0.653, 49.8, 4.693), neg: 3038 (%0.024:%0.32), avgs: 0
145: dt: 0.05, sse: 10777.2 (0.653, 49.8, 4.693), neg: 2890 (%0.024:%0.29), avgs: 0
146: dt: 0.02, sse: 10769.7 (0.653, 49.8, 4.693), neg: 2856 (%0.021:%0.29), avgs: 0
147: dt: 0.07, sse: 10762.6 (0.653, 49.8, 4.693), neg: 2719 (%0.023:%0.28), avgs: 0
148: dt: 0.02, sse: 10755.6 (0.653, 49.7, 4.693), neg: 2672 (%0.020:%0.27), avgs: 0
149: dt: 0.02, sse: 10751.7 (0.654, 49.7, 4.693), neg: 2642 (%0.019:%0.27), avgs: 0
150: dt: 0.06, sse: 10746.7 (0.654, 49.7, 4.693), neg: 2563 (%0.020:%0.26), avgs: 0
151: dt: 0.01, sse: 10743.0 (0.654, 49.7, 4.693), neg: 2536 (%0.018:%0.26), avgs: 0
152: dt: 0.03, sse: 10739.5 (0.654, 49.7, 4.693), neg: 2484 (%0.018:%0.25), avgs: 0
153: dt: 0.02, sse: 10737.3 (0.654, 49.7, 4.693), neg: 2467 (%0.018:%0.25), avgs: 0
154: dt: 0.07, sse: 10733.6 (0.654, 49.7, 4.693), neg: 2415 (%0.018:%0.25), avgs: 0
155: dt: 0.01, sse: 10730.6 (0.654, 49.7, 4.693), neg: 2402 (%0.017:%0.24), avgs: 0
156: dt: 0.15, sse: 10725.8 (0.654, 49.7, 4.693), neg: 2303 (%0.018:%0.24), avgs: 0
157: dt: 0.01, sse: 10722.3 (0.654, 49.7, 4.693), neg: 2282 (%0.016:%0.23), avgs: 0
158: dt: 0.02, sse: 10720.8 (0.654, 49.7, 4.693), neg: 2269 (%0.015:%0.23), avgs: 0
nlarea/dist = 1000.000
159: dt: 26007.83, sse: 461740.9 (0.679, 48.0, 4.570), neg: 16060 (%0.695:%3.34), avgs: 1024
160: dt: 839.30, sse: 454658.1 (0.648, 45.7, 4.545), neg: 4524 (%0.073:%0.73), avgs: 1024
161: dt: 1993.16, sse: 452548.1 (0.638, 45.3, 4.533), neg: 4509 (%0.222:%0.80), avgs: 1024
162: dt: 11.90, sse: 452412.3 (0.638, 45.2, 4.534), neg: 4473 (%0.136:%0.78), avgs: 256
163: dt: 10.30, sse: 452334.3 (0.637, 45.2, 4.534), neg: 3847 (%0.099:%0.67), avgs: 64
164: dt: 0.60, sse: 452287.3 (0.637, 45.2, 4.534), neg: 3865 (%0.080:%0.67), avgs: 16
165: dt: 0.45, sse: 452251.3 (0.637, 45.2, 4.534), neg: 3636 (%0.070:%0.61), avgs: 4
166: dt: 0.09, sse: 452244.3 (0.637, 45.2, 4.533), neg: 3566 (%0.068:%0.60), avgs: 1
167: dt: 0.01, sse: 452236.5 (0.637, 45.2, 4.533), neg: 3551 (%0.063:%0.59), avgs: 0
nlarea/dist = 100.000
168: dt: 8151.07, sse: 3801513.5 (0.888, 45.2, 4.172), neg: 17445 (%2.280:%3.94), avgs: 1024
169: dt: 390.19, sse: 3638537.5 (0.626, 43.4, 4.084), neg: 6255 (%0.768:%1.17), avgs: 1024
170: dt: 163.14, sse: 3627004.0 (0.584, 43.3, 4.077), neg: 5746 (%0.645:%1.05), avgs: 1024
171: dt: 152.15, sse: 3591490.5 (0.556, 43.1, 4.057), neg: 3617 (%0.664:%0.63), avgs: 256
172: dt: 52.58, sse: 3578097.0 (0.535, 42.8, 4.050), neg: 2936 (%0.215:%0.48), avgs: 256
173: dt: 138.67, sse: 3567672.5 (0.530, 43.1, 4.044), neg: 4312 (%0.679:%0.80), avgs: 256
174: dt: 42.42, sse: 3561206.5 (0.521, 42.8, 4.041), neg: 3138 (%0.284:%0.53), avgs: 256
175: dt: 24.96, sse: 3553051.5 (0.521, 42.8, 4.036), neg: 3015 (%0.303:%0.50), avgs: 64
176: dt: 25.23, sse: 3548038.8 (0.521, 42.7, 4.033), neg: 2948 (%0.317:%0.51), avgs: 64
177: dt: 21.41, sse: 3535461.5 (0.529, 42.7, 4.026), neg: 2949 (%0.395:%0.49), avgs: 64
178: dt: 10.81, sse: 3524694.5 (0.516, 42.7, 4.020), neg: 2957 (%0.224:%0.49), avgs: 64
179: dt: 41.36, sse: 3510883.5 (0.517, 42.8, 4.012), neg: 3737 (%0.433:%0.69), avgs: 64
180: dt: 19.13, sse: 3500746.5 (0.515, 42.7, 4.006), neg: 3154 (%0.270:%0.54), avgs: 64
181: dt: 21.74, sse: 3492533.0 (0.511, 42.5, 4.002), neg: 2846 (%0.284:%0.45), avgs: 64
182: dt: 5.25, sse: 3490824.0 (0.508, 42.5, 4.001), neg: 2503 (%0.135:%0.38), avgs: 64
183: dt: 15.71, sse: 3484243.2 (0.520, 42.5, 3.997), neg: 2594 (%0.488:%0.45), avgs: 16
184: dt: 2.07, sse: 3478857.0 (0.509, 42.4, 3.994), neg: 2419 (%0.193:%0.38), avgs: 16
185: dt: 5.02, sse: 3475267.8 (0.507, 42.4, 3.992), neg: 2266 (%0.136:%0.34), avgs: 16
186: dt: 7.87, sse: 3470170.5 (0.507, 42.4, 3.989), neg: 2155 (%0.134:%0.32), avgs: 16
187: dt: 13.62, sse: 3464292.0 (0.516, 42.4, 3.985), neg: 2435 (%0.419:%0.38), avgs: 16
188: dt: 2.74, sse: 3458256.5 (0.506, 42.3, 3.982), neg: 2013 (%0.097:%0.29), avgs: 16
189: dt: 21.78, sse: 3447833.2 (0.527, 42.4, 3.976), neg: 2281 (%0.414:%0.39), avgs: 16
190: dt: 2.25, sse: 3444030.2 (0.511, 42.4, 3.974), neg: 2239 (%0.186:%0.38), avgs: 16
191: dt: 8.00, sse: 3439472.5 (0.513, 42.4, 3.971), neg: 2169 (%0.261:%0.35), avgs: 16
192: dt: 5.19, sse: 3434868.5 (0.506, 42.3, 3.969), neg: 1815 (%0.111:%0.24), avgs: 16
193: dt: 16.00, sse: 3429990.0 (0.523, 42.3, 3.966), neg: 2225 (%0.336:%0.36), avgs: 16
194: dt: 3.01, sse: 3424027.2 (0.514, 42.3, 3.962), neg: 2148 (%0.261:%0.34), avgs: 16
195: dt: 2.13, sse: 3421095.8 (0.511, 42.3, 3.961), neg: 2083 (%0.114:%0.32), avgs: 16
196: dt: 18.48, sse: 3413427.2 (0.515, 42.4, 3.956), neg: 2328 (%0.338:%0.39), avgs: 16
197: dt: 3.65, sse: 3408180.2 (0.508, 42.3, 3.953), neg: 1999 (%0.153:%0.30), avgs: 16
198: dt: 6.04, sse: 3405155.0 (0.510, 42.3, 3.951), neg: 2011 (%0.172:%0.31), avgs: 16
199: dt: 3.28, sse: 3401924.8 (0.508, 42.2, 3.950), neg: 1776 (%0.090:%0.24), avgs: 16
200: dt: 8.80, sse: 3397404.0 (0.509, 42.2, 3.947), neg: 1808 (%0.139:%0.24), avgs: 16
201: dt: 5.27, sse: 3393959.5 (0.505, 42.2, 3.945), neg: 1781 (%0.096:%0.24), avgs: 16
202: dt: 14.50, sse: 3388883.0 (0.510, 42.3, 3.942), neg: 2126 (%0.223:%0.31), avgs: 16
203: dt: 5.37, sse: 3383866.8 (0.505, 42.2, 3.939), neg: 1976 (%0.129:%0.28), avgs: 16
204: dt: 13.33, sse: 3379481.0 (0.507, 42.3, 3.936), neg: 2311 (%0.252:%0.36), avgs: 16
205: dt: 5.15, sse: 3374860.0 (0.504, 42.2, 3.934), neg: 1980 (%0.138:%0.29), avgs: 16
206: dt: 9.64, sse: 3370982.2 (0.506, 42.3, 3.931), neg: 2205 (%0.195:%0.34), avgs: 16
207: dt: 8.39, sse: 3366330.0 (0.504, 42.2, 3.929), neg: 2080 (%0.154:%0.31), avgs: 16
208: dt: 11.90, sse: 3362264.5 (0.506, 42.3, 3.926), neg: 2254 (%0.203:%0.36), avgs: 16
209: dt: 4.62, sse: 3358377.2 (0.503, 42.2, 3.924), neg: 1962 (%0.099:%0.28), avgs: 16
210: dt: 11.68, sse: 3354887.8 (0.505, 42.3, 3.922), neg: 2134 (%0.165:%0.31), avgs: 16
211: dt: 6.88, sse: 3351271.5 (0.503, 42.2, 3.920), neg: 1916 (%0.093:%0.26), avgs: 16
212: dt: 18.29, sse: 3347729.2 (0.505, 42.3, 3.918), neg: 2292 (%0.182:%0.35), avgs: 16
213: dt: 2.36, sse: 3345422.2 (0.504, 42.3, 3.916), neg: 2045 (%0.142:%0.31), avgs: 4
214: dt: 2.54, sse: 3343726.2 (0.503, 42.3, 3.915), neg: 2001 (%0.129:%0.30), avgs: 4
215: dt: 2.58, sse: 3342148.5 (0.504, 42.3, 3.915), neg: 2033 (%0.143:%0.32), avgs: 4
216: dt: 0.59, sse: 3341411.2 (0.503, 42.3, 3.914), neg: 1864 (%0.077:%0.27), avgs: 4
217: dt: 0.27, sse: 3341139.8 (0.503, 42.2, 3.914), neg: 1782 (%0.060:%0.25), avgs: 1
218: dt: 0.08, sse: 3341047.5 (0.503, 42.2, 3.914), neg: 1466 (%0.054:%0.20), avgs: 0
nlarea/dist = 10.000
219: dt: 3312.50, sse: 18985672.0 (0.467, 39.7, 2.952), neg: 15412 (%1.214:%3.33), avgs: 1024
220: dt: 1715.64, sse: 15365521.0 (0.369, 36.2, 2.655), neg: 11032 (%1.427:%2.35), avgs: 1024
221: dt: 881.74, sse: 14176777.0 (0.389, 33.8, 2.551), neg: 5140 (%0.497:%1.02), avgs: 1024
222: dt: 1628.88, sse: 12694915.0 (0.321, 34.6, 2.414), neg: 9877 (%1.807:%2.13), avgs: 1024
223: dt: 489.04, sse: 11989277.0 (0.326, 33.2, 2.346), neg: 6459 (%0.463:%1.32), avgs: 1024
224: dt: 2799.86, sse: 10146088.0 (0.306, 35.2, 2.157), neg: 14946 (%4.208:%3.42), avgs: 1024
225: dt: 200.14, sse: 9531107.0 (0.276, 32.5, 2.091), neg: 7282 (%0.620:%1.54), avgs: 1024
226: dt: 1171.39, sse: 9103989.0 (0.254, 33.1, 2.044), neg: 9758 (%1.768:%2.09), avgs: 1024
227: dt: 586.81, sse: 8669286.0 (0.265, 31.6, 1.994), neg: 5989 (%0.409:%1.18), avgs: 1024
228: dt: 2646.31, sse: 7663757.0 (0.236, 33.8, 1.875), neg: 13321 (%3.406:%3.01), avgs: 1024
229: dt: 280.72, sse: 7283562.5 (0.221, 31.5, 1.828), neg: 6654 (%0.631:%1.37), avgs: 1024
230: dt: 1131.65, sse: 7041970.0 (0.207, 32.5, 1.797), neg: 9889 (%1.634:%2.13), avgs: 1024
231: dt: 863.34, sse: 6692292.5 (0.225, 31.3, 1.752), neg: 6826 (%0.526:%1.36), avgs: 1024
232: dt: 1916.52, sse: 6157262.0 (0.189, 32.9, 1.680), neg: 11240 (%2.300:%2.49), avgs: 1024
233: dt: 425.05, sse: 5950646.0 (0.190, 31.1, 1.652), neg: 6230 (%0.557:%1.23), avgs: 1024
234: dt: 3370.18, sse: 5510413.0 (0.196, 32.9, 1.589), neg: 11897 (%3.847:%2.61), avgs: 1024
235: dt: 223.31, sse: 5182833.5 (0.166, 31.7, 1.541), neg: 7942 (%0.815:%1.63), avgs: 1024
236: dt: 4031.03, sse: 4547139.0 (0.165, 31.3, 1.444), neg: 7770 (%1.116:%1.63), avgs: 1024
237: dt: 549.57, sse: 4368306.0 (0.146, 31.7, 1.415), neg: 8672 (%0.969:%1.82), avgs: 1024
238: dt: 1457.07, sse: 4242980.5 (0.144, 32.1, 1.394), neg: 9133 (%1.107:%1.90), avgs: 1024
239: dt: 3978.85, sse: 3901323.8 (0.167, 32.6, 1.337), neg: 11544 (%1.313:%2.44), avgs: 1024
240: dt: 738.01, sse: 3640089.8 (0.130, 31.8, 1.291), neg: 8457 (%1.017:%1.70), avgs: 1024
241: dt: 1724.82, sse: 3532205.8 (0.129, 31.9, 1.272), neg: 8319 (%0.958:%1.69), avgs: 1024
242: dt: 3804.57, sse: 3240228.2 (0.129, 32.1, 1.218), neg: 9608 (%1.297:%1.95), avgs: 1024
243: dt: 719.63, sse: 3131426.8 (0.116, 31.8, 1.197), neg: 8449 (%0.972:%1.72), avgs: 1024
244: dt: 1652.18, sse: 3081885.8 (0.117, 32.2, 1.188), neg: 9569 (%1.255:%1.98), avgs: 1024
245: dt: 2497.64, sse: 2932841.5 (0.130, 31.6, 1.159), neg: 8761 (%0.861:%1.76), avgs: 1024
246: dt: 937.02, sse: 2847944.8 (0.111, 31.7, 1.142), neg: 8305 (%0.937:%1.67), avgs: 1024
247: dt: 6074.97, sse: 2662073.8 (0.127, 32.7, 1.103), neg: 12046 (%1.728:%2.64), avgs: 1024
248: dt: 1175.16, sse: 2560472.2 (0.109, 32.1, 1.082), neg: 9472 (%1.168:%1.94), avgs: 1024
249: dt: 711.65, sse: 2302655.2 (0.097, 31.2, 1.026), neg: 8022 (%0.769:%1.52), avgs: 256
250: dt: 636.92, sse: 2161510.2 (0.095, 30.8, 0.994), neg: 7719 (%0.994:%1.53), avgs: 256
251: dt: 72.17, sse: 2151812.5 (0.091, 30.8, 0.992), neg: 7635 (%0.856:%1.51), avgs: 256
252: dt: 429.71, sse: 2123197.0 (0.090, 30.4, 0.985), neg: 6673 (%0.715:%1.24), avgs: 256
253: dt: 185.99, sse: 2102661.5 (0.089, 30.2, 0.980), neg: 6182 (%0.622:%1.13), avgs: 256
254: dt: 516.16, sse: 2089090.2 (0.095, 30.5, 0.977), neg: 6916 (%1.015:%1.34), avgs: 256
255: dt: 156.41, sse: 2067952.8 (0.087, 30.1, 0.972), neg: 6149 (%0.596:%1.13), avgs: 256
256: dt: 208.24, sse: 2054543.1 (0.088, 30.3, 0.969), neg: 6396 (%0.653:%1.21), avgs: 256
257: dt: 780.80, sse: 2042172.2 (0.095, 30.3, 0.966), neg: 7009 (%0.928:%1.37), avgs: 256
258: dt: 178.77, sse: 2011343.5 (0.087, 30.2, 0.959), neg: 6500 (%0.644:%1.23), avgs: 256
259: dt: 213.26, sse: 2001558.5 (0.087, 30.1, 0.956), neg: 6292 (%0.624:%1.18), avgs: 256
260: dt: 546.04, sse: 1992357.6 (0.091, 30.2, 0.954), neg: 6696 (%0.871:%1.30), avgs: 256
261: dt: 174.84, sse: 1977157.4 (0.086, 30.0, 0.950), neg: 6173 (%0.603:%1.15), avgs: 256
262: dt: 223.83, sse: 1966473.4 (0.086, 30.1, 0.948), neg: 6388 (%0.652:%1.22), avgs: 256
263: dt: 804.57, sse: 1954536.1 (0.093, 30.1, 0.945), neg: 6775 (%0.864:%1.32), avgs: 256
264: dt: 180.01, sse: 1930218.9 (0.086, 30.0, 0.939), neg: 6304 (%0.632:%1.20), avgs: 256
265: dt: 224.08, sse: 1922902.6 (0.086, 29.9, 0.937), neg: 6038 (%0.599:%1.13), avgs: 256
266: dt: 233.21, sse: 1915974.2 (0.086, 29.9, 0.935), neg: 6268 (%0.655:%1.19), avgs: 256
267: dt: 608.91, sse: 1907492.9 (0.091, 29.8, 0.933), neg: 6103 (%0.820:%1.15), avgs: 256
268: dt: 58.53, sse: 1901782.8 (0.086, 29.8, 0.932), neg: 6067 (%0.647:%1.15), avgs: 256
269: dt: 160.00, sse: 1898323.8 (0.085, 29.9, 0.931), neg: 6296 (%0.631:%1.19), avgs: 256
270: dt: 190.57, sse: 1778751.2 (0.088, 29.2, 0.901), neg: 5393 (%0.843:%1.03), avgs: 64
271: dt: 12.38, sse: 1764241.0 (0.080, 29.2, 0.897), neg: 5305 (%0.595:%1.00), avgs: 64
272: dt: 55.25, sse: 1748886.2 (0.080, 29.0, 0.894), neg: 5114 (%0.509:%0.94), avgs: 64
273: dt: 85.54, sse: 1728950.0 (0.079, 29.0, 0.888), neg: 5109 (%0.565:%0.95), avgs: 64
274: dt: 43.59, sse: 1719623.0 (0.077, 28.8, 0.886), neg: 4918 (%0.435:%0.88), avgs: 64
275: dt: 160.61, sse: 1697660.0 (0.080, 28.8, 0.880), neg: 5011 (%0.643:%0.94), avgs: 64
276: dt: 19.07, sse: 1692809.1 (0.077, 28.8, 0.879), neg: 4881 (%0.464:%0.91), avgs: 64
277: dt: 108.70, sse: 1682427.1 (0.077, 28.6, 0.876), neg: 4672 (%0.435:%0.83), avgs: 64
278: dt: 31.20, sse: 1679139.0 (0.076, 28.6, 0.875), neg: 4546 (%0.374:%0.79), avgs: 64
279: dt: 168.97, sse: 1663420.8 (0.078, 28.5, 0.871), neg: 4444 (%0.561:%0.80), avgs: 64
280: dt: 17.07, sse: 1660953.9 (0.076, 28.5, 0.871), neg: 4400 (%0.429:%0.79), avgs: 64
281: dt: 46.40, sse: 1658870.8 (0.075, 28.4, 0.870), neg: 4289 (%0.347:%0.74), avgs: 64
282: dt: 62.02, sse: 1594768.1 (0.076, 27.8, 0.853), neg: 3820 (%0.492:%0.69), avgs: 16
283: dt: 8.25, sse: 1583128.9 (0.068, 27.7, 0.850), neg: 3408 (%0.276:%0.57), avgs: 16
284: dt: 12.51, sse: 1573449.6 (0.066, 27.6, 0.847), neg: 3228 (%0.226:%0.53), avgs: 16
285: dt: 99.46, sse: 1540710.2 (0.067, 27.6, 0.838), neg: 3794 (%0.442:%0.66), avgs: 16
286: dt: 5.71, sse: 1538274.8 (0.064, 27.5, 0.838), neg: 3641 (%0.311:%0.61), avgs: 16
287: dt: 5.52, sse: 1537799.8 (0.063, 27.5, 0.838), neg: 3520 (%0.265:%0.58), avgs: 16
288: dt: 14.99, sse: 1532540.6 (0.068, 27.2, 0.836), neg: 3388 (%0.419:%0.58), avgs: 4
289: dt: 2.80, sse: 1528678.8 (0.062, 27.1, 0.835), neg: 3048 (%0.208:%0.45), avgs: 4
290: dt: 17.83, sse: 1517579.9 (0.067, 27.1, 0.832), neg: 3361 (%0.460:%0.57), avgs: 4
291: dt: 2.66, sse: 1513028.2 (0.060, 27.0, 0.831), neg: 3008 (%0.219:%0.43), avgs: 4
292: dt: 6.50, sse: 1508708.2 (0.061, 26.9, 0.830), neg: 2785 (%0.232:%0.39), avgs: 4
293: dt: 5.62, sse: 1506788.8 (0.061, 26.9, 0.829), neg: 2897 (%0.272:%0.41), avgs: 4
294: dt: 4.14, sse: 1504231.8 (0.059, 26.8, 0.828), neg: 2892 (%0.195:%0.40), avgs: 4
295: dt: 7.04, sse: 1500620.8 (0.059, 26.8, 0.827), neg: 2916 (%0.207:%0.41), avgs: 4
296: dt: 5.42, sse: 1497967.0 (0.058, 26.8, 0.827), neg: 2839 (%0.178:%0.39), avgs: 4
297: dt: 7.11, sse: 1495810.6 (0.058, 26.7, 0.826), neg: 2864 (%0.195:%0.39), avgs: 4
298: dt: 6.78, sse: 1493659.1 (0.058, 26.7, 0.826), neg: 2843 (%0.206:%0.39), avgs: 4
299: dt: 5.89, sse: 1491586.8 (0.058, 26.7, 0.825), neg: 2879 (%0.199:%0.40), avgs: 4
300: dt: 6.16, sse: 1489817.1 (0.058, 26.7, 0.824), neg: 2891 (%0.193:%0.40), avgs: 4
301: dt: 7.11, sse: 1487783.0 (0.058, 26.7, 0.824), neg: 2898 (%0.209:%0.41), avgs: 4
302: dt: 5.78, sse: 1485898.1 (0.057, 26.7, 0.823), neg: 2893 (%0.194:%0.39), avgs: 4
303: dt: 8.55, sse: 1484174.4 (0.058, 26.7, 0.823), neg: 2915 (%0.223:%0.42), avgs: 4
304: dt: 5.52, sse: 1482872.1 (0.057, 26.7, 0.823), neg: 2924 (%0.188:%0.40), avgs: 4
305: dt: 8.78, sse: 1481230.8 (0.058, 26.7, 0.822), neg: 2947 (%0.227:%0.43), avgs: 4
306: dt: 4.93, sse: 1480172.5 (0.057, 26.6, 0.822), neg: 2870 (%0.163:%0.39), avgs: 4
307: dt: 5.71, sse: 1479157.5 (0.056, 26.6, 0.822), neg: 2671 (%0.139:%0.34), avgs: 4
308: dt: 6.81, sse: 1478031.8 (0.056, 26.5, 0.821), neg: 2556 (%0.129:%0.32), avgs: 4
309: dt: 1.48, sse: 1477624.6 (0.056, 26.5, 0.821), neg: 2485 (%0.109:%0.30), avgs: 4
310: dt: 6.19, sse: 1476225.5 (0.057, 26.6, 0.821), neg: 2904 (%0.204:%0.39), avgs: 1
311: dt: 0.00, sse: 1476225.5 (0.057, 26.6, 0.821), neg: 2904 (%0.204:%0.39), avgs: 1
312: dt: 0.18, sse: 1475737.0 (0.056, 26.5, 0.821), neg: 2687 (%0.132:%0.32), avgs: 0
313: dt: 1.08, sse: 1474300.2 (0.060, 26.4, 0.820), neg: 2744 (%0.223:%0.33), avgs: 0
314: dt: 0.15, sse: 1473734.0 (0.056, 26.4, 0.820), neg: 2582 (%0.125:%0.28), avgs: 0
315: dt: 0.33, sse: 1473123.1 (0.055, 26.3, 0.820), neg: 2431 (%0.115:%0.25), avgs: 0
316: dt: 0.25, sse: 1472705.2 (0.055, 26.3, 0.820), neg: 2396 (%0.102:%0.24), avgs: 0
317: dt: 0.28, sse: 1472331.6 (0.055, 26.3, 0.820), neg: 2368 (%0.099:%0.23), avgs: 0
318: dt: 0.30, sse: 1471959.4 (0.054, 26.3, 0.820), neg: 2351 (%0.093:%0.23), avgs: 0
319: dt: 0.31, sse: 1471587.0 (0.055, 26.3, 0.819), neg: 2330 (%0.099:%0.22), avgs: 0
320: dt: 0.28, sse: 1471267.4 (0.054, 26.3, 0.819), neg: 2330 (%0.093:%0.22), avgs: 0
321: dt: 0.51, sse: 1470823.6 (0.056, 26.3, 0.819), neg: 2336 (%0.110:%0.22), avgs: 0
322: dt: 0.16, sse: 1470616.1 (0.054, 26.3, 0.819), neg: 2321 (%0.087:%0.22), avgs: 0
pass 0: epoch 1 of 3 starting distance error %21.80
tol=2.0e-01, sigma=0.0, host=surly, nav=1024, nbrs=2, l_nlarea=1.000, l_dist=0.100
using quadratic fit line minimization
nlarea/dist = 10.000
323: dt: 5823.82, sse: 1297475.1 (0.057, 23.1, 0.769), neg: 1098 (%0.024:%0.06), avgs: 1024
324: dt: 2483.98, sse: 1194629.9 (0.047, 23.0, 0.738), neg: 1264 (%0.034:%0.08), avgs: 1024
325: dt: 3271.44, sse: 1138565.1 (0.050, 22.1, 0.720), neg: 1186 (%0.030:%0.07), avgs: 1024
326: dt: 2595.93, sse: 1088634.8 (0.046, 21.9, 0.704), neg: 1133 (%0.030:%0.07), avgs: 1024
327: dt: 2872.80, sse: 1049347.6 (0.048, 21.3, 0.691), neg: 1175 (%0.032:%0.08), avgs: 1024
328: dt: 2702.88, sse: 1012098.3 (0.046, 21.0, 0.679), neg: 1085 (%0.029:%0.06), avgs: 1024
329: dt: 2639.86, sse: 981897.1 (0.047, 20.7, 0.668), neg: 1166 (%0.032:%0.08), avgs: 1024
330: dt: 2857.84, sse: 951956.7 (0.046, 20.4, 0.658), neg: 1066 (%0.028:%0.06), avgs: 1024
331: dt: 2441.73, sse: 927716.7 (0.046, 20.2, 0.650), neg: 1151 (%0.032:%0.08), avgs: 1024
332: dt: 3061.62, sse: 902694.9 (0.045, 19.9, 0.641), neg: 1053 (%0.028:%0.06), avgs: 1024
333: dt: 2248.35, sse: 882589.2 (0.045, 19.7, 0.633), neg: 1124 (%0.032:%0.07), avgs: 1024
334: dt: 3455.61, sse: 860862.1 (0.045, 19.4, 0.626), neg: 1037 (%0.028:%0.06), avgs: 1024
335: dt: 1977.36, sse: 843472.1 (0.045, 19.3, 0.619), neg: 1107 (%0.032:%0.07), avgs: 1024
336: dt: 4599.73, sse: 822566.4 (0.045, 19.0, 0.611), neg: 1025 (%0.028:%0.06), avgs: 1024
337: dt: 1818.18, sse: 805804.4 (0.045, 18.9, 0.605), neg: 1100 (%0.032:%0.07), avgs: 1024
338: dt: 4909.54, sse: 787714.0 (0.045, 18.6, 0.598), neg: 1018 (%0.028:%0.06), avgs: 1024
339: dt: 1639.58, sse: 773424.6 (0.045, 18.6, 0.593), neg: 1088 (%0.031:%0.07), avgs: 1024
340: dt: 8819.35, sse: 750845.6 (0.045, 18.2, 0.584), neg: 1007 (%0.028:%0.06), avgs: 1024
341: dt: 1447.04, sse: 733023.8 (0.044, 18.2, 0.577), neg: 1070 (%0.031:%0.07), avgs: 1024
342: dt: 19516.23, sse: 700328.2 (0.046, 17.6, 0.564), neg: 987 (%0.028:%0.06), avgs: 1024
343: dt: 1274.31, sse: 676289.6 (0.044, 17.5, 0.554), neg: 1051 (%0.031:%0.07), avgs: 1024
344: dt: 41732.82, sse: 638872.8 (0.046, 17.2, 0.538), neg: 1276 (%0.043:%0.12), avgs: 1024
345: dt: 1598.86, sse: 620855.9 (0.045, 17.0, 0.530), neg: 1071 (%0.034:%0.08), avgs: 1024
346: dt: 2025.04, sse: 620196.4 (0.045, 17.0, 0.530), neg: 1085 (%0.034:%0.08), avgs: 1024
347: dt: 1080.09, sse: 609694.5 (0.044, 16.9, 0.525), neg: 1016 (%0.031:%0.07), avgs: 256
348: dt: 651.16, sse: 607149.0 (0.044, 16.8, 0.524), neg: 1013 (%0.032:%0.07), avgs: 256
349: dt: 168.69, sse: 606573.8 (0.044, 16.8, 0.524), neg: 1012 (%0.032:%0.07), avgs: 256
350: dt: 201.09, sse: 596203.7 (0.043, 16.6, 0.519), neg: 945 (%0.026:%0.06), avgs: 64
351: dt: 186.00, sse: 592575.8 (0.043, 16.6, 0.518), neg: 932 (%0.025:%0.06), avgs: 64
352: dt: 172.80, sse: 591623.1 (0.043, 16.5, 0.517), neg: 914 (%0.025:%0.06), avgs: 64
353: dt: 211.83, sse: 590272.4 (0.043, 16.5, 0.517), neg: 910 (%0.025:%0.06), avgs: 64
354: dt: 62.99, sse: 589883.1 (0.043, 16.5, 0.517), neg: 902 (%0.025:%0.06), avgs: 64
355: dt: 166.40, sse: 589637.9 (0.043, 16.5, 0.516), neg: 899 (%0.025:%0.06), avgs: 64
356: dt: 73.42, sse: 585706.7 (0.043, 16.3, 0.515), neg: 822 (%0.021:%0.05), avgs: 16
357: dt: 76.16, sse: 582863.1 (0.042, 16.3, 0.513), neg: 821 (%0.023:%0.05), avgs: 16
358: dt: 7.27, sse: 582621.4 (0.042, 16.3, 0.513), neg: 809 (%0.022:%0.05), avgs: 16
359: dt: 8.16, sse: 582465.8 (0.042, 16.3, 0.513), neg: 807 (%0.021:%0.05), avgs: 16
360: dt: 30.40, sse: 582223.1 (0.042, 16.2, 0.513), neg: 807 (%0.020:%0.05), avgs: 16
361: dt: 207.01, sse: 580310.9 (0.042, 16.2, 0.512), neg: 785 (%0.025:%0.05), avgs: 16
362: dt: 11.73, sse: 579967.7 (0.042, 16.2, 0.512), neg: 776 (%0.021:%0.05), avgs: 16
363: dt: 10.45, sse: 579887.7 (0.042, 16.2, 0.512), neg: 773 (%0.020:%0.05), avgs: 16
364: dt: 26.91, sse: 578882.8 (0.042, 16.0, 0.512), neg: 730 (%0.016:%0.04), avgs: 4
365: dt: 23.30, sse: 577133.5 (0.042, 16.0, 0.511), neg: 697 (%0.017:%0.04), avgs: 4
366: dt: 4.23, sse: 576926.8 (0.042, 16.0, 0.511), neg: 697 (%0.013:%0.04), avgs: 4
367: dt: 10.10, sse: 576496.6 (0.041, 16.0, 0.511), neg: 685 (%0.011:%0.03), avgs: 4
368: dt: 63.21, sse: 575172.6 (0.041, 15.9, 0.510), neg: 679 (%0.015:%0.03), avgs: 4
369: dt: 8.21, sse: 574882.6 (0.041, 15.9, 0.510), neg: 662 (%0.011:%0.03), avgs: 4
370: dt: 9.94, sse: 574699.6 (0.041, 15.9, 0.510), neg: 662 (%0.010:%0.03), avgs: 4
371: dt: 89.74, sse: 574049.6 (0.041, 15.9, 0.509), neg: 658 (%0.016:%0.03), avgs: 4
372: dt: 0.77, sse: 573948.2 (0.041, 15.9, 0.509), neg: 655 (%0.013:%0.03), avgs: 4
373: dt: 0.86, sse: 573891.1 (0.041, 15.9, 0.509), neg: 655 (%0.012:%0.03), avgs: 4
374: dt: 1.40, sse: 573826.4 (0.041, 15.9, 0.509), neg: 660 (%0.014:%0.03), avgs: 1
375: dt: 0.10, sse: 573826.1 (0.041, 15.9, 0.509), neg: 664 (%0.014:%0.03), avgs: 1
376: dt: 1.11, sse: 573483.6 (0.042, 15.8, 0.509), neg: 621 (%0.022:%0.03), avgs: 0
377: dt: 0.28, sse: 573284.6 (0.041, 15.8, 0.509), neg: 611 (%0.010:%0.02), avgs: 0
378: dt: 0.93, sse: 572945.1 (0.041, 15.7, 0.509), neg: 599 (%0.010:%0.02), avgs: 0
379: dt: 1.90, sse: 572434.8 (0.041, 15.7, 0.509), neg: 597 (%0.013:%0.02), avgs: 0
380: dt: 0.62, sse: 572269.4 (0.040, 15.7, 0.509), neg: 586 (%0.008:%0.02), avgs: 0
381: dt: 1.53, sse: 572026.0 (0.041, 15.7, 0.509), neg: 590 (%0.011:%0.02), avgs: 0
382: dt: 0.56, sse: 571913.9 (0.040, 15.7, 0.509), neg: 592 (%0.009:%0.02), avgs: 0
383: dt: 1.20, sse: 571707.0 (0.040, 15.7, 0.508), neg: 587 (%0.012:%0.02), avgs: 0
384: dt: 0.19, sse: 571647.8 (0.040, 15.7, 0.508), neg: 589 (%0.008:%0.02), avgs: 0
385: dt: 9.50, sse: 571203.8 (0.043, 15.8, 0.508), neg: 647 (%0.037:%0.02), avgs: 0
386: dt: 0.04, sse: 571147.8 (0.041, 15.8, 0.508), neg: 650 (%0.029:%0.02), avgs: 0
387: dt: 0.12, sse: 571092.1 (0.043, 15.8, 0.508), neg: 646 (%0.031:%0.02), avgs: 0
388: dt: 0.05, sse: 571016.9 (0.041, 15.8, 0.508), neg: 648 (%0.018:%0.02), avgs: 0
389: dt: 0.29, sse: 570941.5 (0.041, 15.8, 0.508), neg: 641 (%0.017:%0.02), avgs: 0
390: dt: 0.04, sse: 570933.6 (0.041, 15.8, 0.508), neg: 643 (%0.014:%0.02), avgs: 0
pass 0: epoch 2 of 3 starting distance error %13.49
tol=2.0e-01, sigma=0.0, host=surly, nav=1024, nbrs=2, l_nlarea=1.000, l_dist=1.000
using quadratic fit line minimization
nlarea/dist = 1.000
391: dt: 409.30, sse: 5566955.0 (0.043, 15.4, 0.505), neg: 646 (%0.014:%0.02), avgs: 1024
392: dt: 380.20, sse: 5536912.0 (0.042, 15.5, 0.504), neg: 646 (%0.014:%0.02), avgs: 1024
393: dt: 405.08, sse: 5515927.0 (0.043, 15.3, 0.503), neg: 645 (%0.014:%0.02), avgs: 1024
394: dt: 246.91, sse: 5495413.5 (0.042, 15.4, 0.502), neg: 646 (%0.014:%0.02), avgs: 1024
395: dt: 316.24, sse: 5481860.0 (0.043, 15.3, 0.501), neg: 647 (%0.014:%0.02), avgs: 1024
396: dt: 253.47, sse: 5468713.5 (0.043, 15.3, 0.501), neg: 643 (%0.014:%0.02), avgs: 1024
397: dt: 284.67, sse: 5458029.5 (0.043, 15.3, 0.500), neg: 647 (%0.014:%0.02), avgs: 1024
398: dt: 82.27, sse: 5448728.5 (0.043, 15.3, 0.500), neg: 639 (%0.014:%0.02), avgs: 256
399: dt: 21.00, sse: 5446524.5 (0.043, 15.3, 0.500), neg: 642 (%0.014:%0.02), avgs: 256
400: dt: 13.69, sse: 5442033.0 (0.043, 15.2, 0.499), neg: 646 (%0.015:%0.02), avgs: 64
401: dt: 52.57, sse: 5439504.5 (0.044, 15.2, 0.499), neg: 665 (%0.016:%0.02), avgs: 64
402: dt: 5.24, sse: 5436245.5 (0.043, 15.3, 0.499), neg: 674 (%0.015:%0.02), avgs: 16
403: dt: 8.51, sse: 5433895.5 (0.043, 15.3, 0.499), neg: 706 (%0.017:%0.03), avgs: 16
404: dt: 1.74, sse: 5433285.0 (0.043, 15.3, 0.499), neg: 709 (%0.016:%0.03), avgs: 16
405: dt: 4.24, sse: 5429908.5 (0.043, 15.4, 0.499), neg: 764 (%0.017:%0.03), avgs: 4
406: dt: 1.48, sse: 5427008.5 (0.043, 15.4, 0.499), neg: 778 (%0.019:%0.03), avgs: 4
407: dt: 1.08, sse: 5426825.0 (0.043, 15.4, 0.499), neg: 789 (%0.018:%0.03), avgs: 4
408: dt: 3.19, sse: 5423392.5 (0.044, 15.7, 0.499), neg: 953 (%0.042:%0.05), avgs: 1
409: dt: 0.00, sse: 5423392.5 (0.044, 15.7, 0.499), neg: 953 (%0.042:%0.05), avgs: 1
410: dt: 0.10, sse: 5421917.0 (0.044, 15.7, 0.499), neg: 953 (%0.034:%0.05), avgs: 0
411: dt: 0.16, sse: 5418682.0 (0.043, 15.7, 0.498), neg: 936 (%0.028:%0.04), avgs: 0
412: dt: 0.18, sse: 5416696.5 (0.043, 15.7, 0.498), neg: 938 (%0.021:%0.04), avgs: 0
413: dt: 1.70, sse: 5408865.0 (0.043, 16.1, 0.498), neg: 1083 (%0.027:%0.05), avgs: 0
414: dt: 0.42, sse: 5408513.5 (0.043, 16.1, 0.498), neg: 1090 (%0.027:%0.05), avgs: 0
415: dt: 0.28, sse: 5408303.5 (0.043, 16.1, 0.498), neg: 1099 (%0.024:%0.05), avgs: 0
pass 0: epoch 3 of 3 starting distance error %13.28
tol=2.0e-01, sigma=0.0, host=surly, nav=1024, nbrs=2, l_nlarea=0.100, l_dist=1.000
using quadratic fit line minimization
nlarea/dist = 0.100
416: dt: 1100.09, sse: 5369578.0 (0.044, 16.0, 0.496), neg: 1116 (%0.024:%0.06), avgs: 1024
417: dt: 247.95, sse: 5348651.0 (0.043, 16.1, 0.496), neg: 1101 (%0.024:%0.05), avgs: 1024
418: dt: 317.57, sse: 5339923.5 (0.043, 16.0, 0.495), neg: 1107 (%0.024:%0.05), avgs: 1024
419: dt: 87.21, sse: 5335941.5 (0.043, 16.0, 0.495), neg: 1112 (%0.024:%0.06), avgs: 256
420: dt: 20.98, sse: 5334051.0 (0.043, 16.0, 0.495), neg: 1117 (%0.025:%0.06), avgs: 64
421: dt: 1.87, sse: 5333521.5 (0.043, 16.1, 0.495), neg: 1124 (%0.025:%0.06), avgs: 16
422: dt: 6.44, sse: 5331665.5 (0.043, 16.2, 0.495), neg: 1231 (%0.036:%0.07), avgs: 4
423: dt: 3.50, sse: 5330247.5 (0.043, 16.2, 0.495), neg: 1257 (%0.041:%0.08), avgs: 4
424: dt: 8.40, sse: 5328277.0 (0.044, 16.3, 0.495), neg: 1334 (%0.059:%0.09), avgs: 4
425: dt: 1.91, sse: 5326623.5 (0.044, 16.3, 0.494), neg: 1346 (%0.061:%0.09), avgs: 4
426: dt: 20.85, sse: 5321368.5 (0.044, 16.5, 0.494), neg: 1556 (%0.100:%0.12), avgs: 4
427: dt: 1.13, sse: 5320051.5 (0.044, 16.5, 0.494), neg: 1560 (%0.099:%0.13), avgs: 4
428: dt: 6.59, sse: 5317800.0 (0.044, 16.5, 0.494), neg: 1624 (%0.102:%0.14), avgs: 4
429: dt: 2.56, sse: 5315316.0 (0.044, 16.5, 0.494), neg: 1663 (%0.112:%0.15), avgs: 4
430: dt: 16.44, sse: 5308492.5 (0.045, 16.7, 0.494), neg: 1837 (%0.181:%0.19), avgs: 4
431: dt: 1.67, sse: 5303541.0 (0.045, 16.7, 0.493), neg: 1855 (%0.178:%0.19), avgs: 4
432: dt: 20.81, sse: 5291809.5 (0.046, 17.0, 0.493), neg: 2158 (%0.243:%0.26), avgs: 4
433: dt: 3.33, sse: 5281587.0 (0.046, 17.0, 0.492), neg: 2203 (%0.264:%0.27), avgs: 4
434: dt: 4.14, sse: 5276152.0 (0.047, 17.0, 0.492), neg: 2252 (%0.285:%0.28), avgs: 4
435: dt: 1.50, sse: 5272988.5 (0.047, 17.0, 0.492), neg: 2273 (%0.291:%0.29), avgs: 4
436: dt: 16.00, sse: 5261639.0 (0.048, 17.2, 0.491), neg: 2447 (%0.372:%0.33), avgs: 4
437: dt: 0.76, sse: 5258501.0 (0.048, 17.2, 0.491), neg: 2464 (%0.369:%0.33), avgs: 4
438: dt: 1.22, sse: 5256090.0 (0.048, 17.2, 0.491), neg: 2487 (%0.366:%0.34), avgs: 4
439: dt: 8.42, sse: 5251329.0 (0.048, 17.3, 0.491), neg: 2616 (%0.368:%0.37), avgs: 4
440: dt: 0.88, sse: 5249095.0 (0.048, 17.3, 0.491), neg: 2632 (%0.374:%0.37), avgs: 4
441: dt: 4.57, sse: 5245215.0 (0.048, 17.4, 0.491), neg: 2675 (%0.403:%0.38), avgs: 4
442: dt: 2.20, sse: 5242667.5 (0.048, 17.4, 0.491), neg: 2706 (%0.405:%0.38), avgs: 4
443: dt: 26.42, sse: 5232517.5 (0.049, 17.6, 0.490), neg: 3008 (%0.495:%0.45), avgs: 4
444: dt: 2.36, sse: 5224567.0 (0.049, 17.6, 0.490), neg: 3038 (%0.487:%0.45), avgs: 4
445: dt: 3.50, sse: 5222045.5 (0.049, 17.7, 0.490), neg: 3091 (%0.491:%0.47), avgs: 4
446: dt: 1.29, sse: 5220750.5 (0.049, 17.7, 0.490), neg: 3105 (%0.493:%0.47), avgs: 4
447: dt: 14.53, sse: 5214477.5 (0.050, 17.8, 0.489), neg: 3280 (%0.530:%0.50), avgs: 4
448: dt: 1.78, sse: 5211325.5 (0.050, 17.8, 0.489), neg: 3287 (%0.532:%0.51), avgs: 4
449: dt: 70.40, sse: 5198069.5 (0.052, 18.3, 0.488), neg: 3819 (%0.721:%0.62), avgs: 4
450: dt: 2.85, sse: 5182203.0 (0.052, 18.3, 0.488), neg: 3849 (%0.679:%0.63), avgs: 4
451: dt: 4.78, sse: 5177679.0 (0.051, 18.4, 0.488), neg: 3889 (%0.682:%0.64), avgs: 4
452: dt: 1.15, sse: 5175997.5 (0.051, 18.4, 0.487), neg: 3898 (%0.682:%0.64), avgs: 4
453: dt: 7.84, sse: 5173238.5 (0.052, 18.4, 0.487), neg: 3961 (%0.690:%0.65), avgs: 4
454: dt: 1.12, sse: 5171212.0 (0.052, 18.4, 0.487), neg: 3968 (%0.692:%0.65), avgs: 4
455: dt: 5.19, sse: 5168890.0 (0.052, 18.4, 0.487), neg: 3986 (%0.704:%0.66), avgs: 4
456: dt: 2.12, sse: 5167051.5 (0.052, 18.5, 0.487), neg: 4003 (%0.706:%0.66), avgs: 4
457: dt: 15.82, sse: 5161256.0 (0.052, 18.5, 0.487), neg: 4100 (%0.732:%0.68), avgs: 4
458: dt: 1.38, sse: 5158516.5 (0.052, 18.5, 0.487), neg: 4108 (%0.733:%0.69), avgs: 4
459: dt: 7.82, sse: 5156093.5 (0.052, 18.6, 0.487), neg: 4163 (%0.743:%0.70), avgs: 4
460: dt: 2.08, sse: 5153771.0 (0.052, 18.6, 0.486), neg: 4161 (%0.746:%0.70), avgs: 4
461: dt: 20.90, sse: 5147865.5 (0.053, 18.7, 0.486), neg: 4302 (%0.785:%0.73), avgs: 4
462: dt: 1.85, sse: 5144165.0 (0.053, 18.7, 0.486), neg: 4333 (%0.784:%0.74), avgs: 1
463: dt: 1.12, sse: 5143337.0 (0.053, 18.7, 0.486), neg: 4346 (%0.786:%0.75), avgs: 1
464: dt: 6.40, sse: 5142228.0 (0.053, 18.8, 0.486), neg: 4449 (%0.805:%0.76), avgs: 1
465: dt: 0.00, sse: 5142228.0 (0.053, 18.8, 0.486), neg: 4449 (%0.805:%0.76), avgs: 1
466: dt: 1.75, sse: 5137784.5 (0.053, 19.0, 0.486), neg: 4542 (%0.798:%0.78), avgs: 0
467: dt: 0.89, sse: 5137074.5 (0.053, 19.0, 0.486), neg: 4574 (%0.799:%0.78), avgs: 0
468: dt: 7.30, sse: 5135339.5 (0.054, 19.4, 0.486), neg: 4874 (%0.838:%0.82), avgs: 0
469: dt: 0.77, sse: 5134071.0 (0.054, 19.4, 0.485), neg: 4851 (%0.830:%0.82), avgs: 0
470: dt: 0.99, sse: 5133292.0 (0.054, 19.3, 0.485), neg: 4822 (%0.828:%0.82), avgs: 0
471: dt: 8.86, sse: 5130619.0 (0.054, 19.2, 0.485), neg: 4761 (%0.835:%0.82), avgs: 0
472: dt: 0.79, sse: 5129037.0 (0.054, 19.2, 0.485), neg: 4781 (%0.836:%0.82), avgs: 0
473: dt: 3.33, sse: 5127835.0 (0.054, 19.4, 0.485), neg: 4849 (%0.849:%0.83), avgs: 0
474: dt: 1.20, sse: 5127151.0 (0.054, 19.3, 0.485), neg: 4864 (%0.850:%0.83), avgs: 0
475: dt: 1.33, sse: 5126542.5 (0.054, 19.3, 0.485), neg: 4868 (%0.851:%0.83), avgs: 0
476: dt: 1.86, sse: 5125912.5 (0.054, 19.4, 0.485), neg: 4882 (%0.855:%0.83), avgs: 0
477: dt: 0.89, sse: 5125269.0 (0.054, 19.4, 0.485), neg: 4883 (%0.855:%0.84), avgs: 0
478: dt: 2.00, sse: 5124472.0 (0.054, 19.4, 0.485), neg: 4895 (%0.860:%0.84), avgs: 0
479: dt: 1.35, sse: 5123927.5 (0.054, 19.4, 0.485), neg: 4902 (%0.861:%0.84), avgs: 0
480: dt: 1.35, sse: 5123321.5 (0.054, 19.4, 0.485), neg: 4917 (%0.864:%0.84), avgs: 0
481: dt: 1.40, sse: 5122772.0 (0.054, 19.4, 0.485), neg: 4924 (%0.866:%0.84), avgs: 0
482: dt: 1.35, sse: 5122159.0 (0.054, 19.4, 0.485), neg: 4933 (%0.869:%0.85), avgs: 0
483: dt: 1.35, sse: 5121596.5 (0.054, 19.4, 0.485), neg: 4933 (%0.870:%0.85), avgs: 0
484: dt: 1.35, sse: 5120968.5 (0.054, 19.4, 0.485), neg: 4952 (%0.873:%0.85), avgs: 0
485: dt: 1.34, sse: 5120394.5 (0.054, 19.4, 0.485), neg: 4957 (%0.875:%0.85), avgs: 0
486: dt: 1.34, sse: 5119762.0 (0.054, 19.4, 0.485), neg: 4962 (%0.878:%0.85), avgs: 0
487: dt: 1.34, sse: 5119191.0 (0.054, 19.4, 0.485), neg: 4967 (%0.879:%0.86), avgs: 0
488: dt: 1.34, sse: 5118565.0 (0.055, 19.4, 0.485), neg: 4973 (%0.882:%0.86), avgs: 0
489: dt: 1.34, sse: 5117991.0 (0.055, 19.4, 0.485), neg: 4978 (%0.884:%0.86), avgs: 0
490: dt: 1.36, sse: 5117360.5 (0.055, 19.4, 0.485), neg: 4991 (%0.887:%0.86), avgs: 0
491: dt: 1.34, sse: 5116790.0 (0.055, 19.5, 0.485), neg: 5001 (%0.888:%0.86), avgs: 0
492: dt: 1.34, sse: 5116163.5 (0.055, 19.5, 0.485), neg: 5015 (%0.892:%0.87), avgs: 0
493: dt: 1.34, sse: 5115592.5 (0.055, 19.5, 0.485), neg: 5017 (%0.893:%0.87), avgs: 0
494: dt: 1.34, sse: 5114960.5 (0.055, 19.5, 0.485), neg: 5035 (%0.897:%0.87), avgs: 0
495: dt: 1.34, sse: 5114371.5 (0.055, 19.5, 0.485), neg: 5041 (%0.898:%0.87), avgs: 0
496: dt: 1.34, sse: 5113720.5 (0.055, 19.5, 0.485), neg: 5050 (%0.902:%0.87), avgs: 0
497: dt: 1.34, sse: 5113109.0 (0.055, 19.5, 0.484), neg: 5060 (%0.903:%0.88), avgs: 0
498: dt: 1.34, sse: 5112433.0 (0.055, 19.5, 0.484), neg: 5077 (%0.907:%0.88), avgs: 0
499: dt: 1.34, sse: 5111808.0 (0.055, 19.5, 0.484), neg: 5083 (%0.908:%0.88), avgs: 0
500: dt: 1.34, sse: 5111141.5 (0.055, 19.5, 0.484), neg: 5096 (%0.912:%0.88), avgs: 0
501: dt: 1.34, sse: 5110530.0 (0.055, 19.5, 0.484), neg: 5102 (%0.913:%0.89), avgs: 0
502: dt: 1.34, sse: 5109862.5 (0.055, 19.5, 0.484), neg: 5114 (%0.917:%0.89), avgs: 0
503: dt: 1.34, sse: 5109236.5 (0.055, 19.5, 0.484), neg: 5112 (%0.918:%0.89), avgs: 0
504: dt: 1.34, sse: 5108575.0 (0.055, 19.5, 0.484), neg: 5128 (%0.921:%0.89), avgs: 0
505: dt: 1.50, sse: 5107946.5 (0.055, 19.5, 0.484), neg: 5134 (%0.923:%0.89), avgs: 0
starting distance error %12.87
nlarea/dist = 1000000.000
506: dt: 53.90, sse: 9203.3 (0.048, 18.9, 0.116), neg: 4256 (%0.258:%0.62), avgs: 32
507: dt: 94.48, sse: 9133.9 (0.046, 18.3, 0.117), neg: 3166 (%0.121:%0.41), avgs: 32
508: dt: 86.00, sse: 9103.1 (0.045, 18.1, 0.118), neg: 2662 (%0.083:%0.30), avgs: 32
509: dt: 214.07, sse: 9069.6 (0.044, 18.0, 0.119), neg: 2119 (%0.066:%0.23), avgs: 32
510: dt: 67.80, sse: 9052.5 (0.044, 17.9, 0.119), neg: 1937 (%0.044:%0.17), avgs: 32
511: dt: 535.02, sse: 9017.5 (0.043, 18.4, 0.123), neg: 1741 (%0.044:%0.18), avgs: 32
512: dt: 54.13, sse: 9006.0 (0.043, 18.3, 0.123), neg: 1500 (%0.030:%0.11), avgs: 32
513: dt: 361.25, sse: 8994.6 (0.043, 18.4, 0.124), neg: 1443 (%0.032:%0.11), avgs: 32
514: dt: 60.44, sse: 8988.8 (0.043, 18.4, 0.125), neg: 1367 (%0.027:%0.09), avgs: 32
515: dt: 303.30, sse: 8982.4 (0.044, 18.7, 0.127), neg: 1388 (%0.030:%0.10), avgs: 32
516: dt: 62.15, sse: 8980.4 (0.044, 18.7, 0.128), neg: 1360 (%0.029:%0.10), avgs: 32
517: dt: 64.49, sse: 8979.5 (0.044, 18.8, 0.129), neg: 1369 (%0.030:%0.10), avgs: 32
518: dt: 64.36, sse: 8978.7 (0.044, 18.8, 0.129), neg: 1373 (%0.030:%0.10), avgs: 32
519: dt: 63.81, sse: 8978.2 (0.045, 18.9, 0.130), neg: 1381 (%0.031:%0.10), avgs: 32
520: dt: 63.05, sse: 8977.7 (0.045, 18.9, 0.131), neg: 1383 (%0.032:%0.10), avgs: 32
521: dt: 62.16, sse: 8977.5 (0.045, 19.0, 0.132), neg: 1391 (%0.032:%0.10), avgs: 32
522: dt: 20.37, sse: 8977.5 (0.046, 19.0, 0.132), neg: 1393 (%0.033:%0.10), avgs: 32
523: dt: 46.89, sse: 8958.9 (0.047, 18.9, 0.134), neg: 1309 (%0.045:%0.10), avgs: 8
524: dt: 6.91, sse: 8952.4 (0.048, 19.0, 0.135), neg: 1250 (%0.034:%0.09), avgs: 8
525: dt: 3.72, sse: 8950.5 (0.048, 19.0, 0.135), neg: 1235 (%0.032:%0.09), avgs: 8
526: dt: 3.84, sse: 8950.0 (0.048, 19.0, 0.135), neg: 1234 (%0.032:%0.09), avgs: 8
527: dt: 3.84, sse: 8949.9 (0.049, 19.0, 0.135), neg: 1243 (%0.033:%0.09), avgs: 8
528: dt: 8.52, sse: 8920.6 (0.051, 18.8, 0.136), neg: 1146 (%0.055:%0.09), avgs: 2
529: dt: 0.92, sse: 8906.0 (0.049, 18.7, 0.136), neg: 1087 (%0.037:%0.08), avgs: 2
530: dt: 0.77, sse: 8900.8 (0.049, 18.7, 0.136), neg: 1064 (%0.032:%0.07), avgs: 2
531: dt: 2.08, sse: 8891.7 (0.049, 18.7, 0.136), neg: 1043 (%0.029:%0.07), avgs: 2
532: dt: 1.38, sse: 8885.1 (0.048, 18.7, 0.136), neg: 1027 (%0.026:%0.06), avgs: 2
533: dt: 4.30, sse: 8872.6 (0.048, 18.6, 0.136), neg: 983 (%0.025:%0.06), avgs: 2
534: dt: 1.03, sse: 8867.1 (0.048, 18.6, 0.136), neg: 963 (%0.021:%0.06), avgs: 2
535: dt: 18.11, sse: 8842.2 (0.050, 18.5, 0.136), neg: 883 (%0.044:%0.05), avgs: 2
536: dt: 0.53, sse: 8831.2 (0.048, 18.4, 0.136), neg: 866 (%0.029:%0.05), avgs: 2
537: dt: 0.93, sse: 8827.4 (0.048, 18.4, 0.136), neg: 853 (%0.024:%0.05), avgs: 2
538: dt: 1.21, sse: 8821.5 (0.047, 18.4, 0.136), neg: 818 (%0.019:%0.04), avgs: 2
539: dt: 3.38, sse: 8816.0 (0.047, 18.4, 0.136), neg: 783 (%0.017:%0.04), avgs: 2
540: dt: 15.01, sse: 8804.5 (0.047, 18.3, 0.136), neg: 754 (%0.024:%0.04), avgs: 2
541: dt: 1.88, sse: 8797.6 (0.047, 18.3, 0.136), neg: 737 (%0.014:%0.03), avgs: 2
542: dt: 2.76, sse: 8794.5 (0.047, 18.3, 0.136), neg: 724 (%0.012:%0.03), avgs: 2
543: dt: 2.31, sse: 8791.9 (0.047, 18.3, 0.136), neg: 712 (%0.011:%0.03), avgs: 2
544: dt: 4.45, sse: 8788.4 (0.047, 18.3, 0.136), neg: 698 (%0.011:%0.03), avgs: 2
545: dt: 3.00, sse: 8786.2 (0.047, 18.3, 0.136), neg: 699 (%0.009:%0.03), avgs: 2
546: dt: 3.73, sse: 8784.1 (0.047, 18.3, 0.136), neg: 696 (%0.010:%0.03), avgs: 2
547: dt: 1.53, sse: 8782.3 (0.047, 18.3, 0.136), neg: 680 (%0.009:%0.03), avgs: 2
548: dt: 4.80, sse: 8780.2 (0.047, 18.3, 0.136), neg: 683 (%0.010:%0.03), avgs: 2
549: dt: 1.92, sse: 8778.1 (0.047, 18.3, 0.136), neg: 660 (%0.008:%0.02), avgs: 2
550: dt: 4.92, sse: 8776.5 (0.047, 18.3, 0.135), neg: 680 (%0.009:%0.03), avgs: 2
551: dt: 1.59, sse: 8774.6 (0.047, 18.2, 0.135), neg: 645 (%0.008:%0.02), avgs: 2
552: dt: 5.13, sse: 8772.3 (0.047, 18.2, 0.135), neg: 644 (%0.008:%0.02), avgs: 2
553: dt: 3.59, sse: 8770.7 (0.047, 18.2, 0.135), neg: 637 (%0.008:%0.02), avgs: 2
554: dt: 1.70, sse: 8769.5 (0.047, 18.2, 0.135), neg: 622 (%0.007:%0.02), avgs: 2
555: dt: 5.36, sse: 8767.4 (0.047, 18.2, 0.135), neg: 623 (%0.007:%0.02), avgs: 2
556: dt: 3.54, sse: 8766.4 (0.047, 18.2, 0.135), neg: 628 (%0.008:%0.02), avgs: 2
557: dt: 1.75, sse: 8765.1 (0.047, 18.2, 0.135), neg: 608 (%0.007:%0.02), avgs: 2
558: dt: 18.55, sse: 8761.2 (0.047, 18.2, 0.135), neg: 622 (%0.012:%0.03), avgs: 2
559: dt: 0.49, sse: 8759.1 (0.047, 18.2, 0.135), neg: 602 (%0.008:%0.02), avgs: 2
560: dt: 1.81, sse: 8757.6 (0.047, 18.2, 0.135), neg: 589 (%0.007:%0.02), avgs: 2
561: dt: 1.91, sse: 8756.8 (0.047, 18.2, 0.135), neg: 582 (%0.007:%0.02), avgs: 2
562: dt: 3.93, sse: 8755.8 (0.047, 18.2, 0.135), neg: 575 (%0.006:%0.02), avgs: 2
563: dt: 3.36, sse: 8754.9 (0.047, 18.2, 0.135), neg: 573 (%0.007:%0.02), avgs: 2
564: dt: 1.96, sse: 8754.0 (0.047, 18.2, 0.135), neg: 568 (%0.006:%0.02), avgs: 2
565: dt: 32.33, sse: 8749.6 (0.047, 18.2, 0.135), neg: 595 (%0.012:%0.03), avgs: 2
566: dt: 0.53, sse: 8747.2 (0.047, 18.2, 0.135), neg: 583 (%0.008:%0.02), avgs: 2
567: dt: 2.01, sse: 8745.3 (0.047, 18.2, 0.135), neg: 561 (%0.006:%0.02), avgs: 2
568: dt: 2.70, sse: 8725.8 (0.049, 18.0, 0.135), neg: 524 (%0.023:%0.03), avgs: 0
569: dt: 0.19, sse: 8716.8 (0.047, 17.9, 0.135), neg: 481 (%0.012:%0.02), avgs: 0
570: dt: 0.12, sse: 8713.3 (0.047, 17.9, 0.135), neg: 475 (%0.007:%0.02), avgs: 0
571: dt: 0.11, sse: 8712.2 (0.047, 17.9, 0.135), neg: 464 (%0.006:%0.02), avgs: 0
572: dt: 0.74, sse: 8710.1 (0.047, 17.9, 0.135), neg: 454 (%0.006:%0.01), avgs: 0
573: dt: 0.43, sse: 8709.0 (0.047, 17.9, 0.135), neg: 449 (%0.005:%0.01), avgs: 0
574: dt: 0.15, sse: 8708.2 (0.047, 17.9, 0.135), neg: 442 (%0.004:%0.01), avgs: 0
575: dt: 1.07, sse: 8706.8 (0.047, 17.9, 0.135), neg: 438 (%0.005:%0.01), avgs: 0
576: dt: 0.18, sse: 8706.1 (0.047, 17.9, 0.135), neg: 430 (%0.004:%0.01), avgs: 0
577: dt: 1.88, sse: 8704.5 (0.048, 17.9, 0.135), neg: 420 (%0.005:%0.01), avgs: 0
578: dt: 0.21, sse: 8703.7 (0.048, 17.8, 0.135), neg: 413 (%0.004:%0.01), avgs: 0
579: dt: 0.76, sse: 8703.1 (0.048, 17.8, 0.135), neg: 407 (%0.004:%0.01), avgs: 0
580: dt: 0.23, sse: 8702.8 (0.048, 17.8, 0.135), neg: 407 (%0.003:%0.01), avgs: 0
581: dt: 1.64, sse: 8702.3 (0.048, 17.8, 0.135), neg: 406 (%0.004:%0.01), avgs: 0
582: dt: 0.17, sse: 8701.7 (0.048, 17.8, 0.135), neg: 402 (%0.004:%0.01), avgs: 0
583: dt: 0.27, sse: 8701.5 (0.048, 17.8, 0.135), neg: 398 (%0.004:%0.01), avgs: 0
584: dt: 0.94, sse: 8701.2 (0.048, 17.8, 0.135), neg: 399 (%0.004:%0.01), avgs: 0
585: dt: 0.29, sse: 8700.8 (0.048, 17.8, 0.135), neg: 397 (%0.003:%0.01), avgs: 0
586: dt: 1.00, sse: 8700.6 (0.048, 17.8, 0.135), neg: 400 (%0.004:%0.01), avgs: 0
587: dt: 0.31, sse: 8700.3 (0.048, 17.8, 0.135), neg: 399 (%0.003:%0.01), avgs: 0
588: dt: 1.06, sse: 8700.1 (0.048, 17.8, 0.135), neg: 396 (%0.004:%0.01), avgs: 0
589: dt: 0.33, sse: 8699.9 (0.048, 17.8, 0.135), neg: 395 (%0.003:%0.01), avgs: 0
590: dt: 0.42, sse: 8699.8 (0.048, 17.8, 0.135), neg: 391 (%0.003:%0.01), avgs: 0
591: dt: 0.34, sse: 8699.7 (0.048, 17.8, 0.135), neg: 392 (%0.003:%0.01), avgs: 0
592: dt: 0.35, sse: 8699.6 (0.048, 17.8, 0.135), neg: 391 (%0.003:%0.01), avgs: 0
593: dt: 0.35, sse: 8699.5 (0.048, 17.8, 0.135), neg: 390 (%0.003:%0.01), avgs: 0
594: dt: 0.36, sse: 8699.5 (0.048, 17.8, 0.135), neg: 394 (%0.003:%0.01), avgs: 0
595: dt: 0.36, sse: 8699.4 (0.048, 17.8, 0.135), neg: 394 (%0.003:%0.01), avgs: 0
596: dt: 0.36, sse: 8699.3 (0.048, 17.8, 0.135), neg: 392 (%0.003:%0.01), avgs: 0
597: dt: 1.23, sse: 8699.2 (0.048, 17.8, 0.135), neg: 390 (%0.003:%0.01), avgs: 0
598: dt: 0.25, sse: 8699.1 (0.048, 17.8, 0.135), neg: 385 (%0.003:%0.01), avgs: 0
599: dt: 0.39, sse: 8699.0 (0.048, 17.8, 0.135), neg: 384 (%0.003:%0.01), avgs: 0
600: dt: 0.39, sse: 8699.0 (0.048, 17.8, 0.135), neg: 383 (%0.003:%0.01), avgs: 0
601: dt: 0.39, sse: 8698.9 (0.048, 17.8, 0.135), neg: 383 (%0.003:%0.01), avgs: 0
602: dt: 0.40, sse: 8698.9 (0.048, 17.8, 0.135), neg: 382 (%0.003:%0.01), avgs: 0
603: dt: 0.40, sse: 8698.8 (0.048, 17.8, 0.135), neg: 380 (%0.003:%0.01), avgs: 0
604: dt: 0.41, sse: 8698.8 (0.048, 17.8, 0.135), neg: 379 (%0.003:%0.01), avgs: 0
605: dt: 0.41, sse: 8698.7 (0.048, 17.8, 0.135), neg: 380 (%0.003:%0.01), avgs: 0
606: dt: 0.27, sse: 8698.7 (0.048, 17.8, 0.135), neg: 380 (%0.003:%0.01), avgs: 0
607: dt: 0.42, sse: 8698.6 (0.048, 17.7, 0.135), neg: 378 (%0.003:%0.01), avgs: 0
nlarea/dist = 100000.000
608: dt: 745.24, sse: 8687.1 (0.047, 17.7, 0.134), neg: 386 (%0.003:%0.01), avgs: 32
609: dt: 512.00, sse: 8678.2 (0.046, 17.8, 0.134), neg: 393 (%0.004:%0.01), avgs: 32
610: dt: 105.90, sse: 8672.0 (0.046, 17.8, 0.134), neg: 378 (%0.003:%0.01), avgs: 32
611: dt: 92.44, sse: 8669.4 (0.046, 17.8, 0.134), neg: 376 (%0.003:%0.01), avgs: 32
612: dt: 153.43, sse: 8667.7 (0.046, 17.8, 0.134), neg: 372 (%0.003:%0.01), avgs: 32
613: dt: 196.92, sse: 8665.5 (0.045, 17.8, 0.135), neg: 366 (%0.003:%0.01), avgs: 32
614: dt: 105.46, sse: 8664.0 (0.045, 17.8, 0.134), neg: 372 (%0.004:%0.01), avgs: 32
615: dt: 162.34, sse: 8662.2 (0.045, 17.8, 0.134), neg: 372 (%0.004:%0.01), avgs: 32
616: dt: 105.95, sse: 8660.8 (0.045, 17.8, 0.134), neg: 382 (%0.004:%0.01), avgs: 32
617: dt: 164.57, sse: 8659.4 (0.044, 17.8, 0.134), neg: 389 (%0.005:%0.01), avgs: 32
618: dt: 103.94, sse: 8658.5 (0.044, 17.8, 0.134), neg: 405 (%0.006:%0.01), avgs: 32
619: dt: 103.81, sse: 8658.1 (0.044, 17.8, 0.134), neg: 420 (%0.008:%0.01), avgs: 32
620: dt: 15.42, sse: 8658.1 (0.044, 17.8, 0.134), neg: 424 (%0.008:%0.01), avgs: 32
621: dt: 9.08, sse: 8657.7 (0.044, 17.8, 0.134), neg: 423 (%0.008:%0.02), avgs: 8
622: dt: 13.44, sse: 8657.2 (0.044, 17.8, 0.134), neg: 424 (%0.009:%0.02), avgs: 8
623: dt: 0.84, sse: 8657.2 (0.044, 17.8, 0.134), neg: 424 (%0.009:%0.02), avgs: 8
624: dt: 0.89, sse: 8656.2 (0.044, 17.8, 0.134), neg: 418 (%0.008:%0.02), avgs: 2
625: dt: 6.62, sse: 8653.2 (0.044, 17.8, 0.134), neg: 394 (%0.007:%0.01), avgs: 2
626: dt: 0.22, sse: 8652.8 (0.044, 17.8, 0.134), neg: 396 (%0.006:%0.01), avgs: 2
627: dt: 11.56, sse: 8650.5 (0.044, 17.8, 0.134), neg: 379 (%0.005:%0.01), avgs: 2
628: dt: 8.39, sse: 8648.8 (0.044, 17.8, 0.134), neg: 373 (%0.004:%0.01), avgs: 2
629: dt: 13.66, sse: 8647.6 (0.044, 17.8, 0.134), neg: 358 (%0.004:%0.01), avgs: 2
630: dt: 9.08, sse: 8646.5 (0.044, 17.8, 0.134), neg: 354 (%0.003:%0.01), avgs: 2
631: dt: 4.74, sse: 8646.0 (0.044, 17.8, 0.134), neg: 348 (%0.003:%0.01), avgs: 2
632: dt: 15.00, sse: 8645.1 (0.044, 17.8, 0.134), neg: 347 (%0.003:%0.01), avgs: 2
633: dt: 8.44, sse: 8644.6 (0.044, 17.8, 0.134), neg: 342 (%0.003:%0.01), avgs: 2
634: dt: 1.43, sse: 8644.4 (0.044, 17.8, 0.134), neg: 340 (%0.003:%0.01), avgs: 2
635: dt: 5.00, sse: 8644.1 (0.044, 17.8, 0.134), neg: 341 (%0.003:%0.01), avgs: 2
636: dt: 15.57, sse: 8643.5 (0.044, 17.8, 0.134), neg: 335 (%0.003:%0.01), avgs: 2
637: dt: 1.47, sse: 8643.2 (0.044, 17.8, 0.134), neg: 335 (%0.003:%0.01), avgs: 2
638: dt: 7.43, sse: 8642.9 (0.044, 17.8, 0.134), neg: 333 (%0.003:%0.01), avgs: 2
639: dt: 1.52, sse: 8642.8 (0.044, 17.8, 0.134), neg: 333 (%0.003:%0.01), avgs: 2
640: dt: 10.52, sse: 8642.4 (0.044, 17.8, 0.134), neg: 331 (%0.003:%0.01), avgs: 2
641: dt: 1.52, sse: 8642.3 (0.044, 17.8, 0.134), neg: 331 (%0.003:%0.01), avgs: 2
642: dt: 10.53, sse: 8642.0 (0.045, 17.8, 0.134), neg: 327 (%0.003:%0.01), avgs: 2
643: dt: 1.50, sse: 8641.8 (0.045, 17.8, 0.134), neg: 327 (%0.003:%0.01), avgs: 2
644: dt: 5.27, sse: 8641.5 (0.045, 17.8, 0.134), neg: 324 (%0.003:%0.01), avgs: 2
645: dt: 10.75, sse: 8641.2 (0.045, 17.8, 0.134), neg: 324 (%0.003:%0.01), avgs: 2
646: dt: 1.55, sse: 8641.1 (0.045, 17.8, 0.134), neg: 324 (%0.003:%0.01), avgs: 2
647: dt: 10.00, sse: 8640.8 (0.045, 17.8, 0.134), neg: 322 (%0.003:%0.01), avgs: 2
648: dt: 1.56, sse: 8640.7 (0.045, 17.8, 0.134), neg: 319 (%0.003:%0.01), avgs: 2
649: dt: 10.79, sse: 8640.5 (0.045, 17.8, 0.134), neg: 318 (%0.003:%0.01), avgs: 2
650: dt: 1.54, sse: 8640.3 (0.045, 17.8, 0.134), neg: 319 (%0.003:%0.01), avgs: 2
651: dt: 5.39, sse: 8640.1 (0.045, 17.8, 0.134), neg: 317 (%0.003:%0.01), avgs: 2
652: dt: 10.96, sse: 8639.8 (0.045, 17.8, 0.134), neg: 316 (%0.003:%0.01), avgs: 2
653: dt: 1.58, sse: 8639.7 (0.045, 17.8, 0.134), neg: 314 (%0.003:%0.01), avgs: 2
654: dt: 10.96, sse: 8639.5 (0.045, 17.8, 0.134), neg: 314 (%0.003:%0.01), avgs: 2
655: dt: 1.57, sse: 8639.3 (0.045, 17.8, 0.134), neg: 314 (%0.003:%0.01), avgs: 2
656: dt: 5.46, sse: 8639.1 (0.045, 17.8, 0.134), neg: 314 (%0.002:%0.01), avgs: 2
657: dt: 11.09, sse: 8638.9 (0.045, 17.8, 0.134), neg: 312 (%0.002:%0.01), avgs: 2
658: dt: 1.60, sse: 8638.8 (0.045, 17.8, 0.134), neg: 311 (%0.002:%0.01), avgs: 2
659: dt: 11.07, sse: 8638.6 (0.045, 17.8, 0.134), neg: 310 (%0.002:%0.01), avgs: 2
660: dt: 1.58, sse: 8638.5 (0.045, 17.8, 0.134), neg: 309 (%0.002:%0.01), avgs: 2
661: dt: 5.71, sse: 8638.3 (0.045, 17.8, 0.134), neg: 310 (%0.002:%0.01), avgs: 2
662: dt: 11.17, sse: 8638.1 (0.045, 17.8, 0.134), neg: 308 (%0.002:%0.01), avgs: 2
663: dt: 1.60, sse: 8637.9 (0.045, 17.8, 0.134), neg: 307 (%0.002:%0.01), avgs: 2
664: dt: 4.34, sse: 8635.7 (0.045, 17.8, 0.134), neg: 305 (%0.003:%0.01), avgs: 0
665: dt: 0.43, sse: 8634.7 (0.045, 17.8, 0.134), neg: 298 (%0.002:%0.01), avgs: 0
666: dt: 0.36, sse: 8634.6 (0.045, 17.8, 0.134), neg: 296 (%0.002:%0.00), avgs: 0
667: dt: 0.40, sse: 8634.6 (0.045, 17.8, 0.134), neg: 297 (%0.002:%0.00), avgs: 0
nlarea/dist = 1000.000
668: dt: 5319.80, sse: 8621.9 (0.045, 18.3, 0.137), neg: 454 (%0.012:%0.03), avgs: 32
669: dt: 71.11, sse: 8605.9 (0.044, 18.2, 0.137), neg: 305 (%0.003:%0.01), avgs: 32
670: dt: 187.08, sse: 8599.1 (0.044, 18.2, 0.137), neg: 305 (%0.003:%0.01), avgs: 32
671: dt: 179.05, sse: 8595.8 (0.044, 18.2, 0.138), neg: 315 (%0.004:%0.01), avgs: 32
672: dt: 5.37, sse: 8595.8 (0.044, 18.2, 0.138), neg: 319 (%0.004:%0.01), avgs: 32
673: dt: 8.50, sse: 8595.4 (0.044, 18.2, 0.138), neg: 323 (%0.005:%0.01), avgs: 8
674: dt: 0.00, sse: 8595.4 (0.044, 18.2, 0.138), neg: 323 (%0.005:%0.01), avgs: 8
675: dt: 2.33, sse: 8594.6 (0.044, 18.2, 0.138), neg: 320 (%0.006:%0.01), avgs: 2
676: dt: 4.31, sse: 8592.2 (0.044, 18.2, 0.138), neg: 313 (%0.004:%0.01), avgs: 2
677: dt: 8.06, sse: 8590.5 (0.044, 18.2, 0.138), neg: 305 (%0.005:%0.01), avgs: 2
678: dt: 4.17, sse: 8589.4 (0.044, 18.2, 0.138), neg: 299 (%0.004:%0.01), avgs: 2
679: dt: 2.00, sse: 8588.7 (0.043, 18.2, 0.138), neg: 301 (%0.004:%0.01), avgs: 2
680: dt: 14.91, sse: 8586.2 (0.044, 18.2, 0.138), neg: 291 (%0.003:%0.01), avgs: 2
681: dt: 5.24, sse: 8585.6 (0.044, 18.2, 0.138), neg: 287 (%0.003:%0.01), avgs: 2
682: dt: 5.39, sse: 8585.2 (0.044, 18.2, 0.138), neg: 282 (%0.003:%0.00), avgs: 2
683: dt: 5.49, sse: 8584.6 (0.044, 18.2, 0.138), neg: 286 (%0.002:%0.00), avgs: 2
684: dt: 29.71, sse: 8583.3 (0.044, 18.2, 0.138), neg: 283 (%0.003:%0.01), avgs: 2
685: dt: 1.60, sse: 8582.9 (0.044, 18.2, 0.138), neg: 280 (%0.003:%0.00), avgs: 2
686: dt: 5.91, sse: 8582.4 (0.044, 18.2, 0.138), neg: 279 (%0.003:%0.00), avgs: 2
687: dt: 12.22, sse: 8581.8 (0.044, 18.2, 0.138), neg: 276 (%0.002:%0.01), avgs: 2
688: dt: 6.09, sse: 8581.5 (0.044, 18.2, 0.138), neg: 273 (%0.002:%0.00), avgs: 2
689: dt: 12.91, sse: 8580.9 (0.044, 18.2, 0.138), neg: 267 (%0.002:%0.00), avgs: 2
690: dt: 6.38, sse: 8580.6 (0.044, 18.2, 0.138), neg: 271 (%0.002:%0.00), avgs: 2
691: dt: 13.33, sse: 8580.1 (0.044, 18.2, 0.138), neg: 264 (%0.002:%0.00), avgs: 2
692: dt: 6.55, sse: 8579.8 (0.044, 18.2, 0.138), neg: 266 (%0.002:%0.00), avgs: 2
693: dt: 13.51, sse: 8579.5 (0.044, 18.2, 0.138), neg: 263 (%0.002:%0.00), avgs: 2
694: dt: 6.59, sse: 8579.0 (0.044, 18.2, 0.138), neg: 261 (%0.002:%0.00), avgs: 2
695: dt: 13.78, sse: 8578.7 (0.044, 18.2, 0.138), neg: 259 (%0.002:%0.00), avgs: 2
696: dt: 13.69, sse: 8578.2 (0.044, 18.2, 0.138), neg: 260 (%0.002:%0.00), avgs: 2
697: dt: 6.77, sse: 8577.7 (0.044, 18.2, 0.138), neg: 255 (%0.002:%0.00), avgs: 2
698: dt: 6.92, sse: 8577.6 (0.044, 18.2, 0.138), neg: 253 (%0.002:%0.00), avgs: 2
699: dt: 21.36, sse: 8577.3 (0.044, 18.2, 0.138), neg: 255 (%0.002:%0.00), avgs: 2
700: dt: 6.81, sse: 8576.9 (0.044, 18.2, 0.138), neg: 256 (%0.002:%0.00), avgs: 2
701: dt: 6.94, sse: 8576.6 (0.044, 18.2, 0.138), neg: 255 (%0.002:%0.00), avgs: 2
702: dt: 14.26, sse: 8576.3 (0.044, 18.2, 0.138), neg: 251 (%0.002:%0.00), avgs: 2
703: dt: 7.00, sse: 8575.9 (0.044, 18.2, 0.138), neg: 249 (%0.002:%0.00), avgs: 2
704: dt: 10.00, sse: 8575.6 (0.044, 18.2, 0.138), neg: 252 (%0.002:%0.00), avgs: 2
705: dt: 2.15, sse: 8575.5 (0.044, 18.2, 0.138), neg: 249 (%0.002:%0.00), avgs: 2
706: dt: 7.28, sse: 8575.4 (0.044, 18.2, 0.138), neg: 247 (%0.002:%0.00), avgs: 2
707: dt: 22.15, sse: 8574.9 (0.044, 18.2, 0.138), neg: 246 (%0.002:%0.00), avgs: 2
708: dt: 7.25, sse: 8574.6 (0.044, 18.2, 0.138), neg: 240 (%0.002:%0.00), avgs: 2
709: dt: 22.27, sse: 8574.3 (0.044, 18.2, 0.138), neg: 244 (%0.002:%0.00), avgs: 2
710: dt: 2.10, sse: 8574.0 (0.044, 18.2, 0.138), neg: 241 (%0.002:%0.00), avgs: 2
711: dt: 7.34, sse: 8573.9 (0.044, 18.2, 0.138), neg: 237 (%0.002:%0.00), avgs: 2
712: dt: 7.43, sse: 8573.6 (0.044, 18.2, 0.138), neg: 237 (%0.002:%0.00), avgs: 2
713: dt: 7.46, sse: 8573.5 (0.044, 18.2, 0.138), neg: 236 (%0.002:%0.00), avgs: 2
714: dt: 15.09, sse: 8573.2 (0.044, 18.2, 0.138), neg: 233 (%0.002:%0.00), avgs: 2
715: dt: 1.00, sse: 8572.7 (0.044, 18.1, 0.138), neg: 239 (%0.002:%0.00), avgs: 0
716: dt: 0.62, sse: 8572.0 (0.044, 18.1, 0.138), neg: 233 (%0.002:%0.00), avgs: 0
717: dt: 0.45, sse: 8571.7 (0.044, 18.1, 0.138), neg: 229 (%0.001:%0.00), avgs: 0
718: dt: 0.72, sse: 8571.6 (0.044, 18.1, 0.138), neg: 236 (%0.001:%0.00), avgs: 0
719: dt: 0.50, sse: 8571.4 (0.044, 18.1, 0.138), neg: 229 (%0.001:%0.00), avgs: 0
720: dt: 0.78, sse: 8571.3 (0.044, 18.1, 0.138), neg: 232 (%0.002:%0.00), avgs: 0
721: dt: 0.26, sse: 8571.1 (0.044, 18.1, 0.138), neg: 230 (%0.001:%0.00), avgs: 0
722: dt: 0.84, sse: 8571.0 (0.045, 18.1, 0.138), neg: 225 (%0.001:%0.00), avgs: 0
723: dt: 1.00, sse: 8570.7 (0.045, 18.1, 0.138), neg: 225 (%0.002:%0.00), avgs: 0
724: dt: 0.29, sse: 8570.7 (0.045, 18.1, 0.138), neg: 223 (%0.001:%0.00), avgs: 0
725: dt: 0.30, sse: 8570.6 (0.045, 18.1, 0.138), neg: 222 (%0.001:%0.00), avgs: 0
726: dt: 0.92, sse: 8570.5 (0.045, 18.1, 0.138), neg: 220 (%0.001:%0.00), avgs: 0
727: dt: 0.93, sse: 8570.3 (0.045, 18.1, 0.138), neg: 217 (%0.001:%0.00), avgs: 0
728: dt: 0.31, sse: 8570.2 (0.045, 18.1, 0.138), neg: 217 (%0.001:%0.00), avgs: 0
729: dt: 0.64, sse: 8570.2 (0.045, 18.1, 0.138), neg: 217 (%0.001:%0.00), avgs: 0
730: dt: 0.32, sse: 8570.1 (0.045, 18.1, 0.138), neg: 218 (%0.001:%0.00), avgs: 0
731: dt: 0.99, sse: 8570.0 (0.045, 18.1, 0.138), neg: 219 (%0.001:%0.00), avgs: 0
732: dt: 0.25, sse: 8570.0 (0.045, 18.1, 0.138), neg: 217 (%0.001:%0.00), avgs: 0
733: dt: 1.02, sse: 8569.9 (0.045, 18.1, 0.138), neg: 215 (%0.001:%0.00), avgs: 0
734: dt: 0.34, sse: 8569.8 (0.045, 18.1, 0.138), neg: 216 (%0.001:%0.00), avgs: 0
735: dt: 0.69, sse: 8569.7 (0.045, 18.1, 0.138), neg: 216 (%0.001:%0.00), avgs: 0
736: dt: 0.35, sse: 8569.7 (0.045, 18.1, 0.138), neg: 216 (%0.001:%0.00), avgs: 0
737: dt: 1.06, sse: 8569.6 (0.045, 18.1, 0.138), neg: 212 (%0.001:%0.00), avgs: 0
738: dt: 0.71, sse: 8569.5 (0.045, 18.1, 0.138), neg: 212 (%0.001:%0.00), avgs: 0
739: dt: 0.36, sse: 8569.5 (0.045, 18.1, 0.138), neg: 211 (%0.001:%0.00), avgs: 0
740: dt: 1.09, sse: 8569.4 (0.045, 18.1, 0.138), neg: 210 (%0.001:%0.00), avgs: 0
741: dt: 0.36, sse: 8569.3 (0.045, 18.1, 0.138), neg: 210 (%0.001:%0.00), avgs: 0
742: dt: 0.37, sse: 8569.3 (0.045, 18.1, 0.138), neg: 210 (%0.001:%0.00), avgs: 0
743: dt: 1.12, sse: 8569.2 (0.045, 18.1, 0.138), neg: 210 (%0.001:%0.00), avgs: 0
744: dt: 0.37, sse: 8569.2 (0.045, 18.1, 0.138), neg: 214 (%0.001:%0.00), avgs: 0
745: dt: 0.37, sse: 8569.1 (0.045, 18.1, 0.138), neg: 211 (%0.001:%0.00), avgs: 0
746: dt: 1.15, sse: 8569.1 (0.045, 18.1, 0.138), neg: 211 (%0.001:%0.00), avgs: 0
747: dt: 0.38, sse: 8569.0 (0.045, 18.1, 0.138), neg: 207 (%0.001:%0.00), avgs: 0
748: dt: 0.39, sse: 8569.0 (0.045, 18.1, 0.138), neg: 207 (%0.001:%0.00), avgs: 0
749: dt: 1.17, sse: 8568.9 (0.045, 18.1, 0.138), neg: 208 (%0.001:%0.00), avgs: 0
750: dt: 0.38, sse: 8568.9 (0.045, 18.1, 0.138), neg: 210 (%0.001:%0.00), avgs: 0
751: dt: 0.39, sse: 8568.8 (0.045, 18.1, 0.138), neg: 206 (%0.001:%0.00), avgs: 0
752: dt: 0.40, sse: 8568.8 (0.045, 18.1, 0.138), neg: 206 (%0.001:%0.00), avgs: 0
nlarea/dist = 100.000
753: dt: 13999.26, sse: 8718.0 (0.045, 18.7, 0.140), neg: 604 (%0.030:%0.07), avgs: 32
754: dt: 80.39, sse: 8684.7 (0.043, 18.5, 0.139), neg: 367 (%0.014:%0.03), avgs: 32
755: dt: 103.38, sse: 8667.9 (0.042, 18.4, 0.139), neg: 243 (%0.003:%0.01), avgs: 32
756: dt: 316.44, sse: 8661.5 (0.042, 18.4, 0.139), neg: 234 (%0.003:%0.01), avgs: 32
757: dt: 90.99, sse: 8656.9 (0.041, 18.4, 0.139), neg: 224 (%0.003:%0.00), avgs: 32
758: dt: 169.11, sse: 8656.1 (0.042, 18.4, 0.139), neg: 219 (%0.002:%0.00), avgs: 32
759: dt: 0.00, sse: 8656.1 (0.042, 18.4, 0.139), neg: 219 (%0.002:%0.00), avgs: 32
760: dt: 14.14, sse: 8655.6 (0.042, 18.4, 0.139), neg: 216 (%0.002:%0.00), avgs: 8
761: dt: 14.43, sse: 8655.2 (0.041, 18.4, 0.139), neg: 224 (%0.002:%0.00), avgs: 8
762: dt: 14.36, sse: 8654.9 (0.041, 18.4, 0.139), neg: 229 (%0.002:%0.00), avgs: 8
763: dt: 13.99, sse: 8654.8 (0.041, 18.4, 0.139), neg: 235 (%0.003:%0.00), avgs: 8
764: dt: 4.42, sse: 8654.7 (0.041, 18.4, 0.139), neg: 242 (%0.003:%0.01), avgs: 8
765: dt: 6.64, sse: 8653.5 (0.041, 18.4, 0.139), neg: 237 (%0.004:%0.00), avgs: 2
766: dt: 8.00, sse: 8652.2 (0.041, 18.4, 0.139), neg: 246 (%0.003:%0.00), avgs: 2
767: dt: 4.37, sse: 8651.8 (0.041, 18.4, 0.139), neg: 245 (%0.002:%0.00), avgs: 2
768: dt: 4.73, sse: 8651.7 (0.041, 18.4, 0.139), neg: 246 (%0.002:%0.00), avgs: 2
769: dt: 14.58, sse: 8651.3 (0.041, 18.4, 0.139), neg: 246 (%0.002:%0.00), avgs: 2
770: dt: 8.67, sse: 8650.8 (0.041, 18.4, 0.139), neg: 251 (%0.003:%0.00), avgs: 2
771: dt: 5.23, sse: 8650.0 (0.041, 18.4, 0.139), neg: 245 (%0.002:%0.00), avgs: 2
772: dt: 6.40, sse: 8649.8 (0.041, 18.4, 0.139), neg: 240 (%0.002:%0.00), avgs: 2
773: dt: 1.67, sse: 8649.8 (0.041, 18.4, 0.139), neg: 241 (%0.002:%0.00), avgs: 2
774: dt: 0.51, sse: 8649.6 (0.041, 18.4, 0.139), neg: 239 (%0.002:%0.00), avgs: 0
775: dt: 0.39, sse: 8649.4 (0.041, 18.4, 0.139), neg: 240 (%0.002:%0.00), avgs: 0
776: dt: 0.21, sse: 8649.3 (0.041, 18.4, 0.139), neg: 239 (%0.002:%0.00), avgs: 0
777: dt: 0.21, sse: 8649.3 (0.041, 18.4, 0.139), neg: 236 (%0.001:%0.00), avgs: 0
778: dt: 0.22, sse: 8649.2 (0.041, 18.4, 0.139), neg: 234 (%0.001:%0.00), avgs: 0
779: dt: 0.69, sse: 8649.2 (0.041, 18.4, 0.139), neg: 235 (%0.001:%0.00), avgs: 0
780: dt: 0.25, sse: 8649.1 (0.041, 18.4, 0.139), neg: 233 (%0.001:%0.00), avgs: 0
781: dt: 0.26, sse: 8649.0 (0.041, 18.4, 0.139), neg: 233 (%0.001:%0.00), avgs: 0
782: dt: 0.26, sse: 8649.0 (0.041, 18.4, 0.139), neg: 231 (%0.001:%0.00), avgs: 0
nlarea/dist = 10.000
783: dt: 1818.67, sse: 11153.6 (0.039, 18.4, 0.137), neg: 224 (%0.002:%0.01), avgs: 32
784: dt: 185.17, sse: 11138.8 (0.038, 18.4, 0.137), neg: 217 (%0.002:%0.00), avgs: 32
785: dt: 372.87, sse: 11122.4 (0.038, 18.4, 0.137), neg: 220 (%0.002:%0.00), avgs: 32
786: dt: 260.84, sse: 11117.1 (0.038, 18.4, 0.137), neg: 227 (%0.002:%0.00), avgs: 32
787: dt: 99.56, sse: 11116.0 (0.038, 18.4, 0.137), neg: 230 (%0.003:%0.00), avgs: 32
788: dt: 18.14, sse: 11116.0 (0.038, 18.4, 0.137), neg: 235 (%0.003:%0.01), avgs: 32
789: dt: 22.59, sse: 11113.8 (0.038, 18.4, 0.137), neg: 231 (%0.003:%0.00), avgs: 8
790: dt: 22.81, sse: 11113.3 (0.038, 18.4, 0.137), neg: 236 (%0.003:%0.01), avgs: 8
791: dt: 0.00, sse: 11113.3 (0.038, 18.4, 0.137), neg: 236 (%0.003:%0.01), avgs: 8
792: dt: 16.14, sse: 11107.2 (0.037, 18.4, 0.136), neg: 230 (%0.003:%0.01), avgs: 2
793: dt: 16.51, sse: 11101.4 (0.037, 18.4, 0.136), neg: 237 (%0.003:%0.01), avgs: 2
794: dt: 1.61, sse: 11100.1 (0.037, 18.4, 0.136), neg: 223 (%0.003:%0.00), avgs: 2
795: dt: 11.75, sse: 11097.8 (0.037, 18.4, 0.136), neg: 210 (%0.002:%0.00), avgs: 2
796: dt: 18.34, sse: 11095.0 (0.037, 18.4, 0.136), neg: 213 (%0.002:%0.01), avgs: 2
797: dt: 10.46, sse: 11090.6 (0.037, 18.4, 0.136), neg: 222 (%0.003:%0.01), avgs: 2
798: dt: 8.99, sse: 11087.4 (0.038, 18.4, 0.136), neg: 203 (%0.002:%0.00), avgs: 2
799: dt: 2.03, sse: 11086.5 (0.038, 18.4, 0.136), neg: 201 (%0.002:%0.00), avgs: 2
800: dt: 22.76, sse: 11084.2 (0.037, 18.4, 0.136), neg: 203 (%0.002:%0.00), avgs: 2
801: dt: 15.70, sse: 11081.1 (0.037, 18.4, 0.136), neg: 197 (%0.002:%0.00), avgs: 2
802: dt: 17.52, sse: 11078.2 (0.038, 18.4, 0.136), neg: 213 (%0.003:%0.00), avgs: 2
803: dt: 8.26, sse: 11075.8 (0.037, 18.4, 0.136), neg: 188 (%0.001:%0.00), avgs: 2
804: dt: 15.53, sse: 11074.2 (0.038, 18.4, 0.136), neg: 193 (%0.002:%0.00), avgs: 2
805: dt: 13.71, sse: 11072.5 (0.037, 18.4, 0.136), neg: 185 (%0.001:%0.00), avgs: 2
806: dt: 8.53, sse: 11071.5 (0.037, 18.4, 0.136), neg: 193 (%0.001:%0.00), avgs: 2
807: dt: 44.00, sse: 11069.0 (0.038, 18.4, 0.136), neg: 201 (%0.002:%0.01), avgs: 2
808: dt: 1.74, sse: 11066.9 (0.038, 18.3, 0.136), neg: 186 (%0.001:%0.00), avgs: 2
809: dt: 11.37, sse: 11065.4 (0.038, 18.3, 0.135), neg: 193 (%0.001:%0.00), avgs: 2
810: dt: 16.22, sse: 11063.5 (0.038, 18.3, 0.135), neg: 182 (%0.001:%0.00), avgs: 2
811: dt: 7.54, sse: 11062.1 (0.038, 18.3, 0.135), neg: 183 (%0.001:%0.00), avgs: 2
812: dt: 26.20, sse: 11059.8 (0.038, 18.3, 0.135), neg: 189 (%0.002:%0.00), avgs: 2
813: dt: 7.69, sse: 11058.5 (0.038, 18.3, 0.135), neg: 183 (%0.001:%0.00), avgs: 2
814: dt: 25.85, sse: 11056.9 (0.038, 18.3, 0.135), neg: 195 (%0.003:%0.00), avgs: 2
815: dt: 2.10, sse: 11055.8 (0.038, 18.3, 0.135), neg: 187 (%0.001:%0.00), avgs: 2
816: dt: 13.26, sse: 11054.4 (0.038, 18.3, 0.135), neg: 181 (%0.001:%0.00), avgs: 2
817: dt: 11.00, sse: 11053.1 (0.038, 18.3, 0.135), neg: 184 (%0.001:%0.00), avgs: 2
818: dt: 17.04, sse: 11051.9 (0.038, 18.3, 0.135), neg: 179 (%0.001:%0.00), avgs: 2
819: dt: 7.86, sse: 11050.6 (0.038, 18.3, 0.135), neg: 183 (%0.001:%0.00), avgs: 2
820: dt: 26.62, sse: 11049.2 (0.038, 18.3, 0.135), neg: 176 (%0.001:%0.00), avgs: 2
821: dt: 2.17, sse: 11048.1 (0.038, 18.3, 0.135), neg: 177 (%0.001:%0.00), avgs: 2
822: dt: 14.15, sse: 11047.0 (0.038, 18.3, 0.135), neg: 183 (%0.001:%0.00), avgs: 2
823: dt: 10.21, sse: 11045.8 (0.038, 18.3, 0.135), neg: 177 (%0.001:%0.00), avgs: 2
824: dt: 16.94, sse: 11044.7 (0.038, 18.3, 0.135), neg: 184 (%0.001:%0.00), avgs: 2
825: dt: 7.62, sse: 11043.3 (0.038, 18.3, 0.135), neg: 176 (%0.001:%0.00), avgs: 2
826: dt: 25.60, sse: 11041.9 (0.038, 18.3, 0.135), neg: 189 (%0.002:%0.00), avgs: 2
827: dt: 2.17, sse: 11040.9 (0.038, 18.3, 0.135), neg: 184 (%0.001:%0.00), avgs: 2
828: dt: 12.00, sse: 11039.6 (0.038, 18.3, 0.135), neg: 177 (%0.001:%0.00), avgs: 2
829: dt: 8.39, sse: 11038.7 (0.038, 18.3, 0.135), neg: 180 (%0.001:%0.00), avgs: 2
830: dt: 27.77, sse: 11036.5 (0.038, 18.3, 0.135), neg: 175 (%0.001:%0.00), avgs: 2
831: dt: 8.42, sse: 11035.4 (0.038, 18.3, 0.135), neg: 177 (%0.001:%0.00), avgs: 2
832: dt: 4.84, sse: 11032.3 (0.038, 18.3, 0.135), neg: 172 (%0.001:%0.00), avgs: 0
833: dt: 0.46, sse: 11031.0 (0.038, 18.3, 0.135), neg: 165 (%0.001:%0.00), avgs: 0
834: dt: 0.88, sse: 11030.5 (0.038, 18.3, 0.135), neg: 167 (%0.001:%0.00), avgs: 0
835: dt: 1.07, sse: 11029.5 (0.038, 18.3, 0.135), neg: 165 (%0.001:%0.00), avgs: 0
836: dt: 0.39, sse: 11029.2 (0.038, 18.3, 0.135), neg: 161 (%0.001:%0.00), avgs: 0
837: dt: 1.27, sse: 11028.8 (0.038, 18.3, 0.135), neg: 161 (%0.001:%0.00), avgs: 0
838: dt: 3.67, sse: 11027.0 (0.038, 18.3, 0.135), neg: 172 (%0.002:%0.00), avgs: 0
839: dt: 0.32, sse: 11025.6 (0.037, 18.3, 0.135), neg: 165 (%0.002:%0.00), avgs: 0
840: dt: 0.39, sse: 11025.6 (0.037, 18.3, 0.135), neg: 165 (%0.001:%0.00), avgs: 0
841: dt: 0.25, sse: 11024.8 (0.037, 18.3, 0.135), neg: 163 (%0.001:%0.00), avgs: 0
842: dt: 0.47, sse: 11024.7 (0.037, 18.3, 0.135), neg: 162 (%0.001:%0.00), avgs: 0
843: dt: 4.89, sse: 11024.0 (0.038, 18.3, 0.135), neg: 164 (%0.001:%0.00), avgs: 0
844: dt: 1.50, sse: 11022.6 (0.038, 18.3, 0.135), neg: 166 (%0.001:%0.00), avgs: 0
845: dt: 0.39, sse: 11021.8 (0.037, 18.3, 0.135), neg: 161 (%0.001:%0.00), avgs: 0
846: dt: 1.52, sse: 11020.1 (0.038, 18.3, 0.134), neg: 160 (%0.001:%0.00), avgs: 0
847: dt: 0.49, sse: 11020.1 (0.038, 18.3, 0.134), neg: 163 (%0.001:%0.00), avgs: 0
848: dt: 0.00, sse: 11020.1 (0.038, 18.3, 0.134), neg: 163 (%0.001:%0.00), avgs: 0
smoothing final surface...
849: dt: 0.50, sse: 1399371.9 (0.034, 18.0, 0.588), neg: 93 (%0.001:%0.00), avgs: 0
850: dt: 0.50, sse: 1388780.5 (0.033, 17.8, 0.584), neg: 79 (%0.002:%0.00), avgs: 0
851: dt: 0.50, sse: 1379884.1 (0.033, 17.7, 0.581), neg: 71 (%0.002:%0.00), avgs: 0
852: dt: 0.50, sse: 1372151.1 (0.032, 17.6, 0.579), neg: 71 (%0.002:%0.00), avgs: 0
853: dt: 0.50, sse: 1365314.1 (0.032, 17.6, 0.577), neg: 73 (%0.002:%0.00), avgs: 0
unfolding took 3.05 hours
853: dt: 0.00, sse: 1365314.1 (0.032, 17.6, 0.577), neg: 73 (%0.002:%0.00), avgs: 0
final distance error %15.24
