#--------------------------------------------
#@# Segmentation of brainstem substructures  Thu May  9 03:08:31 CDT 2019
------------------------------------------
Setting up environment variables
---
LD_LIBRARY_PATH is .:/home/stone/software/freesurfer_stable_600/MCRv80/runtime/glnxa64:/home/stone/software/freesurfer_stable_600/MCRv80/bin/glnxa64:/home/stone/software/freesurfer_stable_600/MCRv80/sys/os/glnxa64:/home/stone/software/freesurfer_stable_600/MCRv80/sys/java/jre/glnxa64/jre/lib/amd64/native_threads:/home/stone/software/freesurfer_stable_600/MCRv80/sys/java/jre/glnxa64/jre/lib/amd64/server:/home/stone/software/freesurfer_stable_600/MCRv80/sys/java/jre/glnxa64/jre/lib/amd64/client:/home/stone/software/freesurfer_stable_600/MCRv80/sys/java/jre/glnxa64/jre/lib/amd64:/opt/local/fsl-5.0.7/fsl/lib:/usr/lib/x86_64-linux-gnu/
Registering imageDump.mgz to BS mask from ASEG
$Id: mri_robust_register.cpp,v 1.77 2016/01/20 23:36:17 greve Exp $

--mov: Using imageDump.mgz as movable/source volume.
--dst: Using /home/stone-ext1/freesurfer/subjects/FS6EXPERT_subj01/tmp/BS_basedOn_T1//BS-DE-binaryMask_autoCropped.mgz as target volume.
--lta: Output transform as trash.lta . 
--mapmovhdr: Will save header adjusted movable as imageDump_coregistered.mgz !
--sat: Using saturation 50 in M-estimator!

reading source 'imageDump.mgz'...
reading target '/home/stone-ext1/freesurfer/subjects/FS6EXPERT_subj01/tmp/BS_basedOn_T1//BS-DE-binaryMask_autoCropped.mgz'...

Registration::setSourceAndTarget(MRI s, MRI t, keeptype = TRUE )
   Type Source : 4  Type Target : 4  keeping type 
   Reordering axes in mov to better fit dst... ( -1 3 -2 )
MRIreorder() -----------
xdim=-1 ydim=3 zdim=-2
src 65 55 93, 1.000000 1.000000 1.000000
dst 65 93 55, 1.000000 1.000000 1.000000
 Determinant after swap : 1
   Mov: (1, 1, 1)mm  and dim (65, 93, 55)
   Dst: (1, 1, 1)mm  and dim (46, 80, 43)
   Asserting both images: 1mm isotropic 
    - no Mov reslice necessary
    - reslicing Dst ...
       -- Original : (1, 1, 1)mm and (46, 80, 43) voxels.
       -- Resampled: (1, 1, 1)mm and (65, 93, 55) voxels.
       -- Reslicing using cubic bspline 
MRItoBSpline degree 3


 Registration::computeMultiresRegistration 
   - computing centroids 
   - computing initial transform
     -- using translation info
   - Get Gaussian Pyramid Limits ( min size: 16 max size: -1 ) 
   - Build Gaussian Pyramid ( Limits min steps: 0 max steps: 1 ) 
   - Build Gaussian Pyramid ( Limits min steps: 0 max steps: 1 ) 
   - initial transform:
Ti = [ ...
 1.0000000000000                0                0 -0.0015048613840 
               0  1.0000000000000                0  1.1528419926954 
               0                0  1.0000000000000 -0.9846518137642 
               0                0                0  1.0000000000000  ]

   - initial iscale:  Ii =1

Resolution: 1  S( 32 46 27 )  T( 32 46 27 )
 Iteration(f): 1
     -- diff. to prev. transform: 14.7968
 Iteration(f): 2
     -- diff. to prev. transform: 0.861554
 Iteration(f): 3
     -- diff. to prev. transform: 0.107539
 Iteration(f): 4
     -- diff. to prev. transform: 0.0213545
 Iteration(f): 5
     -- diff. to prev. transform: 0.00304879  <= 0.01   :-)

Resolution: 0  S( 65 93 55 )  T( 65 93 55 )
 Iteration(f): 1
     -- diff. to prev. transform: 0.266401
 Iteration(f): 2
     -- diff. to prev. transform: 0.096693
 Iteration(f): 3
     -- diff. to prev. transform: 0.0385719
 Iteration(f): 4
     -- diff. to prev. transform: 0.0163258
 Iteration(f): 5
     -- diff. to prev. transform: 0.00627792  <= 0.01   :-)

   - final transform: 
Tf = [ ...
 0.9989545401494 -0.0361053751104  0.0280397682419  0.7850031509608 
 0.0293700865410  0.9769192791476  0.2115800558804 -4.7307616937667 
-0.0350317674618 -0.2105353270069  0.9769583672555  9.1882712996670 
               0                0                0  1.0000000000000  ]

   - final iscale:  If = 1

Final Transform:
Adjusting final transform due to initial resampling (voxel or size changes) ...
M = [ ...
-0.9989545401494  0.0280397682419  0.0361053751104 51.8963992103614 
-0.0293700865410  0.2115800558804 -0.9769192791476 80.5254975264360 
 0.0350317674618  0.9769583672555  0.2105353270069 -18.4230119025276 
               0                0                0  1.0000000000000  ]

 Determinant : -1


writing output transformation to trash.lta ...
converting VOX to RAS and saving RAS2RAS...

mapmovhdr: Changing vox2ras MOV header (to map to DST) ...

To check aligned result, run:
  freeview -v /home/stone-ext1/freesurfer/subjects/FS6EXPERT_subj01/tmp/BS_basedOn_T1//BS-DE-binaryMask_autoCropped.mgz imageDump_coregistered.mgz


Registration took 0 minutes and 2 seconds.

 Thank you for using RobustRegister! 
 If you find it useful and use it for a publication, please cite: 

 Highly Accurate Inverse Consistent Registration: A Robust Approach
 M. Reuter, H.D. Rosas, B. Fischl.  NeuroImage 53(4):1181-1196, 2010.
 http://dx.doi.org/10.1016/j.neuroimage.2010.07.020
 http://reuter.mit.edu/papers/reuter-robreg10.pdf

$Id: mri_robust_register.cpp,v 1.77 2016/01/20 23:36:17 greve Exp $

--mov: Using imageDump.mgz as movable/source volume.
--dst: Using /home/stone-ext1/freesurfer/subjects/FS6EXPERT_subj01/tmp/BS_basedOn_T1//BS-DE-binaryMask_autoCropped.mgz as target volume.
--lta: Output transform as trash.lta . 
--mapmovhdr: Will save header adjusted movable as imageDump_coregistered.mgz !
--affine: Enableing affine transform!
--sat: Using saturation 50 in M-estimator!

reading source 'imageDump.mgz'...
reading target '/home/stone-ext1/freesurfer/subjects/FS6EXPERT_subj01/tmp/BS_basedOn_T1//BS-DE-binaryMask_autoCropped.mgz'...

Registration::setSourceAndTarget(MRI s, MRI t, keeptype = TRUE )
   Type Source : 4  Type Target : 4  keeping type 
   Reordering axes in mov to better fit dst... ( -1 3 -2 )
MRIreorder() -----------
xdim=-1 ydim=3 zdim=-2
src 65 55 93, 1.000000 1.000000 1.000000
dst 65 93 55, 1.000000 1.000000 1.000000
 Determinant after swap : 1
   Mov: (1, 1, 1)mm  and dim (65, 93, 55)
   Dst: (1, 1, 1)mm  and dim (46, 80, 43)
   Asserting both images: 1mm isotropic 
    - no Mov reslice necessary
    - reslicing Dst ...
       -- Original : (1, 1, 1)mm and (46, 80, 43) voxels.
       -- Resampled: (1, 1, 1)mm and (65, 93, 55) voxels.
       -- Reslicing using cubic bspline 
MRItoBSpline degree 3


 Registration::computeMultiresRegistration 
   - computing centroids 
   - computing initial transform
     -- using translation info
   - Get Gaussian Pyramid Limits ( min size: 16 max size: -1 ) 
   - Build Gaussian Pyramid ( Limits min steps: 0 max steps: 1 ) 
   - Build Gaussian Pyramid ( Limits min steps: 0 max steps: 1 ) 
   - initial transform:
Ti = [ ...
 1.0000000000000                0                0 -0.0015048613840 
               0  1.0000000000000                0  1.1528419926954 
               0                0  1.0000000000000 -0.9846518137642 
               0                0                0  1.0000000000000  ]

   - initial iscale:  Ii =1

Resolution: 1  S( 32 46 27 )  T( 32 46 27 )
 Iteration(f): 1
     -- diff. to prev. transform: 16.4571
 Iteration(f): 2
     -- diff. to prev. transform: 2.27768
 Iteration(f): 3
     -- diff. to prev. transform: 0.19589
 Iteration(f): 4
     -- diff. to prev. transform: 0.0297298
 Iteration(f): 5
     -- diff. to prev. transform: 0.00579933  <= 0.01   :-)

Resolution: 0  S( 65 93 55 )  T( 65 93 55 )
 Iteration(f): 1
     -- diff. to prev. transform: 1.45056
 Iteration(f): 2
     -- diff. to prev. transform: 0.364355
 Iteration(f): 3
     -- diff. to prev. transform: 0.10444
 Iteration(f): 4
     -- diff. to prev. transform: 0.0383697
 Iteration(f): 5
     -- diff. to prev. transform: 0.00987552  <= 0.01   :-)

   - final transform: 
Tf = [ ...
 0.9339461355251 -0.0335629129803  0.0036011573527  3.3966694249675 
-0.0075069254021  1.0900471330269  0.2298066447106 -8.1945967568395 
-0.0339058077096 -0.2295088314452  1.0596573508333  7.4240960866624 
               0                0                0  1.0000000000000  ]

   - final iscale:  If = 1

Final Transform:
Adjusting final transform due to initial resampling (voxel or size changes) ...
M = [ ...
-0.9339461912635  0.0036011551129  0.0335629181991 50.5814371983803 
 0.0075069273449  0.2298066609676 -1.0900471330688 85.1092965737443 
 0.0339058068359  1.0596573474765  0.2295088312557 -21.8606860052214 
               0                0                0  1.0000000000000  ]

 Determinant : -1.12817

 Decompose into Rot * Shear * Scale : 

Rot = [ ...
-0.9996864892166  0.0190113384829  0.0162939340517 
-0.0119561336731  0.2093176896057 -0.9777745934957 
 0.0219994123872  0.9776628630705  0.2090247641487  ]

Shear = [ ...
 1.0000000000000  0.0156473528582 -0.0138831802917 
 0.0181569521930  1.0000000000000 -0.0028230248958 
-0.0165583101650 -0.0029016143084  1.0000000000000  ]

Scale = diag([  0.9343095430615  1.0841586983161  1.1143402937265  ])


writing output transformation to trash.lta ...
converting VOX to RAS and saving RAS2RAS...

mapmovhdr: Changing vox2ras MOV header (to map to DST) ...

To check aligned result, run:
  freeview -v /home/stone-ext1/freesurfer/subjects/FS6EXPERT_subj01/tmp/BS_basedOn_T1//BS-DE-binaryMask_autoCropped.mgz imageDump_coregistered.mgz


Registration took 0 minutes and 4 seconds.

 Thank you for using RobustRegister! 
 If you find it useful and use it for a publication, please cite: 

 Highly Accurate Inverse Consistent Registration: A Robust Approach
 M. Reuter, H.D. Rosas, B. Fischl.  NeuroImage 53(4):1181-1196, 2010.
 http://dx.doi.org/10.1016/j.neuroimage.2010.07.020
 http://reuter.mit.edu/papers/reuter-robreg10.pdf

Reading contexts of file /home/stone/software/freesurfer_stable_600/average/BrainstemSS/atlas/compressionLookupTable.txt
Constructing image-to-world transform from header information (cheating.mgz)
Returning the following transform: 
AffineTransform (0x7f7621dc49d0)
  RTTI typeinfo:   itk::AffineTransform<double, 3u>
  Reference Count: 1
  Modified Time: 422
  Debug: Off
  Object Name: 
  Observers: 
    none
  Matrix: 
    -0.8 0 0 
    0 0 0.8 
    0 -0.8 0 
  Offset: [128.4, -127.6, 128.4]
  Center: [0, 0, 0]
  Translation: [128.4, -127.6, 128.4]
  Inverse: 
    -1.25 0 0 
    0 0 -1.25 
    0 1.25 0 
  Singular: 0
Constructing image-to-world transform from header information (/home/stone-ext1/freesurfer/subjects/FS6EXPERT_subj01/tmp/BS_basedOn_T1/imageDump.mgz)
Returning the following transform: 
AffineTransform (0x7f7621dc49d0)
  RTTI typeinfo:   itk::AffineTransform<double, 3u>
  Reference Count: 1
  Modified Time: 579
  Debug: Off
  Object Name: 
  Observers: 
    none
  Matrix: 
    0.933946 -0.00360116 -0.0335629 
    0.0339058 1.05966 0.229509 
    -0.00750693 -0.229807 1.09005 
  Offset: [-27.1814, -49.4607, -84.7093]
  Center: [0, 0, 0]
  Translation: [-27.1814, -49.4607, -84.7093]
  Inverse: 
    1.0706 0.0103162 0.030792 
    -0.0342872 0.902162 -0.191005 
    0.00014447 0.190267 0.877335 
  Singular: 0
Transform before cropping: 
AffineTransform (0x7f7621dc49d0)
  RTTI typeinfo:   itk::AffineTransform<double, 3u>
  Reference Count: 1
  Modified Time: 581
  Debug: Off
  Object Name: 
  Observers: 
    none
  Matrix: 
    -1.16743 0.00450145 0.0419536 
    0.00938366 0.287258 -1.36256 
    0.0423823 1.32457 0.286886 
  Offset: [194.477, 266.387, 97.6741]
  Center: [0, 0, 0]
  Translation: [194.477, 266.387, 97.6741]
  Inverse: 
    -0.856479 -0.0246336 0.00825294 
    0.0274297 0.152804 0.721729 
    -0.000115576 -0.701868 0.152214 
  Singular: 0
WorldToImageTransform before cropping: 
AffineTransform (0x7f7622746140)
  RTTI typeinfo:   itk::AffineTransform<double, 3u>
  Reference Count: 1
  Modified Time: 583
  Debug: Off
  Object Name: 
  Observers: 
    none
  Matrix: 
    -1.25 0 0 
    0 0 -1.25 
    0 1.25 0 
  Offset: [160.5, 160.5, 159.5]
  Center: [0, 0, 0]
  Translation: [160.5, 160.5, 159.5]
  Inverse: 
    -0.8 0 0 
    0 0 0.8 
    0 -0.8 0 
  Singular: 0
 m_BoundingBoxSize: [65, 55,93]
 minimalMappedCoordinate: [119.761, 141.031,97.6741]
 maximalMappedCoordinate: [198.58, 282.499,198.307]
Cropping with min [111  127  87]
          and max [207  297  209]
m_OriginalImageRegion before checking margins: ImageRegion (0x7f7622726a78)
  Dimension: 3
  Index: [111, 127, 87]
  Size: [97, 171, 123]

m_CroppedImageRegion before checking margins: ImageRegion (0x7f7622726a40)
  Dimension: 3
  Index: [0, 0, 0]
  Size: [97, 171, 123]


m_OriginalImageRegion after checking margins: ImageRegion (0x7f7622726a78)
  Dimension: 3
  Index: [111, 127, 87]
  Size: [97, 171, 123]

m_CroppedImageRegion after checking margins: ImageRegion (0x7f7622726a40)
  Dimension: 3
  Index: [0, 0, 0]
  Size: [97, 171, 123]

Transform after cropping: 
AffineTransform (0x7f7621dc49d0)
  RTTI typeinfo:   itk::AffineTransform<double, 3u>
  Reference Count: 1
  Modified Time: 740
  Debug: Off
  Object Name: 
  Observers: 
    none
  Matrix: 
    -1.16743 0.00450145 0.0419536 
    0.00938366 0.287258 -1.36256 
    0.0423823 1.32457 0.286886 
  Offset: [83.4768, 139.387, 10.6741]
  Center: [0, 0, 0]
  Translation: [83.4768, 139.387, 10.6741]
  Inverse: 
    -0.856479 -0.0246336 0.00825294 
    0.0274297 0.152804 0.721729 
    -0.000115576 -0.701868 0.152214 
  Singular: 0
WorldToImageTransform after cropping: 
AffineTransform (0x7f7622746140)
  RTTI typeinfo:   itk::AffineTransform<double, 3u>
  Reference Count: 1
  Modified Time: 741
  Debug: Off
  Object Name: 
  Observers: 
    none
  Matrix: 
    -1.25 0 0 
    0 0 -1.25 
    0 1.25 0 
  Offset: [49.5, 33.5, 72.5]
  Center: [0, 0, 0]
  Translation: [49.5, 33.5, 72.5]
  Inverse: 
    -0.8 0 0 
    0 0 0.8 
    0 -0.8 0 
  Singular: 0
Transforming points
Transforming points
Transforming points
Transforming points
Transforming points
Transforming points
Transforming points
Transforming points
Transforming points
Transforming points
Transforming points
Careful here: the applied transformation will turn positive tetrahedra into negative ones.
-1.16743 0.00450145 0.0419536
0.00938366 0.287258 -1.36256
0.0423823 1.32457 0.286886

 determinant: -2.20346
Starting to swap the point assignments of each tetrahedron...
Warning: This concatenation operation includes an empty array with an incorrect number of rows.
Concatenation including empty arrays will require all arrays to have the same number of rows in a future release.
[> In segmentSubject at 264] 
Reading contexts of file /home/stone/software/freesurfer_stable_600/average/BrainstemSS/atlas/compressionLookupTable.txt
--------------
Making Left-VentralDC map to reduced label 1
Making 4th-Ventricle map to reduced label 1
Making Left-Cerebellum-White-Matter map to reduced label 1
Making Left-Cerebellum-Cortex map to reduced label 1
Making Medulla map to reduced label 1
Making Pons map to reduced label 1
Making SCP map to reduced label 1
Making Midbrain map to reduced label 1
--------------
Making Left-Caudate map to reduced label 2
Making Left-Accumbens-area map to reduced label 2
Making Left-Pallidum map to reduced label 2
Making 3rd-Ventricle map to reduced label 2
Making Left-Putamen map to reduced label 2
Making Left-Thalamus-Proper map to reduced label 2
Making Left-Amygdala map to reduced label 2
Making Left-Lateral-Ventricle map to reduced label 2
Making Left-choroid-plexus map to reduced label 2
Making Left-Hippocampus map to reduced label 2
Making Left-Cerebral-White-Matter map to reduced label 2
Making Left-Cerebral-Cortex map to reduced label 2
Making Background map to reduced label 2
numberOfLabels: 2
Rasterizing mesh...here: 2
here2: 2
done
Smoothing mesh with kernel size 3.000000 ...Smoothing class: 0
Smoothing class: 1
done
numberOfImages = 1
Image: 4
numberOfClasses = 2
numberOfImages = 1
precisions[0][0][0] = 1.000000
precisions[0][0][1] = 1.000000
means[0][0] = 255.000000
means[0][1] = 1.000000
Iteration 1
Did one deformation step of max. 1 voxels in 0.97853 seconds

minLogLikelihoodTimesPrior =

   5.0121e+05

Iteration 2
Did one deformation step of max. 1.019 voxels in 0.58696 seconds

minLogLikelihoodTimesPrior =

   4.9981e+05

Iteration 3
Did one deformation step of max. 1.2539 voxels in 0.52582 seconds

minLogLikelihoodTimesPrior =

   4.9776e+05

Iteration 4
Did one deformation step of max. 0.65488 voxels in 0.43808 seconds

minLogLikelihoodTimesPrior =

   4.9705e+05

Iteration 5
Did one deformation step of max. 0.9319 voxels in 0.50813 seconds

minLogLikelihoodTimesPrior =

   4.9596e+05

Iteration 6
Did one deformation step of max. 0.80113 voxels in 0.5294 seconds

minLogLikelihoodTimesPrior =

   4.9572e+05

Iteration 7
Did one deformation step of max. 0.39062 voxels in 0.44074 seconds

minLogLikelihoodTimesPrior =

   4.9546e+05

Iteration 8
Did one deformation step of max. 0.58846 voxels in 0.43124 seconds

minLogLikelihoodTimesPrior =

   4.9545e+05

Iteration 9
Did one deformation step of max. 0.0081416 voxels in 0.46813 seconds

minLogLikelihoodTimesPrior =

   4.9545e+05

Iteration 10
Did one deformation step of max. 0.011379 voxels in 0.47986 seconds

minLogLikelihoodTimesPrior =

   4.9543e+05

Iteration 11
Did one deformation step of max. 0.042511 voxels in 0.46509 seconds

minLogLikelihoodTimesPrior =

   4.9540e+05

Iteration 12
Did one deformation step of max. 0.045133 voxels in 0.46391 seconds

minLogLikelihoodTimesPrior =

   4.9537e+05

Iteration 13
Did one deformation step of max. 0.1471 voxels in 0.3705 seconds

minLogLikelihoodTimesPrior =

   4.9531e+05

Iteration 14
Did one deformation step of max. 0.11889 voxels in 0.47947 seconds

minLogLikelihoodTimesPrior =

   4.9522e+05

Iteration 15
Did one deformation step of max. 0.089994 voxels in 1.784 seconds

minLogLikelihoodTimesPrior =

   4.9522e+05

Iteration 16
Did one deformation step of max. 0.013934 voxels in 0.41884 seconds

minLogLikelihoodTimesPrior =

   4.9522e+05

Iteration 17
Did one deformation step of max. 0.075199 voxels in 1.3261 seconds

minLogLikelihoodTimesPrior =

   4.9522e+05

Iteration 18
Did one deformation step of max. 1.1076e-05 voxels in 2.5931 seconds

minLogLikelihoodTimesPrior =

   4.9522e+05

Iteration 19
Did one deformation step of max. 2.5609e-05 voxels in 1.839 seconds

minLogLikelihoodTimesPrior =

   4.9522e+05

Fitting mesh to synthetic image from ASEG took 15.1593 seconds
Transforming points
Transforming points
Transforming points
Transforming points
Transforming points
Transforming points
Transforming points
Transforming points
Transforming points
Transforming points
Transforming points
Careful here: the applied transformation will turn positive tetrahedra into negative ones.
-0.856479 -0.0246336 0.00825294
0.0274297 0.152804 0.721729
-0.000115576 -0.701868 0.152214

 determinant: -0.453831
Starting to swap the point assignments of each tetrahedron...
Constructing image-to-world transform from header information (T1resampled.mgz)
Returning the following transform: 
AffineTransform (0x7f74d8dec450)
  RTTI typeinfo:   itk::AffineTransform<double, 3u>
  Reference Count: 1
  Modified Time: 5353162
  Debug: Off
  Object Name: 
  Observers: 
    none
  Matrix: 
    -0.5 0 0 
    0 0 0.5 
    0 -0.5 0 
  Offset: [41.25, -37.4, 10.95]
  Center: [0, 0, 0]
  Translation: [41.25, -37.4, 10.95]
  Inverse: 
    -2 0 0 
    0 0 -2 
    0 2 0 
  Singular: 0
Constructing image-to-world transform from header information (/home/stone-ext1/freesurfer/subjects/FS6EXPERT_subj01/tmp/BS_basedOn_T1/imageDump.mgz)
Returning the following transform: 
AffineTransform (0x7f74d8dd72a0)
  RTTI typeinfo:   itk::AffineTransform<double, 3u>
  Reference Count: 1
  Modified Time: 5353781
  Debug: Off
  Object Name: 
  Observers: 
    none
  Matrix: 
    0.933946 -0.00360116 -0.0335629 
    0.0339058 1.05966 0.229509 
    -0.00750693 -0.229807 1.09005 
  Offset: [-27.1814, -49.4607, -84.7093]
  Center: [0, 0, 0]
  Translation: [-27.1814, -49.4607, -84.7093]
  Inverse: 
    1.0706 0.0103162 0.030792 
    -0.0342872 0.902162 -0.191005 
    0.00014447 0.190267 0.877335 
  Singular: 0
Transform before cropping: 
AffineTransform (0x7f74d8dd72a0)
  RTTI typeinfo:   itk::AffineTransform<double, 3u>
  Reference Count: 1
  Modified Time: 5353783
  Debug: Off
  Object Name: 
  Observers: 
    none
  Matrix: 
    -1.86789 0.00720232 0.0671258 
    0.0150139 0.459613 -2.18009 
    0.0678116 2.11931 0.459018 
  Offset: [136.863, 191.319, -24.1214]
  Center: [0, 0, 0]
  Translation: [136.863, 191.319, -24.1214]
  Inverse: 
    -0.535299 -0.015396 0.00515809 
    0.0171436 0.0955027 0.451081 
    -7.2235e-05 -0.438668 0.0951336 
  Singular: 0
WorldToImageTransform before cropping: 
AffineTransform (0x7f74d8e89470)
  RTTI typeinfo:   itk::AffineTransform<double, 3u>
  Reference Count: 1
  Modified Time: 5353785
  Debug: Off
  Object Name: 
  Observers: 
    none
  Matrix: 
    -2 0 0 
    0 0 -2 
    0 2 0 
  Offset: [82.5, 21.9, 74.8]
  Center: [0, 0, 0]
  Translation: [82.5, 21.9, 74.8]
  Inverse: 
    -0.5 0 0 
    0 0 0.5 
    0 -0.5 0 
  Singular: 0
 m_BoundingBoxSize: [65, 55,93]
 minimalMappedCoordinate: [17.3177, -9.25008,-24.1214]
 maximalMappedCoordinate: [143.427, 217.099,136.891]
Cropping with min [5  -31  -40]
          and max [156  240  153]
m_OriginalImageRegion before checking margins: ImageRegion (0x7f74d8e1f1f8)
  Dimension: 3
  Index: [5, -31, -40]
  Size: [152, 272, 194]

m_CroppedImageRegion before checking margins: ImageRegion (0x7f74d8e1f1c0)
  Dimension: 3
  Index: [0, 0, 0]
  Size: [152, 272, 194]


m_OriginalImageRegion after checking margins: ImageRegion (0x7f74d8e1f1f8)
  Dimension: 3
  Index: [5, 0, 0]
  Size: [152, 199, 148]

m_CroppedImageRegion after checking margins: ImageRegion (0x7f74d8e1f1c0)
  Dimension: 3
  Index: [0, 31, 40]
  Size: [152, 199, 148]

Transform after cropping: 
AffineTransform (0x7f74d8dd72a0)
  RTTI typeinfo:   itk::AffineTransform<double, 3u>
  Reference Count: 1
  Modified Time: 5354404
  Debug: Off
  Object Name: 
  Observers: 
    none
  Matrix: 
    -1.86789 0.00720232 0.0671258 
    0.0150139 0.459613 -2.18009 
    0.0678116 2.11931 0.459018 
  Offset: [131.863, 222.319, 15.8786]
  Center: [0, 0, 0]
  Translation: [131.863, 222.319, 15.8786]
  Inverse: 
    -0.535299 -0.015396 0.00515809 
    0.0171436 0.0955027 0.451081 
    -7.2235e-05 -0.438668 0.0951336 
  Singular: 0
WorldToImageTransform after cropping: 
AffineTransform (0x7f74d8e89470)
  RTTI typeinfo:   itk::AffineTransform<double, 3u>
  Reference Count: 1
  Modified Time: 5354405
  Debug: Off
  Object Name: 
  Observers: 
    none
  Matrix: 
    -2 0 0 
    0 0 -2 
    0 2 0 
  Offset: [77.5, 52.9, 114.8]
  Center: [0, 0, 0]
  Translation: [77.5, 52.9, 114.8]
  Inverse: 
    -0.5 0 0 
    0 0 0.5 
    0 -0.5 0 
  Singular: 0
Transforming points
Transforming points
Transforming points
Transforming points
Transforming points
Transforming points
Transforming points
Transforming points
Transforming points
Transforming points
Transforming points
Careful here: the applied transformation will turn positive tetrahedra into negative ones.
-1.86789 0.00720232 0.0671258
0.0150139 0.459613 -2.18009
0.0678116 2.11931 0.459018

 determinant: -9.02538
Starting to swap the point assignments of each tetrahedron...
numberOfLabels: 21
Rasterizing mesh...here: 21
here2: 21
done
Warning: This concatenation operation includes an empty array with an incorrect number of rows.
Concatenation including empty arrays will require all arrays to have the same number of rows in a future release.
[> In segmentSubject at 582] 
Reading contexts of file /home/stone/software/freesurfer_stable_600/average/BrainstemSS/atlas/compressionLookupTable.txt
--------------
Making Left-VentralDC map to reduced label 1
Making Medulla map to reduced label 1
Making Pons map to reduced label 1
Making SCP map to reduced label 1
Making Midbrain map to reduced label 1
--------------
Making 3rd-Ventricle map to reduced label 2
Making Left-Lateral-Ventricle map to reduced label 2
Making 4th-Ventricle map to reduced label 2
--------------
Making Left-Amygdala map to reduced label 3
Making Left-Cerebral-Cortex map to reduced label 3
Making Left-Hippocampus map to reduced label 3
--------------
Making Left-Caudate map to reduced label 4
--------------
Making Left-Accumbens-area map to reduced label 5
--------------
Making Left-Pallidum map to reduced label 6
--------------
Making Left-Putamen map to reduced label 7
--------------
Making Left-Thalamus-Proper map to reduced label 8
--------------
Making Left-choroid-plexus map to reduced label 9
--------------
Making Left-Cerebral-White-Matter map to reduced label 10
--------------
Making Background map to reduced label 11
--------------
Making Left-Cerebellum-White-Matter map to reduced label 12
--------------
Making Left-Cerebellum-Cortex map to reduced label 13
Computing hyperparameters for estimation of Gaussian parameters
Smoothing mesh collection with kernel size 2.000000 ...Smoothing class: 0
Smoothing class: 1
Smoothing class: 2
Smoothing class: 3
Smoothing class: 4
Smoothing class: 5
Smoothing class: 6
Smoothing class: 7
Smoothing class: 8
Smoothing class: 9
Smoothing class: 10
Smoothing class: 11
Smoothing class: 12
done
numberOfImages = 1
Image: 0
Iteration 1 of 7
numberOfLabels: 13
Rasterizing mesh...here: 13
here2: 13
done

minLogLikelihood =

   7.5600e+06


minLogLikelihood =

   7.2544e+06


minLogLikelihood =

   7.1618e+06


minLogLikelihood =

   7.1293e+06


minLogLikelihood =

   7.1177e+06


minLogLikelihood =

   7.1135e+06


minLogLikelihood =

   7.1120e+06


minLogLikelihood =

   7.1113e+06


minLogLikelihood =

   7.1110e+06


minLogLikelihood =

   7.1109e+06


minLogLikelihood =

   7.1108e+06

EM converged!

ans =

   85.8746
   48.2366
   72.5600
   92.1337
   77.4938
  100.7169
   88.7740
   92.7538
   84.4505
  101.5072
   33.8260
   84.8933
   68.7229


ans =

   1.0e+05 *

    0.0169
    1.3847
    0.0497
    0.1403
    0.0029
    0.0006
    0.0114
    0.0116
    0.0684
    0.0124
    0.8208
    0.0015
    0.0143

numberOfClasses = 13
numberOfImages = 1
precisions[0][0][0] = 0.024311
precisions[0][0][1] = 0.002687
precisions[0][0][2] = 0.014183
precisions[0][0][3] = 0.008443
precisions[0][0][4] = 0.059150
precisions[0][0][5] = 0.126754
precisions[0][0][6] = 0.029620
precisions[0][0][7] = 0.029369
precisions[0][0][8] = 0.012094
precisions[0][0][9] = 0.028354
precisions[0][0][10] = 0.003490
precisions[0][0][11] = 0.081097
precisions[0][0][12] = 0.026406
means[0][0] = 85.874634
means[0][1] = 48.236557
means[0][2] = 72.559975
means[0][3] = 92.133675
means[0][4] = 77.493759
means[0][5] = 100.716866
means[0][6] = 88.774002
means[0][7] = 92.753799
means[0][8] = 84.450470
means[0][9] = 101.507210
means[0][10] = 33.826015
means[0][11] = 84.893326
means[0][12] = 68.722855
Resolution level 1 iteration 1 deformation iterations 1
Did one deformation step of max. 1 voxels in 4.8095 seconds

minLogLikelihoodTimesPrior =

   7.0751e+06

Resolution level 1 iteration 1 deformation iterations 2
Did one deformation step of max. 1.0169 voxels in 2.2052 seconds

minLogLikelihoodTimesPrior =

   7.0669e+06

Resolution level 1 iteration 1 deformation iterations 3
Did one deformation step of max. 0.76245 voxels in 2.1689 seconds

minLogLikelihoodTimesPrior =

   7.0520e+06

Resolution level 1 iteration 1 deformation iterations 4
Did one deformation step of max. 0.625 voxels in 5.7815 seconds

minLogLikelihoodTimesPrior =

   7.0519e+06

Resolution level 1 iteration 1 deformation iterations 5
Did one deformation step of max. 0.010785 voxels in 2.1632 seconds

minLogLikelihoodTimesPrior =

   7.0517e+06

Resolution level 1 iteration 1 deformation iterations 6
Did one deformation step of max. 0.048194 voxels in 1.8219 seconds

minLogLikelihoodTimesPrior =

   7.0513e+06

Resolution level 1 iteration 1 deformation iterations 7
Did one deformation step of max. 0.050858 voxels in 1.8818 seconds

minLogLikelihoodTimesPrior =

   7.0506e+06

Resolution level 1 iteration 1 deformation iterations 8
Did one deformation step of max. 0.22599 voxels in 1.6898 seconds

minLogLikelihoodTimesPrior =

   7.0491e+06

Resolution level 1 iteration 1 deformation iterations 9
Did one deformation step of max. 0.20292 voxels in 1.7386 seconds

minLogLikelihoodTimesPrior =

   7.0462e+06

Resolution level 1 iteration 1 deformation iterations 10
Did one deformation step of max. 0.36654 voxels in 1.999 seconds

minLogLikelihoodTimesPrior =

   7.0435e+06

Resolution level 1 iteration 1 deformation iterations 11
Did one deformation step of max. 0.28578 voxels in 1.6919 seconds

minLogLikelihoodTimesPrior =

   7.0382e+06

Resolution level 1 iteration 1 deformation iterations 12
Did one deformation step of max. 0.41209 voxels in 1.9648 seconds

minLogLikelihoodTimesPrior =

   7.0331e+06

Resolution level 1 iteration 1 deformation iterations 13
Did one deformation step of max. 0.70906 voxels in 1.7182 seconds

minLogLikelihoodTimesPrior =

   7.0239e+06

Resolution level 1 iteration 1 deformation iterations 14
Did one deformation step of max. 0.87976 voxels in 1.9904 seconds

minLogLikelihoodTimesPrior =

   7.0160e+06

Resolution level 1 iteration 1 deformation iterations 15
Did one deformation step of max. 0.046098 voxels in 3.1854 seconds

minLogLikelihoodTimesPrior =

   7.0159e+06

Resolution level 1 iteration 1 deformation iterations 16
Did one deformation step of max. 0.0038548 voxels in 2.0597 seconds

minLogLikelihoodTimesPrior =

   7.0156e+06

Resolution level 1 iteration 1 deformation iterations 17
Did one deformation step of max. 0.0081061 voxels in 7.2205 seconds

minLogLikelihoodTimesPrior =

   7.0156e+06

Resolution level 1 iteration 1 deformation iterations 18
Did one deformation step of max. 0.00011142 voxels in 1.6999 seconds

minLogLikelihoodTimesPrior =

   7.0156e+06

Resolution level 1 iteration 1 deformation iterations 19
Did one deformation step of max. 0.00021162 voxels in 1.7045 seconds

minLogLikelihoodTimesPrior =

   7.0156e+06

Resolution level 1 iteration 1 deformation iterations 20
Did one deformation step of max. 0.0018117 voxels in 1.6845 seconds

minLogLikelihoodTimesPrior =

   7.0156e+06

Iteration 2 of 7
numberOfLabels: 13
Rasterizing mesh...here: 13
here2: 13
done

minLogLikelihood =

   7.0260e+06


minLogLikelihood =

   7.0251e+06


minLogLikelihood =

   7.0249e+06


minLogLikelihood =

   7.0249e+06

EM converged!

ans =

   85.9304
   47.6133
   72.6577
   90.1913
   77.6660
  100.7711
   88.8687
   92.6031
   83.7549
  101.6474
   33.9075
   84.9600
   68.8097


ans =

   1.0e+05 *

    0.0150
    1.2617
    0.0470
    0.1116
    0.0027
    0.0006
    0.0090
    0.0112
    0.0613
    0.0107
    0.8207
    0.0014
    0.0136

numberOfClasses = 13
numberOfImages = 1
precisions[0][0][0] = 0.025833
precisions[0][0][1] = 0.002815
precisions[0][0][2] = 0.014592
precisions[0][0][3] = 0.009465
precisions[0][0][4] = 0.060946
precisions[0][0][5] = 0.129346
precisions[0][0][6] = 0.033292
precisions[0][0][7] = 0.029941
precisions[0][0][8] = 0.012771
precisions[0][0][9] = 0.030611
precisions[0][0][10] = 0.003491
precisions[0][0][11] = 0.084771
precisions[0][0][12] = 0.027125
means[0][0] = 85.930397
means[0][1] = 47.613319
means[0][2] = 72.657707
means[0][3] = 90.191269
means[0][4] = 77.665955
means[0][5] = 100.771072
means[0][6] = 88.868668
means[0][7] = 92.603088
means[0][8] = 83.754906
means[0][9] = 101.647377
means[0][10] = 33.907459
means[0][11] = 84.959953
means[0][12] = 68.809708
Resolution level 1 iteration 2 deformation iterations 1
Did one deformation step of max. 1 voxels in 3.8544 seconds

minLogLikelihoodTimesPrior =

   7.0141e+06

Resolution level 1 iteration 2 deformation iterations 2
Did one deformation step of max. 0.071352 voxels in 1.7838 seconds

minLogLikelihoodTimesPrior =

   7.0128e+06

Resolution level 1 iteration 2 deformation iterations 3
Did one deformation step of max. 0.62812 voxels in 2.3077 seconds

minLogLikelihoodTimesPrior =

   7.0123e+06

Resolution level 1 iteration 2 deformation iterations 4
Did one deformation step of max. 0.059302 voxels in 1.7716 seconds

minLogLikelihoodTimesPrior =

   7.0112e+06

Resolution level 1 iteration 2 deformation iterations 5
Did one deformation step of max. 0.13607 voxels in 3.4593 seconds

minLogLikelihoodTimesPrior =

   7.0102e+06

Resolution level 1 iteration 2 deformation iterations 6
Did one deformation step of max. 0.17335 voxels in 2.0135 seconds

minLogLikelihoodTimesPrior =

   7.0081e+06

Resolution level 1 iteration 2 deformation iterations 7
Did one deformation step of max. 0.39549 voxels in 1.8992 seconds

minLogLikelihoodTimesPrior =

   7.0042e+06

Resolution level 1 iteration 2 deformation iterations 8
Did one deformation step of max. 0.70729 voxels in 1.6682 seconds

minLogLikelihoodTimesPrior =

   6.9978e+06

Resolution level 1 iteration 2 deformation iterations 9
Did one deformation step of max. 0.41171 voxels in 2.7473 seconds

minLogLikelihoodTimesPrior =

   6.9918e+06

Resolution level 1 iteration 2 deformation iterations 10
Did one deformation step of max. 0.18963 voxels in 1.6885 seconds

minLogLikelihoodTimesPrior =

   6.9911e+06

Resolution level 1 iteration 2 deformation iterations 11
Did one deformation step of max. 0.41353 voxels in 1.6561 seconds

minLogLikelihoodTimesPrior =

   6.9903e+06

Resolution level 1 iteration 2 deformation iterations 12
Did one deformation step of max. 0.12117 voxels in 1.6794 seconds

minLogLikelihoodTimesPrior =

   6.9888e+06

Resolution level 1 iteration 2 deformation iterations 13
Did one deformation step of max. 0.23359 voxels in 4.3641 seconds

minLogLikelihoodTimesPrior =

   6.9881e+06

Resolution level 1 iteration 2 deformation iterations 14
Did one deformation step of max. 0.12121 voxels in 1.6586 seconds

minLogLikelihoodTimesPrior =

   6.9866e+06

Resolution level 1 iteration 2 deformation iterations 15
Did one deformation step of max. 0.31806 voxels in 1.6663 seconds

minLogLikelihoodTimesPrior =

   6.9839e+06

Resolution level 1 iteration 2 deformation iterations 16
Did one deformation step of max. 0.14499 voxels in 3.7578 seconds

minLogLikelihoodTimesPrior =

   6.9830e+06

Resolution level 1 iteration 2 deformation iterations 17
Did one deformation step of max. 0.19393 voxels in 1.6719 seconds

minLogLikelihoodTimesPrior =

   6.9811e+06

Resolution level 1 iteration 2 deformation iterations 18
Did one deformation step of max. 0.16581 voxels in 1.6555 seconds

minLogLikelihoodTimesPrior =

   6.9808e+06

Resolution level 1 iteration 2 deformation iterations 19
Did one deformation step of max. 0.17238 voxels in 1.843 seconds

minLogLikelihoodTimesPrior =

   6.9803e+06

Resolution level 1 iteration 2 deformation iterations 20
Did one deformation step of max. 0.078032 voxels in 1.7524 seconds

minLogLikelihoodTimesPrior =

   6.9793e+06

Iteration 3 of 7
numberOfLabels: 13
Rasterizing mesh...here: 13
here2: 13
done

minLogLikelihood =

   6.9806e+06


minLogLikelihood =

   6.9801e+06


minLogLikelihood =

   6.9800e+06


minLogLikelihood =

   6.9799e+06

EM converged!

ans =

   85.9348
   46.9914
   72.7313
   87.9255
   77.8079
  100.8024
   89.0178
   92.4759
   82.8216
  101.7219
   33.9477
   84.9922
   68.8498


ans =

   1.0e+05 *

    0.0142
    1.1622
    0.0453
    0.0661
    0.0025
    0.0006
    0.0079
    0.0109
    0.0586
    0.0098
    0.8193
    0.0013
    0.0133

numberOfClasses = 13
numberOfImages = 1
precisions[0][0][0] = 0.026562
precisions[0][0][1] = 0.002933
precisions[0][0][2] = 0.014851
precisions[0][0][3] = 0.012295
precisions[0][0][4] = 0.063302
precisions[0][0][5] = 0.131674
precisions[0][0][6] = 0.035521
precisions[0][0][7] = 0.030250
precisions[0][0][8] = 0.013067
precisions[0][0][9] = 0.031876
precisions[0][0][10] = 0.003494
precisions[0][0][11] = 0.086658
precisions[0][0][12] = 0.027454
means[0][0] = 85.934799
means[0][1] = 46.991432
means[0][2] = 72.731308
means[0][3] = 87.925484
means[0][4] = 77.807877
means[0][5] = 100.802422
means[0][6] = 89.017853
means[0][7] = 92.475906
means[0][8] = 82.821556
means[0][9] = 101.721863
means[0][10] = 33.947731
means[0][11] = 84.992210
means[0][12] = 68.849838
Resolution level 1 iteration 3 deformation iterations 1
Did one deformation step of max. 1 voxels in 3.743 seconds

minLogLikelihoodTimesPrior =

   6.9670e+06

Resolution level 1 iteration 3 deformation iterations 2
Did one deformation step of max. 0.54745 voxels in 3.5175 seconds

minLogLikelihoodTimesPrior =

   6.9643e+06

Resolution level 1 iteration 3 deformation iterations 3
Did one deformation step of max. 0.52072 voxels in 1.7263 seconds

minLogLikelihoodTimesPrior =

   6.9591e+06

Resolution level 1 iteration 3 deformation iterations 4
Did one deformation step of max. 0.4323 voxels in 2.8192 seconds

minLogLikelihoodTimesPrior =

   6.9567e+06

Resolution level 1 iteration 3 deformation iterations 5
Did one deformation step of max. 0.32849 voxels in 2.643 seconds

minLogLikelihoodTimesPrior =

   6.9544e+06

Resolution level 1 iteration 3 deformation iterations 6
Did one deformation step of max. 0.5766 voxels in 1.6998 seconds

minLogLikelihoodTimesPrior =

   6.9503e+06

Resolution level 1 iteration 3 deformation iterations 7
Did one deformation step of max. 0.66369 voxels in 2.9439 seconds

minLogLikelihoodTimesPrior =

   6.9466e+06

Resolution level 1 iteration 3 deformation iterations 8
Did one deformation step of max. 0.39471 voxels in 2.9187 seconds

minLogLikelihoodTimesPrior =

   6.9432e+06

Resolution level 1 iteration 3 deformation iterations 9
Did one deformation step of max. 0.79936 voxels in 3.072 seconds

minLogLikelihoodTimesPrior =

   6.9401e+06

Resolution level 1 iteration 3 deformation iterations 10
Did one deformation step of max. 0.64784 voxels in 3.4145 seconds

minLogLikelihoodTimesPrior =

   6.9377e+06

Resolution level 1 iteration 3 deformation iterations 11
Did one deformation step of max. 0.49432 voxels in 2.8853 seconds

minLogLikelihoodTimesPrior =

   6.9359e+06

Resolution level 1 iteration 3 deformation iterations 12
Did one deformation step of max. 0.90639 voxels in 1.765 seconds

minLogLikelihoodTimesPrior =

   6.9356e+06

Resolution level 1 iteration 3 deformation iterations 13
Did one deformation step of max. 0.31709 voxels in 1.7033 seconds

minLogLikelihoodTimesPrior =

   6.9350e+06

Resolution level 1 iteration 3 deformation iterations 14
Did one deformation step of max. 0.87118 voxels in 1.7196 seconds

minLogLikelihoodTimesPrior =

   6.9339e+06

Resolution level 1 iteration 3 deformation iterations 15
Did one deformation step of max. 0.34655 voxels in 3.1488 seconds

minLogLikelihoodTimesPrior =

   6.9330e+06

Resolution level 1 iteration 3 deformation iterations 16
Did one deformation step of max. 0.60184 voxels in 1.8822 seconds

minLogLikelihoodTimesPrior =

   6.9316e+06

Resolution level 1 iteration 3 deformation iterations 17
Did one deformation step of max. 0.5327 voxels in 1.9796 seconds

minLogLikelihoodTimesPrior =

   6.9312e+06

Resolution level 1 iteration 3 deformation iterations 18
Did one deformation step of max. 0.10598 voxels in 1.978 seconds

minLogLikelihoodTimesPrior =

   6.9305e+06

Resolution level 1 iteration 3 deformation iterations 19
Did one deformation step of max. 0.0046931 voxels in 2.0224 seconds

minLogLikelihoodTimesPrior =

   6.9297e+06

Resolution level 1 iteration 3 deformation iterations 20
Did one deformation step of max. 0.79996 voxels in 1.7367 seconds

minLogLikelihoodTimesPrior =

   6.9293e+06

Iteration 4 of 7
numberOfLabels: 13
Rasterizing mesh...here: 13
here2: 13
done

minLogLikelihood =

   6.9109e+06


minLogLikelihood =

   6.9091e+06


minLogLikelihood =

   6.9085e+06


minLogLikelihood =

   6.9082e+06


minLogLikelihood =

   6.9081e+06


minLogLikelihood =

   6.9081e+06

EM converged!

ans =

   85.8891
   45.5644
   72.8584
   84.1999
   78.1037
  100.9508
   89.3606
   92.1600
   79.9305
  101.7462
   33.9769
   85.0176
   68.8809


ans =

   1.0e+04 *

    0.1308
    9.6474
    0.4276
    0.0855
    0.0206
    0.0053
    0.0630
    0.1059
    0.5104
    0.0911
    8.1105
    0.0127
    0.1284

numberOfClasses = 13
numberOfImages = 1
precisions[0][0][0] = 0.027650
precisions[0][0][1] = 0.003220
precisions[0][0][2] = 0.015293
precisions[0][0][3] = 0.034193
precisions[0][0][4] = 0.069696
precisions[0][0][5] = 0.137806
precisions[0][0][6] = 0.039831
precisions[0][0][7] = 0.030730
precisions[0][0][8] = 0.013997
precisions[0][0][9] = 0.033135
precisions[0][0][10] = 0.003511
precisions[0][0][11] = 0.088617
precisions[0][0][12] = 0.027903
means[0][0] = 85.889130
means[0][1] = 45.564381
means[0][2] = 72.858421
means[0][3] = 84.199913
means[0][4] = 78.103676
means[0][5] = 100.950844
means[0][6] = 89.360619
means[0][7] = 92.159958
means[0][8] = 79.930511
means[0][9] = 101.746185
means[0][10] = 33.976902
means[0][11] = 85.017616
means[0][12] = 68.880859
Resolution level 1 iteration 4 deformation iterations 1
Did one deformation step of max. 0.5 voxels in 5.179 seconds

minLogLikelihoodTimesPrior =

   6.9258e+06

Resolution level 1 iteration 4 deformation iterations 2
Did one deformation step of max. 0.5027 voxels in 1.6781 seconds

minLogLikelihoodTimesPrior =

   6.9245e+06

Resolution level 1 iteration 4 deformation iterations 3
Did one deformation step of max. 0.56883 voxels in 1.6715 seconds

minLogLikelihoodTimesPrior =

   6.9222e+06

Resolution level 1 iteration 4 deformation iterations 4
Did one deformation step of max. 0.53491 voxels in 2.8982 seconds

minLogLikelihoodTimesPrior =

   6.9222e+06

Resolution level 1 iteration 4 deformation iterations 5
Did one deformation step of max. 0.0062547 voxels in 1.6998 seconds

minLogLikelihoodTimesPrior =

   6.9222e+06

Resolution level 1 iteration 4 deformation iterations 6
Did one deformation step of max. 0.059325 voxels in 1.6725 seconds

minLogLikelihoodTimesPrior =

   6.9221e+06

Resolution level 1 iteration 4 deformation iterations 7
Did one deformation step of max. 0.0070856 voxels in 1.8473 seconds

minLogLikelihoodTimesPrior =

   6.9221e+06

Resolution level 1 iteration 4 deformation iterations 8
Did one deformation step of max. 0.00023266 voxels in 1.6407 seconds

minLogLikelihoodTimesPrior =

   6.9220e+06

Resolution level 1 iteration 4 deformation iterations 9
Did one deformation step of max. 0.073742 voxels in 1.6454 seconds

minLogLikelihoodTimesPrior =

   6.9219e+06

Resolution level 1 iteration 4 deformation iterations 10
Did one deformation step of max. 0.0035028 voxels in 1.7321 seconds

minLogLikelihoodTimesPrior =

   6.9218e+06

Resolution level 1 iteration 4 deformation iterations 11
Did one deformation step of max. 0.0014699 voxels in 1.6958 seconds

minLogLikelihoodTimesPrior =

   6.9215e+06

Resolution level 1 iteration 4 deformation iterations 12
Did one deformation step of max. 0.2651 voxels in 1.7015 seconds

minLogLikelihoodTimesPrior =

   6.9214e+06

Resolution level 1 iteration 4 deformation iterations 13
Did one deformation step of max. 0.016482 voxels in 1.6716 seconds

minLogLikelihoodTimesPrior =

   6.9212e+06

Resolution level 1 iteration 4 deformation iterations 14
Did one deformation step of max. 0.060939 voxels in 7.1854 seconds

minLogLikelihoodTimesPrior =

   6.9212e+06

Resolution level 1 iteration 4 deformation iterations 15
Did one deformation step of max. 0.00010966 voxels in 1.6743 seconds

minLogLikelihoodTimesPrior =

   6.9212e+06

Resolution level 1 iteration 4 deformation iterations 16
Did one deformation step of max. 1.2399e-05 voxels in 1.7229 seconds

minLogLikelihoodTimesPrior =

   6.9212e+06

Resolution level 1 iteration 4 deformation iterations 17
Did one deformation step of max. 0.0031721 voxels in 1.7938 seconds

minLogLikelihoodTimesPrior =

   6.9212e+06

Resolution level 1 iteration 4 deformation iterations 18
Did one deformation step of max. 4.9941e-05 voxels in 1.68 seconds

minLogLikelihoodTimesPrior =

   6.9212e+06

Resolution level 1 iteration 4 deformation iterations 19
Did one deformation step of max. 9.9049e-05 voxels in 1.6751 seconds

minLogLikelihoodTimesPrior =

   6.9212e+06

Resolution level 1 iteration 4 deformation iterations 20
Did one deformation step of max. 0.024388 voxels in 1.8438 seconds

minLogLikelihoodTimesPrior =

   6.9211e+06

Iteration 5 of 7
numberOfLabels: 13
Rasterizing mesh...here: 13
here2: 13
done

minLogLikelihood =

   6.8995e+06


minLogLikelihood =

   6.8994e+06


minLogLikelihood =

   6.8994e+06

EM converged!

ans =

   85.8765
   45.2835
   72.8786
   83.9005
   78.1279
  100.9892
   89.4237
   92.0837
   79.2672
  101.7362
   33.9834
   85.0181
   68.8806


ans =

   1.0e+04 *

    0.1296
    9.2936
    0.4252
    0.0694
    0.0201
    0.0052
    0.0609
    0.1058
    0.5026
    0.0908
    8.1113
    0.0127
    0.1280

numberOfClasses = 13
numberOfImages = 1
precisions[0][0][0] = 0.027781
precisions[0][0][1] = 0.003280
precisions[0][0][2] = 0.015336
precisions[0][0][3] = 0.037969
precisions[0][0][4] = 0.070470
precisions[0][0][5] = 0.138664
precisions[0][0][6] = 0.040528
precisions[0][0][7] = 0.030744
precisions[0][0][8] = 0.014106
precisions[0][0][9] = 0.033180
precisions[0][0][10] = 0.003511
precisions[0][0][11] = 0.088739
precisions[0][0][12] = 0.027947
means[0][0] = 85.876503
means[0][1] = 45.283527
means[0][2] = 72.878639
means[0][3] = 83.900543
means[0][4] = 78.127876
means[0][5] = 100.989197
means[0][6] = 89.423737
means[0][7] = 92.083748
means[0][8] = 79.267197
means[0][9] = 101.736244
means[0][10] = 33.983395
means[0][11] = 85.018127
means[0][12] = 68.880608
Resolution level 1 iteration 5 deformation iterations 1
Did one deformation step of max. 0.5 voxels in 4.9348 seconds

minLogLikelihoodTimesPrior =

   6.9198e+06

Resolution level 1 iteration 5 deformation iterations 2
Did one deformation step of max. 2.1541 voxels in 1.7057 seconds

minLogLikelihoodTimesPrior =

   6.9196e+06

Resolution level 1 iteration 5 deformation iterations 3
Did one deformation step of max. 0.14674 voxels in 1.6801 seconds

minLogLikelihoodTimesPrior =

   6.9193e+06

Resolution level 1 iteration 5 deformation iterations 4
Did one deformation step of max. 0.06493 voxels in 10.2564 seconds

minLogLikelihoodTimesPrior =

   6.9193e+06

Resolution level 1 iteration 5 deformation iterations 5
Did one deformation step of max. 0.0026606 voxels in 1.7551 seconds

minLogLikelihoodTimesPrior =

   6.9193e+06

Resolution level 1 iteration 5 deformation iterations 6
Did one deformation step of max. 0.0018388 voxels in 1.7218 seconds

minLogLikelihoodTimesPrior =

   6.9193e+06

Resolution level 1 iteration 5 deformation iterations 7
Did one deformation step of max. 0.014118 voxels in 1.8093 seconds

minLogLikelihoodTimesPrior =

   6.9192e+06

Resolution level 1 iteration 5 deformation iterations 8
Did one deformation step of max. 0.0049929 voxels in 1.6764 seconds

minLogLikelihoodTimesPrior =

   6.9192e+06

Resolution level 1 iteration 5 deformation iterations 9
Did one deformation step of max. 0.01085 voxels in 1.7292 seconds

minLogLikelihoodTimesPrior =

   6.9191e+06

Resolution level 1 iteration 5 deformation iterations 10
Did one deformation step of max. 0.033966 voxels in 3.5383 seconds

minLogLikelihoodTimesPrior =

   6.9191e+06

Resolution level 1 iteration 5 deformation iterations 11
Did one deformation step of max. 0.013868 voxels in 1.6617 seconds

minLogLikelihoodTimesPrior =

   6.9190e+06

Resolution level 1 iteration 5 deformation iterations 12
Did one deformation step of max. 0.018652 voxels in 1.7287 seconds

minLogLikelihoodTimesPrior =

   6.9189e+06

Resolution level 1 iteration 5 deformation iterations 13
Did one deformation step of max. 0.11009 voxels in 1.6827 seconds

minLogLikelihoodTimesPrior =

   6.9188e+06

Resolution level 1 iteration 5 deformation iterations 14
Did one deformation step of max. 0.047404 voxels in 1.6701 seconds

minLogLikelihoodTimesPrior =

   6.9187e+06

Resolution level 1 iteration 5 deformation iterations 15
Did one deformation step of max. 0.060493 voxels in 1.6692 seconds

minLogLikelihoodTimesPrior =

   6.9185e+06

Resolution level 1 iteration 5 deformation iterations 16
Did one deformation step of max. 0.35486 voxels in 1.669 seconds

minLogLikelihoodTimesPrior =

   6.9182e+06

Resolution level 1 iteration 5 deformation iterations 17
Did one deformation step of max. 0.28144 voxels in 1.954 seconds

minLogLikelihoodTimesPrior =

   6.9179e+06

Resolution level 1 iteration 5 deformation iterations 18
Did one deformation step of max. 0.34166 voxels in 1.6948 seconds

minLogLikelihoodTimesPrior =

   6.9174e+06

Resolution level 1 iteration 5 deformation iterations 19
Did one deformation step of max. 0.711 voxels in 2.8736 seconds

minLogLikelihoodTimesPrior =

   6.9170e+06

Resolution level 1 iteration 5 deformation iterations 20
Did one deformation step of max. 0.24884 voxels in 1.6749 seconds

minLogLikelihoodTimesPrior =

   6.9164e+06

Iteration 6 of 7
numberOfLabels: 13
Rasterizing mesh...here: 13
here2: 13
done

minLogLikelihood =

   6.8948e+06


minLogLikelihood =

   6.8947e+06

EM converged!

ans =

   85.8687
   45.1591
   72.8884
   83.8355
   78.1589
  101.0090
   89.4547
   92.0422
   78.9686
  101.7297
   33.9866
   85.0175
   68.8800


ans =

   1.0e+04 *

    0.1289
    9.1443
    0.4237
    0.0662
    0.0199
    0.0052
    0.0599
    0.1056
    0.5001
    0.0908
    8.1129
    0.0127
    0.1278

numberOfClasses = 13
numberOfImages = 1
precisions[0][0][0] = 0.027855
precisions[0][0][1] = 0.003307
precisions[0][0][2] = 0.015362
precisions[0][0][3] = 0.038855
precisions[0][0][4] = 0.070954
precisions[0][0][5] = 0.139077
precisions[0][0][6] = 0.040875
precisions[0][0][7] = 0.030779
precisions[0][0][8] = 0.014140
precisions[0][0][9] = 0.033178
precisions[0][0][10] = 0.003511
precisions[0][0][11] = 0.088772
precisions[0][0][12] = 0.027973
means[0][0] = 85.868660
means[0][1] = 45.159073
means[0][2] = 72.888374
means[0][3] = 83.835480
means[0][4] = 78.158867
means[0][5] = 101.008957
means[0][6] = 89.454689
means[0][7] = 92.042229
means[0][8] = 78.968567
means[0][9] = 101.729691
means[0][10] = 33.986645
means[0][11] = 85.017517
means[0][12] = 68.880043
Resolution level 1 iteration 6 deformation iterations 1
Did one deformation step of max. 0.5 voxels in 4.8271 seconds

minLogLikelihoodTimesPrior =

   6.9148e+06

Resolution level 1 iteration 6 deformation iterations 2
Did one deformation step of max. 0.74977 voxels in 1.7271 seconds

minLogLikelihoodTimesPrior =

   6.9121e+06

Resolution level 1 iteration 6 deformation iterations 3
Did one deformation step of max. 0.46717 voxels in 3.0252 seconds

minLogLikelihoodTimesPrior =

   6.9110e+06

Resolution level 1 iteration 6 deformation iterations 4
Did one deformation step of max. 0.82619 voxels in 1.7216 seconds

minLogLikelihoodTimesPrior =

   6.9094e+06

Resolution level 1 iteration 6 deformation iterations 5
Did one deformation step of max. 0.62551 voxels in 2.9404 seconds

minLogLikelihoodTimesPrior =

   6.9082e+06

Resolution level 1 iteration 6 deformation iterations 6
Did one deformation step of max. 0.70919 voxels in 1.6652 seconds

minLogLikelihoodTimesPrior =

   6.9070e+06

Resolution level 1 iteration 6 deformation iterations 7
Did one deformation step of max. 0.75999 voxels in 1.6784 seconds

minLogLikelihoodTimesPrior =

   6.9052e+06

Resolution level 1 iteration 6 deformation iterations 8
Did one deformation step of max. 0.9154 voxels in 2.6021 seconds

minLogLikelihoodTimesPrior =

   6.9047e+06

Resolution level 1 iteration 6 deformation iterations 9
Did one deformation step of max. 0.26448 voxels in 3.8366 seconds

minLogLikelihoodTimesPrior =

   6.9046e+06

Resolution level 1 iteration 6 deformation iterations 10
Did one deformation step of max. 0.17756 voxels in 1.7538 seconds

minLogLikelihoodTimesPrior =

   6.9044e+06

Resolution level 1 iteration 6 deformation iterations 11
Did one deformation step of max. 0.20863 voxels in 1.9089 seconds

minLogLikelihoodTimesPrior =

   6.9040e+06

Resolution level 1 iteration 6 deformation iterations 12
Did one deformation step of max. 0.27989 voxels in 1.7111 seconds

minLogLikelihoodTimesPrior =

   6.9034e+06

Resolution level 1 iteration 6 deformation iterations 13
Did one deformation step of max. 0.49305 voxels in 1.678 seconds

minLogLikelihoodTimesPrior =

   6.9024e+06

Resolution level 1 iteration 6 deformation iterations 14
Did one deformation step of max. 0.4499 voxels in 2.6672 seconds

minLogLikelihoodTimesPrior =

   6.9016e+06

Resolution level 1 iteration 6 deformation iterations 15
Did one deformation step of max. 0.38929 voxels in 2.9155 seconds

minLogLikelihoodTimesPrior =

   6.9009e+06

Resolution level 1 iteration 6 deformation iterations 16
Did one deformation step of max. 0.64486 voxels in 1.6597 seconds

minLogLikelihoodTimesPrior =

   6.9002e+06

Resolution level 1 iteration 6 deformation iterations 17
Did one deformation step of max. 0.83705 voxels in 1.6543 seconds

minLogLikelihoodTimesPrior =

   6.8994e+06

Resolution level 1 iteration 6 deformation iterations 18
Did one deformation step of max. 0.73721 voxels in 1.6805 seconds

minLogLikelihoodTimesPrior =

   6.8991e+06

Resolution level 1 iteration 6 deformation iterations 19
Did one deformation step of max. 0.28461 voxels in 1.6708 seconds

minLogLikelihoodTimesPrior =

   6.8989e+06

Resolution level 1 iteration 6 deformation iterations 20
Did one deformation step of max. 0.20631 voxels in 5.6389 seconds

minLogLikelihoodTimesPrior =

   6.8989e+06

Iteration 7 of 7
numberOfLabels: 13
Rasterizing mesh...here: 13
here2: 13
done

minLogLikelihood =

   6.8663e+06


minLogLikelihood =

   6.8656e+06


minLogLikelihood =

   6.8655e+06


minLogLikelihood =

   6.8655e+06

EM converged!

ans =

   85.7887
   44.3180
   72.9830
   83.7140
   78.5155
  101.2044
   89.7499
   91.6799
   77.3123
  101.6677
   34.0484
   85.0046
   68.8692


ans =

   1.0e+04 *

    0.1223
    8.1467
    0.4096
    0.0615
    0.0174
    0.0049
    0.0514
    0.1022
    0.5061
    0.0910
    8.1966
    0.0128
    0.1257

numberOfClasses = 13
numberOfImages = 1
precisions[0][0][0] = 0.028598
precisions[0][0][1] = 0.003504
precisions[0][0][2] = 0.015624
precisions[0][0][3] = 0.040308
precisions[0][0][4] = 0.075757
precisions[0][0][5] = 0.143102
precisions[0][0][6] = 0.044121
precisions[0][0][7] = 0.031280
precisions[0][0][8] = 0.014056
precisions[0][0][9] = 0.033144
precisions[0][0][10] = 0.003493
precisions[0][0][11] = 0.088551
precisions[0][0][12] = 0.028203
means[0][0] = 85.788651
means[0][1] = 44.317970
means[0][2] = 72.982956
means[0][3] = 83.714020
means[0][4] = 78.515533
means[0][5] = 101.204384
means[0][6] = 89.749908
means[0][7] = 91.679855
means[0][8] = 77.312286
means[0][9] = 101.667671
means[0][10] = 34.048378
means[0][11] = 85.004639
means[0][12] = 68.869194
Resolution level 1 iteration 7 deformation iterations 1
Did one deformation step of max. 1 voxels in 3.5606 seconds

minLogLikelihoodTimesPrior =

   6.8973e+06

Resolution level 1 iteration 7 deformation iterations 2
Did one deformation step of max. 0.38818 voxels in 1.6658 seconds

minLogLikelihoodTimesPrior =

   6.8971e+06

Resolution level 1 iteration 7 deformation iterations 3
Did one deformation step of max. 0.77056 voxels in 1.668 seconds

minLogLikelihoodTimesPrior =

   6.8969e+06

Resolution level 1 iteration 7 deformation iterations 4
Did one deformation step of max. 0.24934 voxels in 1.6629 seconds

minLogLikelihoodTimesPrior =

   6.8967e+06

Resolution level 1 iteration 7 deformation iterations 5
Did one deformation step of max. 0.36373 voxels in 1.6592 seconds

minLogLikelihoodTimesPrior =

   6.8966e+06

Resolution level 1 iteration 7 deformation iterations 6
Did one deformation step of max. 0.34669 voxels in 1.713 seconds

minLogLikelihoodTimesPrior =

   6.8965e+06

Resolution level 1 iteration 7 deformation iterations 7
Did one deformation step of max. 0.3683 voxels in 1.6708 seconds

minLogLikelihoodTimesPrior =

   6.8964e+06

Resolution level 1 iteration 7 deformation iterations 8
Did one deformation step of max. 0.053911 voxels in 1.6716 seconds

minLogLikelihoodTimesPrior =

   6.8964e+06

Resolution level 1 iteration 7 deformation iterations 9
Did one deformation step of max. 0.13581 voxels in 3.433 seconds

minLogLikelihoodTimesPrior =

   6.8964e+06

Resolution level 1 iteration 7 deformation iterations 10
Did one deformation step of max. 0.013989 voxels in 1.7524 seconds

minLogLikelihoodTimesPrior =

   6.8964e+06

Resolution level 1 iteration 7 deformation iterations 11
Did one deformation step of max. 0.081758 voxels in 6.5387 seconds

minLogLikelihoodTimesPrior =

   6.8964e+06

Resolution level 1 iteration 7 deformation iterations 12
Did one deformation step of max. 0.0012258 voxels in 1.727 seconds

minLogLikelihoodTimesPrior =

   6.8964e+06

Resolution level 1 iteration 7 deformation iterations 13
Did one deformation step of max. 0.0013098 voxels in 3.4404 seconds

minLogLikelihoodTimesPrior =

   6.8964e+06

Resolution level 1 iteration 7 deformation iterations 14
Did one deformation step of max. 0.0033326 voxels in 1.7812 seconds

minLogLikelihoodTimesPrior =

   6.8964e+06

Resolution level 1 iteration 7 deformation iterations 15
Did one deformation step of max. 0.0012437 voxels in 5.0761 seconds

minLogLikelihoodTimesPrior =

   6.8964e+06

Resolution level 1 iteration 7 deformation iterations 16
Did one deformation step of max. 8.0248e-05 voxels in 10.0853 seconds

minLogLikelihoodTimesPrior =

   6.8964e+06

Resolution level 1 iteration 7 deformation iterations 17
Did one deformation step of max. 1.1522e-05 voxels in 8.5802 seconds

minLogLikelihoodTimesPrior =

   6.8964e+06

Resolution level 1 iteration 7 deformation iterations 18
Did one deformation step of max. 0 voxels in 8.6573 seconds

minLogLikelihoodTimesPrior =

   6.8964e+06

maximalDeformation is too small; stopping
Smoothing mesh collection with kernel size 1.000000 ...Smoothing class: 0
Smoothing class: 1
Smoothing class: 2
Smoothing class: 3
Smoothing class: 4
Smoothing class: 5
Smoothing class: 6
Smoothing class: 7
Smoothing class: 8
Smoothing class: 9
Smoothing class: 10
Smoothing class: 11
Smoothing class: 12
done
numberOfImages = 1
Image: 0
Iteration 1 of 5
numberOfLabels: 13
Rasterizing mesh...here: 13
here2: 13
done

minLogLikelihood =

   6.8419e+06


minLogLikelihood =

   6.8416e+06


minLogLikelihood =

   6.8415e+06

EM converged!

ans =

   85.8282
   44.2345
   72.9722
   83.6986
   78.7024
  101.1982
   89.7236
   91.5624
   76.6255
  101.6035
   34.1882
   85.0123
   68.8808


ans =

   1.0e+04 *

    0.1276
    8.1870
    0.4027
    0.0662
    0.0203
    0.0053
    0.0548
    0.1083
    0.6086
    0.0975
    8.5351
    0.0128
    0.1287

numberOfClasses = 13
numberOfImages = 1
precisions[0][0][0] = 0.027990
precisions[0][0][1] = 0.003495
precisions[0][0][2] = 0.015757
precisions[0][0][3] = 0.038853
precisions[0][0][4] = 0.070264
precisions[0][0][5] = 0.137972
precisions[0][0][6] = 0.042720
precisions[0][0][7] = 0.030393
precisions[0][0][8] = 0.012818
precisions[0][0][9] = 0.032034
precisions[0][0][10] = 0.003423
precisions[0][0][11] = 0.088295
precisions[0][0][12] = 0.027869
means[0][0] = 85.828209
means[0][1] = 44.234501
means[0][2] = 72.972168
means[0][3] = 83.698624
means[0][4] = 78.702415
means[0][5] = 101.198174
means[0][6] = 89.723602
means[0][7] = 91.562447
means[0][8] = 76.625504
means[0][9] = 101.603455
means[0][10] = 34.188164
means[0][11] = 85.012276
means[0][12] = 68.880753
Resolution level 2 iteration 1 deformation iterations 1
Did one deformation step of max. 0.5 voxels in 5.2729 seconds

minLogLikelihoodTimesPrior =

   6.8730e+06

Resolution level 2 iteration 1 deformation iterations 2
Did one deformation step of max. 0.14063 voxels in 1.752 seconds

minLogLikelihoodTimesPrior =

   6.8727e+06

Resolution level 2 iteration 1 deformation iterations 3
Did one deformation step of max. 0.43855 voxels in 2.1596 seconds

minLogLikelihoodTimesPrior =

   6.8725e+06

Resolution level 2 iteration 1 deformation iterations 4
Did one deformation step of max. 0.29046 voxels in 1.7434 seconds

minLogLikelihoodTimesPrior =

   6.8723e+06

Resolution level 2 iteration 1 deformation iterations 5
Did one deformation step of max. 0.29093 voxels in 1.7554 seconds

minLogLikelihoodTimesPrior =

   6.8723e+06

Resolution level 2 iteration 1 deformation iterations 6
Did one deformation step of max. 0.07011 voxels in 1.8173 seconds

minLogLikelihoodTimesPrior =

   6.8722e+06

Resolution level 2 iteration 1 deformation iterations 7
Did one deformation step of max. 0.24395 voxels in 1.8131 seconds

minLogLikelihoodTimesPrior =

   6.8722e+06

Resolution level 2 iteration 1 deformation iterations 8
Did one deformation step of max. 0.054122 voxels in 1.7377 seconds

minLogLikelihoodTimesPrior =

   6.8722e+06

Resolution level 2 iteration 1 deformation iterations 9
Did one deformation step of max. 0.10139 voxels in 1.8983 seconds

minLogLikelihoodTimesPrior =

   6.8722e+06

Resolution level 2 iteration 1 deformation iterations 10
Did one deformation step of max. 0.11069 voxels in 1.9066 seconds

minLogLikelihoodTimesPrior =

   6.8721e+06

Resolution level 2 iteration 1 deformation iterations 11
Did one deformation step of max. 0.12851 voxels in 3.6744 seconds

minLogLikelihoodTimesPrior =

   6.8721e+06

Resolution level 2 iteration 1 deformation iterations 12
Did one deformation step of max. 0.10482 voxels in 1.7682 seconds

minLogLikelihoodTimesPrior =

   6.8720e+06

Resolution level 2 iteration 1 deformation iterations 13
Did one deformation step of max. 0.08764 voxels in 1.7864 seconds

minLogLikelihoodTimesPrior =

   6.8720e+06

Resolution level 2 iteration 1 deformation iterations 14
Did one deformation step of max. 0.098601 voxels in 1.7498 seconds

minLogLikelihoodTimesPrior =

   6.8719e+06

Resolution level 2 iteration 1 deformation iterations 15
Did one deformation step of max. 0.19439 voxels in 1.7401 seconds

minLogLikelihoodTimesPrior =

   6.8717e+06

Resolution level 2 iteration 1 deformation iterations 16
Did one deformation step of max. 0.25232 voxels in 1.7225 seconds

minLogLikelihoodTimesPrior =

   6.8715e+06

Resolution level 2 iteration 1 deformation iterations 17
Did one deformation step of max. 0.34081 voxels in 1.7195 seconds

minLogLikelihoodTimesPrior =

   6.8713e+06

Resolution level 2 iteration 1 deformation iterations 18
Did one deformation step of max. 0.28658 voxels in 2.0699 seconds

minLogLikelihoodTimesPrior =

   6.8712e+06

Resolution level 2 iteration 1 deformation iterations 19
Did one deformation step of max. 0.1988 voxels in 1.7267 seconds

minLogLikelihoodTimesPrior =

   6.8711e+06

Resolution level 2 iteration 1 deformation iterations 20
Did one deformation step of max. 0.15831 voxels in 1.7213 seconds

minLogLikelihoodTimesPrior =

   6.8711e+06

Iteration 2 of 5
numberOfLabels: 13
Rasterizing mesh...here: 13
here2: 13
done

minLogLikelihood =

   6.8336e+06


minLogLikelihood =

   6.8335e+06


minLogLikelihood =

   6.8335e+06

EM converged!

ans =

   85.8348
   43.9742
   72.9831
   83.7216
   78.8401
  101.2387
   89.7705
   91.4594
   75.9486
  101.5689
   34.2249
   85.0182
   68.8906


ans =

   1.0e+04 *

    0.1275
    7.8849
    0.3930
    0.0660
    0.0205
    0.0052
    0.0541
    0.1085
    0.6652
    0.0994
    8.5852
    0.0127
    0.1283

numberOfClasses = 13
numberOfImages = 1
precisions[0][0][0] = 0.028010
precisions[0][0][1] = 0.003561
precisions[0][0][2] = 0.015952
precisions[0][0][3] = 0.038929
precisions[0][0][4] = 0.069907
precisions[0][0][5] = 0.138479
precisions[0][0][6] = 0.042979
precisions[0][0][7] = 0.030366
precisions[0][0][8] = 0.012261
precisions[0][0][9] = 0.031714
precisions[0][0][10] = 0.003413
precisions[0][0][11] = 0.088594
precisions[0][0][12] = 0.027916
means[0][0] = 85.834816
means[0][1] = 43.974205
means[0][2] = 72.983131
means[0][3] = 83.721573
means[0][4] = 78.840149
means[0][5] = 101.238701
means[0][6] = 89.770523
means[0][7] = 91.459419
means[0][8] = 75.948608
means[0][9] = 101.568939
means[0][10] = 34.224922
means[0][11] = 85.018204
means[0][12] = 68.890579
Resolution level 2 iteration 2 deformation iterations 1
Did one deformation step of max. 0.25 voxels in 5.9884 seconds

minLogLikelihoodTimesPrior =

   6.8705e+06

Resolution level 2 iteration 2 deformation iterations 2
Did one deformation step of max. 0.17835 voxels in 1.8264 seconds

minLogLikelihoodTimesPrior =

   6.8704e+06

Resolution level 2 iteration 2 deformation iterations 3
Did one deformation step of max. 0.33562 voxels in 1.825 seconds

minLogLikelihoodTimesPrior =

   6.8703e+06

Resolution level 2 iteration 2 deformation iterations 4
Did one deformation step of max. 0.22182 voxels in 1.8111 seconds

minLogLikelihoodTimesPrior =

   6.8703e+06

Resolution level 2 iteration 2 deformation iterations 5
Did one deformation step of max. 0.059704 voxels in 1.8389 seconds

minLogLikelihoodTimesPrior =

   6.8703e+06

Resolution level 2 iteration 2 deformation iterations 6
Did one deformation step of max. 0.10748 voxels in 1.9212 seconds

minLogLikelihoodTimesPrior =

   6.8702e+06

Resolution level 2 iteration 2 deformation iterations 7
Did one deformation step of max. 0.20121 voxels in 1.8025 seconds

minLogLikelihoodTimesPrior =

   6.8702e+06

Resolution level 2 iteration 2 deformation iterations 8
Did one deformation step of max. 0.1716 voxels in 1.7758 seconds

minLogLikelihoodTimesPrior =

   6.8701e+06

Resolution level 2 iteration 2 deformation iterations 9
Did one deformation step of max. 0.17593 voxels in 3.528 seconds

minLogLikelihoodTimesPrior =

   6.8701e+06

Resolution level 2 iteration 2 deformation iterations 10
Did one deformation step of max. 0.19028 voxels in 1.9541 seconds

minLogLikelihoodTimesPrior =

   6.8701e+06

Resolution level 2 iteration 2 deformation iterations 11
Did one deformation step of max. 0.052818 voxels in 1.8005 seconds

minLogLikelihoodTimesPrior =

   6.8701e+06

Resolution level 2 iteration 2 deformation iterations 12
Did one deformation step of max. 0.071619 voxels in 5.4955 seconds

minLogLikelihoodTimesPrior =

   6.8701e+06

Resolution level 2 iteration 2 deformation iterations 13
Did one deformation step of max. 0.013316 voxels in 1.7746 seconds

minLogLikelihoodTimesPrior =

   6.8700e+06

Resolution level 2 iteration 2 deformation iterations 14
Did one deformation step of max. 0.068552 voxels in 2.0755 seconds

minLogLikelihoodTimesPrior =

   6.8700e+06

Resolution level 2 iteration 2 deformation iterations 15
Did one deformation step of max. 0.064206 voxels in 2.2062 seconds

minLogLikelihoodTimesPrior =

   6.8700e+06

Resolution level 2 iteration 2 deformation iterations 16
Did one deformation step of max. 0.035675 voxels in 1.875 seconds

minLogLikelihoodTimesPrior =

   6.8700e+06

Resolution level 2 iteration 2 deformation iterations 17
Did one deformation step of max. 0.054219 voxels in 1.8437 seconds

minLogLikelihoodTimesPrior =

   6.8700e+06

Resolution level 2 iteration 2 deformation iterations 18
Did one deformation step of max. 0.097072 voxels in 1.8162 seconds

minLogLikelihoodTimesPrior =

   6.8699e+06

Resolution level 2 iteration 2 deformation iterations 19
Did one deformation step of max. 0.13722 voxels in 1.8281 seconds

minLogLikelihoodTimesPrior =

   6.8699e+06

Resolution level 2 iteration 2 deformation iterations 20
Did one deformation step of max. 0.20263 voxels in 1.8484 seconds

minLogLikelihoodTimesPrior =

   6.8698e+06

Iteration 3 of 5
numberOfLabels: 13
Rasterizing mesh...here: 13
here2: 13
done

minLogLikelihood =

   6.8332e+06


minLogLikelihood =

   6.8332e+06

EM converged!

ans =

   85.8363
   43.8770
   72.9852
   83.7381
   78.8616
  101.2579
   89.7897
   91.4215
   75.6808
  101.5565
   34.2380
   85.0189
   68.8937


ans =

   1.0e+04 *

    0.1275
    7.7853
    0.3912
    0.0661
    0.0204
    0.0052
    0.0540
    0.1086
    0.6927
    0.1003
    8.6084
    0.0127
    0.1282

numberOfClasses = 13
numberOfImages = 1
precisions[0][0][0] = 0.028005
precisions[0][0][1] = 0.003584
precisions[0][0][2] = 0.015989
precisions[0][0][3] = 0.038909
precisions[0][0][4] = 0.070069
precisions[0][0][5] = 0.138948
precisions[0][0][6] = 0.043036
precisions[0][0][7] = 0.030341
precisions[0][0][8] = 0.012015
precisions[0][0][9] = 0.031572
precisions[0][0][10] = 0.003408
precisions[0][0][11] = 0.088604
precisions[0][0][12] = 0.027928
means[0][0] = 85.836327
means[0][1] = 43.877018
means[0][2] = 72.985245
means[0][3] = 83.738136
means[0][4] = 78.861649
means[0][5] = 101.257858
means[0][6] = 89.789658
means[0][7] = 91.421471
means[0][8] = 75.680786
means[0][9] = 101.556503
means[0][10] = 34.237961
means[0][11] = 85.018913
means[0][12] = 68.893730
Resolution level 2 iteration 3 deformation iterations 1
Did one deformation step of max. 0.25 voxels in 7.3055 seconds

minLogLikelihoodTimesPrior =

   6.8696e+06

Resolution level 2 iteration 3 deformation iterations 2
Did one deformation step of max. 0.0070864 voxels in 1.835 seconds

minLogLikelihoodTimesPrior =

   6.8696e+06

Resolution level 2 iteration 3 deformation iterations 3
Did one deformation step of max. 0.091588 voxels in 1.851 seconds

minLogLikelihoodTimesPrior =

   6.8696e+06

Resolution level 2 iteration 3 deformation iterations 4
Did one deformation step of max. 0.039965 voxels in 1.7945 seconds

minLogLikelihoodTimesPrior =

   6.8696e+06

Resolution level 2 iteration 3 deformation iterations 5
Did one deformation step of max. 0.1286 voxels in 3.6366 seconds

minLogLikelihoodTimesPrior =

   6.8696e+06

Resolution level 2 iteration 3 deformation iterations 6
Did one deformation step of max. 0.02242 voxels in 1.8347 seconds

minLogLikelihoodTimesPrior =

   6.8696e+06

Resolution level 2 iteration 3 deformation iterations 7
Did one deformation step of max. 0.084288 voxels in 3.6253 seconds

minLogLikelihoodTimesPrior =

   6.8696e+06

Resolution level 2 iteration 3 deformation iterations 8
Did one deformation step of max. 0.0086529 voxels in 1.8199 seconds

minLogLikelihoodTimesPrior =

   6.8696e+06

Resolution level 2 iteration 3 deformation iterations 9
Did one deformation step of max. 0.0042257 voxels in 5.4989 seconds

minLogLikelihoodTimesPrior =

   6.8696e+06

Resolution level 2 iteration 3 deformation iterations 10
Did one deformation step of max. 0.0092603 voxels in 1.8319 seconds

minLogLikelihoodTimesPrior =

   6.8696e+06

Resolution level 2 iteration 3 deformation iterations 11
Did one deformation step of max. 0.010093 voxels in 1.8366 seconds

minLogLikelihoodTimesPrior =

   6.8696e+06

Resolution level 2 iteration 3 deformation iterations 12
Did one deformation step of max. 0.019711 voxels in 1.8062 seconds

minLogLikelihoodTimesPrior =

   6.8696e+06

Resolution level 2 iteration 3 deformation iterations 13
Did one deformation step of max. 0.015209 voxels in 1.8012 seconds

minLogLikelihoodTimesPrior =

   6.8696e+06

Resolution level 2 iteration 3 deformation iterations 14
Did one deformation step of max. 0.052485 voxels in 1.8847 seconds

minLogLikelihoodTimesPrior =

   6.8695e+06

Resolution level 2 iteration 3 deformation iterations 15
Did one deformation step of max. 0.07118 voxels in 1.7974 seconds

minLogLikelihoodTimesPrior =

   6.8695e+06

Resolution level 2 iteration 3 deformation iterations 16
Did one deformation step of max. 0.13238 voxels in 1.7806 seconds

minLogLikelihoodTimesPrior =

   6.8695e+06

Resolution level 2 iteration 3 deformation iterations 17
Did one deformation step of max. 0.1687 voxels in 1.8029 seconds

minLogLikelihoodTimesPrior =

   6.8694e+06

Resolution level 2 iteration 3 deformation iterations 18
Did one deformation step of max. 0.22784 voxels in 1.8278 seconds

minLogLikelihoodTimesPrior =

   6.8694e+06

Resolution level 2 iteration 3 deformation iterations 19
Did one deformation step of max. 0.23372 voxels in 1.792 seconds

minLogLikelihoodTimesPrior =

   6.8693e+06

Resolution level 2 iteration 3 deformation iterations 20
Did one deformation step of max. 0.22199 voxels in 1.8374 seconds

minLogLikelihoodTimesPrior =

   6.8693e+06

Iteration 4 of 5
numberOfLabels: 13
Rasterizing mesh...here: 13
here2: 13
done

minLogLikelihood =

   6.8324e+06


minLogLikelihood =

   6.8323e+06

EM converged!

ans =

   85.8412
   43.7859
   72.9882
   83.7610
   78.8876
  101.2802
   89.8101
   91.3743
   75.4407
  101.5453
   34.2487
   85.0194
   68.8967


ans =

   1.0e+04 *

    0.1277
    7.6890
    0.3896
    0.0662
    0.0200
    0.0051
    0.0538
    0.1085
    0.7221
    0.1010
    8.6278
    0.0127
    0.1280

numberOfClasses = 13
numberOfImages = 1
precisions[0][0][0] = 0.027986
precisions[0][0][1] = 0.003606
precisions[0][0][2] = 0.016020
precisions[0][0][3] = 0.038875
precisions[0][0][4] = 0.070787
precisions[0][0][5] = 0.139446
precisions[0][0][6] = 0.043106
precisions[0][0][7] = 0.030362
precisions[0][0][8] = 0.011768
precisions[0][0][9] = 0.031471
precisions[0][0][10] = 0.003404
precisions[0][0][11] = 0.088600
precisions[0][0][12] = 0.027946
means[0][0] = 85.841202
means[0][1] = 43.785904
means[0][2] = 72.988243
means[0][3] = 83.761040
means[0][4] = 78.887627
means[0][5] = 101.280205
means[0][6] = 89.810097
means[0][7] = 91.374313
means[0][8] = 75.440720
means[0][9] = 101.545341
means[0][10] = 34.248726
means[0][11] = 85.019371
means[0][12] = 68.896751
Resolution level 2 iteration 4 deformation iterations 1
Did one deformation step of max. 0.25 voxels in 6.6201 seconds

minLogLikelihoodTimesPrior =

   6.8691e+06

Resolution level 2 iteration 4 deformation iterations 2
Did one deformation step of max. 0.062261 voxels in 1.849 seconds

minLogLikelihoodTimesPrior =

   6.8691e+06

Resolution level 2 iteration 4 deformation iterations 3
Did one deformation step of max. 0.21516 voxels in 3.6469 seconds

minLogLikelihoodTimesPrior =

   6.8691e+06

Resolution level 2 iteration 4 deformation iterations 4
Did one deformation step of max. 0.0055187 voxels in 1.8196 seconds

minLogLikelihoodTimesPrior =

   6.8691e+06

Resolution level 2 iteration 4 deformation iterations 5
Did one deformation step of max. 0.094604 voxels in 1.854 seconds

minLogLikelihoodTimesPrior =

   6.8691e+06

Resolution level 2 iteration 4 deformation iterations 6
Did one deformation step of max. 0.018556 voxels in 1.7836 seconds

minLogLikelihoodTimesPrior =

   6.8691e+06

Resolution level 2 iteration 4 deformation iterations 7
Did one deformation step of max. 0.048021 voxels in 1.8056 seconds

minLogLikelihoodTimesPrior =

   6.8691e+06

Resolution level 2 iteration 4 deformation iterations 8
Did one deformation step of max. 0.029826 voxels in 1.8257 seconds

minLogLikelihoodTimesPrior =

   6.8691e+06

Resolution level 2 iteration 4 deformation iterations 9
Did one deformation step of max. 0.13088 voxels in 1.8393 seconds

minLogLikelihoodTimesPrior =

   6.8690e+06

Resolution level 2 iteration 4 deformation iterations 10
Did one deformation step of max. 0.14709 voxels in 1.7882 seconds

minLogLikelihoodTimesPrior =

   6.8690e+06

Resolution level 2 iteration 4 deformation iterations 11
Did one deformation step of max. 0.091184 voxels in 1.7981 seconds

minLogLikelihoodTimesPrior =

   6.8690e+06

Resolution level 2 iteration 4 deformation iterations 12
Did one deformation step of max. 0.20882 voxels in 1.8176 seconds

minLogLikelihoodTimesPrior =

   6.8690e+06

Resolution level 2 iteration 4 deformation iterations 13
Did one deformation step of max. 0.12758 voxels in 1.8335 seconds

minLogLikelihoodTimesPrior =

   6.8690e+06

Resolution level 2 iteration 4 deformation iterations 14
Did one deformation step of max. 0.044814 voxels in 1.7991 seconds

minLogLikelihoodTimesPrior =

   6.8690e+06

Resolution level 2 iteration 4 deformation iterations 15
Did one deformation step of max. 0.14289 voxels in 1.8147 seconds

minLogLikelihoodTimesPrior =

   6.8690e+06

Resolution level 2 iteration 4 deformation iterations 16
Did one deformation step of max. 0.094897 voxels in 1.9086 seconds

minLogLikelihoodTimesPrior =

   6.8689e+06

Resolution level 2 iteration 4 deformation iterations 17
Did one deformation step of max. 0.15528 voxels in 1.8383 seconds

minLogLikelihoodTimesPrior =

   6.8689e+06

Resolution level 2 iteration 4 deformation iterations 18
Did one deformation step of max. 0.043663 voxels in 1.8907 seconds

minLogLikelihoodTimesPrior =

   6.8689e+06

Resolution level 2 iteration 4 deformation iterations 19
Did one deformation step of max. 0.17001 voxels in 1.7977 seconds

minLogLikelihoodTimesPrior =

   6.8689e+06

Resolution level 2 iteration 4 deformation iterations 20
Did one deformation step of max. 0.088202 voxels in 1.8229 seconds

minLogLikelihoodTimesPrior =

   6.8689e+06

Iteration 5 of 5
numberOfLabels: 13
Rasterizing mesh...here: 13
here2: 13
done

minLogLikelihood =

   6.8322e+06


minLogLikelihood =

   6.8322e+06

EM converged!

ans =

   85.8434
   43.7307
   72.9882
   83.7676
   78.8957
  101.2866
   89.8194
   91.3603
   75.2757
  101.5394
   34.2547
   85.0196
   68.8982


ans =

   1.0e+04 *

    0.1279
    7.6288
    0.3883
    0.0664
    0.0199
    0.0051
    0.0537
    0.1087
    0.7454
    0.1015
    8.6385
    0.0127
    0.1279

numberOfClasses = 13
numberOfImages = 1
precisions[0][0][0] = 0.027963
precisions[0][0][1] = 0.003621
precisions[0][0][2] = 0.016048
precisions[0][0][3] = 0.038805
precisions[0][0][4] = 0.070927
precisions[0][0][5] = 0.139869
precisions[0][0][6] = 0.043135
precisions[0][0][7] = 0.030331
precisions[0][0][8] = 0.011583
precisions[0][0][9] = 0.031383
precisions[0][0][10] = 0.003402
precisions[0][0][11] = 0.088607
precisions[0][0][12] = 0.027957
means[0][0] = 85.843422
means[0][1] = 43.730721
means[0][2] = 72.988251
means[0][3] = 83.767593
means[0][4] = 78.895676
means[0][5] = 101.286568
means[0][6] = 89.819412
means[0][7] = 91.360329
means[0][8] = 75.275742
means[0][9] = 101.539413
means[0][10] = 34.254730
means[0][11] = 85.019592
means[0][12] = 68.898224
Resolution level 2 iteration 5 deformation iterations 1
Did one deformation step of max. 0.125 voxels in 8.1368 seconds

minLogLikelihoodTimesPrior =

   6.8689e+06

Resolution level 2 iteration 5 deformation iterations 2
Did one deformation step of max. 0.025189 voxels in 1.8157 seconds

minLogLikelihoodTimesPrior =

   6.8689e+06

Resolution level 2 iteration 5 deformation iterations 3
Did one deformation step of max. 0.018366 voxels in 7.3354 seconds

minLogLikelihoodTimesPrior =

   6.8689e+06

Resolution level 2 iteration 5 deformation iterations 4
Did one deformation step of max. 0.0063887 voxels in 5.613 seconds

minLogLikelihoodTimesPrior =

   6.8689e+06

Resolution level 2 iteration 5 deformation iterations 5
Did one deformation step of max. 0.0057257 voxels in 6.1378 seconds

minLogLikelihoodTimesPrior =

   6.8689e+06

Resolution level 2 iteration 5 deformation iterations 6
Did one deformation step of max. 0.0027304 voxels in 3.6305 seconds

minLogLikelihoodTimesPrior =

   6.8689e+06

Resolution level 2 iteration 5 deformation iterations 7
Did one deformation step of max. 0.0010546 voxels in 1.7806 seconds

minLogLikelihoodTimesPrior =

   6.8689e+06

Resolution level 2 iteration 5 deformation iterations 8
Did one deformation step of max. 0.0011334 voxels in 3.7069 seconds

minLogLikelihoodTimesPrior =

   6.8689e+06

Resolution level 2 iteration 5 deformation iterations 9
Did one deformation step of max. 0.00047674 voxels in 3.5368 seconds

minLogLikelihoodTimesPrior =

   6.8689e+06

Resolution level 2 iteration 5 deformation iterations 10
Did one deformation step of max. 0.027786 voxels in 1.7631 seconds

minLogLikelihoodTimesPrior =

   6.8689e+06

Resolution level 2 iteration 5 deformation iterations 11
Did one deformation step of max. 0.0092004 voxels in 1.7632 seconds

minLogLikelihoodTimesPrior =

   6.8689e+06

Resolution level 2 iteration 5 deformation iterations 12
Did one deformation step of max. 0.0096366 voxels in 1.7611 seconds

minLogLikelihoodTimesPrior =

   6.8689e+06

Resolution level 2 iteration 5 deformation iterations 13
Did one deformation step of max. 0.020961 voxels in 1.7494 seconds

minLogLikelihoodTimesPrior =

   6.8689e+06

Resolution level 2 iteration 5 deformation iterations 14
Did one deformation step of max. 0.0021995 voxels in 10.1874 seconds

minLogLikelihoodTimesPrior =

   6.8689e+06

Resolution level 2 iteration 5 deformation iterations 15
Did one deformation step of max. 0 voxels in 28.0497 seconds

minLogLikelihoodTimesPrior =

   6.8689e+06

maximalDeformation is too small; stopping
Smoothing mesh collection with kernel size 0.000000 ...done
numberOfImages = 1
Image: 0
Iteration 1 of 3
numberOfLabels: 13
Rasterizing mesh...here: 13
here2: 13
done

minLogLikelihood =

   6.8265e+06


minLogLikelihood =

   6.8258e+06


minLogLikelihood =

   6.8257e+06

EM converged!

ans =

   85.8773
   43.8491
   72.9772
   83.7652
   78.9878
  101.2499
   89.6376
   91.3199
   74.9070
  101.4858
   34.3688
   85.0236
   68.9042


ans =

   1.0e+04 *

    0.1349
    7.9229
    0.3829
    0.0715
    0.0224
    0.0055
    0.0790
    0.1129
    0.8838
    0.1083
    8.9423
    0.0128
    0.1310

numberOfClasses = 13
numberOfImages = 1
precisions[0][0][0] = 0.027224
precisions[0][0][1] = 0.003553
precisions[0][0][2] = 0.016160
precisions[0][0][3] = 0.037387
precisions[0][0][4] = 0.066806
precisions[0][0][5] = 0.134325
precisions[0][0][6] = 0.035576
precisions[0][0][7] = 0.029760
precisions[0][0][8] = 0.010637
precisions[0][0][9] = 0.030387
precisions[0][0][10] = 0.003344
precisions[0][0][11] = 0.088319
precisions[0][0][12] = 0.027629
means[0][0] = 85.877281
means[0][1] = 43.849087
means[0][2] = 72.977173
means[0][3] = 83.765244
means[0][4] = 78.987778
means[0][5] = 101.249855
means[0][6] = 89.637573
means[0][7] = 91.319923
means[0][8] = 74.907021
means[0][9] = 101.485771
means[0][10] = 34.368809
means[0][11] = 85.023628
means[0][12] = 68.904198
Resolution level 3 iteration 1 deformation iterations 1
Did one deformation step of max. 1 voxels in 3.5595 seconds

minLogLikelihoodTimesPrior =

   6.8616e+06

Resolution level 3 iteration 1 deformation iterations 2
Did one deformation step of max. 1.1744 voxels in 1.676 seconds

minLogLikelihoodTimesPrior =

   6.8614e+06

Resolution level 3 iteration 1 deformation iterations 3
Did one deformation step of max. 0.3333 voxels in 3.2949 seconds

minLogLikelihoodTimesPrior =

   6.8613e+06

Resolution level 3 iteration 1 deformation iterations 4
Did one deformation step of max. 0.10539 voxels in 1.7439 seconds

minLogLikelihoodTimesPrior =

   6.8613e+06

Resolution level 3 iteration 1 deformation iterations 5
Did one deformation step of max. 0.20866 voxels in 1.6983 seconds

minLogLikelihoodTimesPrior =

   6.8612e+06

Resolution level 3 iteration 1 deformation iterations 6
Did one deformation step of max. 0.26828 voxels in 1.6576 seconds

minLogLikelihoodTimesPrior =

   6.8611e+06

Resolution level 3 iteration 1 deformation iterations 7
Did one deformation step of max. 0.37598 voxels in 1.6824 seconds

minLogLikelihoodTimesPrior =

   6.8611e+06

Resolution level 3 iteration 1 deformation iterations 8
Did one deformation step of max. 0.059886 voxels in 1.6463 seconds

minLogLikelihoodTimesPrior =

   6.8610e+06

Resolution level 3 iteration 1 deformation iterations 9
Did one deformation step of max. 0.12289 voxels in 3.3704 seconds

minLogLikelihoodTimesPrior =

   6.8610e+06

Resolution level 3 iteration 1 deformation iterations 10
Did one deformation step of max. 0.073063 voxels in 1.7503 seconds

minLogLikelihoodTimesPrior =

   6.8610e+06

Resolution level 3 iteration 1 deformation iterations 11
Did one deformation step of max. 0.00047911 voxels in 6.788 seconds

minLogLikelihoodTimesPrior =

   6.8610e+06

Resolution level 3 iteration 1 deformation iterations 12
Did one deformation step of max. 0.0011734 voxels in 1.6626 seconds

minLogLikelihoodTimesPrior =

   6.8610e+06

Resolution level 3 iteration 1 deformation iterations 13
Did one deformation step of max. 0.00044857 voxels in 5.068 seconds

minLogLikelihoodTimesPrior =

   6.8610e+06

Resolution level 3 iteration 1 deformation iterations 14
Did one deformation step of max. 0.0089714 voxels in 1.6466 seconds

minLogLikelihoodTimesPrior =

   6.8610e+06

Resolution level 3 iteration 1 deformation iterations 15
Did one deformation step of max. 0.0078425 voxels in 1.7061 seconds

minLogLikelihoodTimesPrior =

   6.8610e+06

Resolution level 3 iteration 1 deformation iterations 16
Did one deformation step of max. 0.0063179 voxels in 3.5324 seconds

minLogLikelihoodTimesPrior =

   6.8610e+06

Resolution level 3 iteration 1 deformation iterations 17
Did one deformation step of max. 0.0073857 voxels in 3.459 seconds

minLogLikelihoodTimesPrior =

   6.8610e+06

Resolution level 3 iteration 1 deformation iterations 18
Did one deformation step of max. 0.0095407 voxels in 1.6378 seconds

minLogLikelihoodTimesPrior =

   6.8610e+06

Resolution level 3 iteration 1 deformation iterations 19
Did one deformation step of max. 0.021492 voxels in 3.3063 seconds

minLogLikelihoodTimesPrior =

   6.8610e+06

Resolution level 3 iteration 1 deformation iterations 20
Did one deformation step of max. 0.0078877 voxels in 1.6921 seconds

minLogLikelihoodTimesPrior =

   6.8610e+06

Iteration 2 of 3
numberOfLabels: 13
Rasterizing mesh...here: 13
here2: 13
done

minLogLikelihood =

   6.8220e+06


minLogLikelihood =

   6.8220e+06

EM converged!

ans =

   85.8800
   43.8196
   72.9718
   83.7505
   79.0036
  101.2546
   89.6385
   91.3156
   74.7447
  101.4748
   34.3776
   85.0266
   68.9078


ans =

   1.0e+04 *

    0.1347
    7.8928
    0.3797
    0.0718
    0.0229
    0.0055
    0.0792
    0.1126
    0.9132
    0.1093
    8.9526
    0.0128
    0.1308

numberOfClasses = 13
numberOfImages = 1
precisions[0][0][0] = 0.027247
precisions[0][0][1] = 0.003559
precisions[0][0][2] = 0.016228
precisions[0][0][3] = 0.037324
precisions[0][0][4] = 0.066141
precisions[0][0][5] = 0.134274
precisions[0][0][6] = 0.035530
precisions[0][0][7] = 0.029806
precisions[0][0][8] = 0.010465
precisions[0][0][9] = 0.030246
precisions[0][0][10] = 0.003342
precisions[0][0][11] = 0.088460
precisions[0][0][12] = 0.027649
means[0][0] = 85.880013
means[0][1] = 43.819592
means[0][2] = 72.971832
means[0][3] = 83.750542
means[0][4] = 79.003639
means[0][5] = 101.254639
means[0][6] = 89.638466
means[0][7] = 91.315643
means[0][8] = 74.744728
means[0][9] = 101.474831
means[0][10] = 34.377575
means[0][11] = 85.026649
means[0][12] = 68.907845
Resolution level 3 iteration 2 deformation iterations 1
Did one deformation step of max. 0.25 voxels in 6.3535 seconds

minLogLikelihoodTimesPrior =

   6.8609e+06

Resolution level 3 iteration 2 deformation iterations 2
Did one deformation step of max. 0.032951 voxels in 1.6512 seconds

minLogLikelihoodTimesPrior =

   6.8609e+06

Resolution level 3 iteration 2 deformation iterations 3
Did one deformation step of max. 0.0041229 voxels in 8.6253 seconds

minLogLikelihoodTimesPrior =

   6.8609e+06

Resolution level 3 iteration 2 deformation iterations 4
Did one deformation step of max. 9.4434e-05 voxels in 11.6932 seconds

minLogLikelihoodTimesPrior =

   6.8609e+06

Resolution level 3 iteration 2 deformation iterations 5
Did one deformation step of max. 0.00016153 voxels in 1.6464 seconds

minLogLikelihoodTimesPrior =

   6.8609e+06

Resolution level 3 iteration 2 deformation iterations 6
Did one deformation step of max. 4.641e-05 voxels in 6.9628 seconds

minLogLikelihoodTimesPrior =

   6.8609e+06

Resolution level 3 iteration 2 deformation iterations 7
Did one deformation step of max. 0 voxels in 6.6552 seconds

minLogLikelihoodTimesPrior =

   6.8609e+06

maximalDeformation is too small; stopping
Iteration 3 of 3
numberOfLabels: 13
Rasterizing mesh...here: 13
here2: 13
done

minLogLikelihood =

   6.8219e+06


minLogLikelihood =

   6.8219e+06

EM converged!

ans =

   85.8798
   43.7993
   72.9695
   83.7438
   79.0118
  101.2576
   89.6368
   91.3137
   74.6348
  101.4680
   34.3820
   85.0278
   68.9091


ans =

   1.0e+04 *

    0.1347
    7.8772
    0.3779
    0.0719
    0.0231
    0.0055
    0.0796
    0.1126
    0.9350
    0.1100
    8.9591
    0.0128
    0.1308

numberOfClasses = 13
numberOfImages = 1
precisions[0][0][0] = 0.027247
precisions[0][0][1] = 0.003563
precisions[0][0][2] = 0.016267
precisions[0][0][3] = 0.037298
precisions[0][0][4] = 0.065849
precisions[0][0][5] = 0.134333
precisions[0][0][6] = 0.035449
precisions[0][0][7] = 0.029800
precisions[0][0][8] = 0.010341
precisions[0][0][9] = 0.030148
precisions[0][0][10] = 0.003341
precisions[0][0][11] = 0.088520
precisions[0][0][12] = 0.027653
means[0][0] = 85.879845
means[0][1] = 43.799286
means[0][2] = 72.969543
means[0][3] = 83.743782
means[0][4] = 79.011780
means[0][5] = 101.257637
means[0][6] = 89.636810
means[0][7] = 91.313705
means[0][8] = 74.634781
means[0][9] = 101.467957
means[0][10] = 34.381981
means[0][11] = 85.027840
means[0][12] = 68.909149
Resolution level 3 iteration 3 deformation iterations 1
Did one deformation step of max. 0.25 voxels in 7.1004 seconds

minLogLikelihoodTimesPrior =

   6.8608e+06

Resolution level 3 iteration 3 deformation iterations 2
Did one deformation step of max. 0.42317 voxels in 1.6977 seconds

minLogLikelihoodTimesPrior =

   6.8608e+06

Resolution level 3 iteration 3 deformation iterations 3
Did one deformation step of max. 0.21854 voxels in 1.6482 seconds

minLogLikelihoodTimesPrior =

   6.8608e+06

Resolution level 3 iteration 3 deformation iterations 4
Did one deformation step of max. 0.089499 voxels in 1.6444 seconds

minLogLikelihoodTimesPrior =

   6.8607e+06

Resolution level 3 iteration 3 deformation iterations 5
Did one deformation step of max. 0.067989 voxels in 1.6364 seconds

minLogLikelihoodTimesPrior =

   6.8607e+06

Resolution level 3 iteration 3 deformation iterations 6
Did one deformation step of max. 0.063414 voxels in 1.6709 seconds

minLogLikelihoodTimesPrior =

   6.8607e+06

Resolution level 3 iteration 3 deformation iterations 7
Did one deformation step of max. 0.05629 voxels in 1.6891 seconds

minLogLikelihoodTimesPrior =

   6.8607e+06

Resolution level 3 iteration 3 deformation iterations 8
Did one deformation step of max. 0.037709 voxels in 3.3765 seconds

minLogLikelihoodTimesPrior =

   6.8607e+06

Resolution level 3 iteration 3 deformation iterations 9
Did one deformation step of max. 0.062763 voxels in 1.6328 seconds

minLogLikelihoodTimesPrior =

   6.8607e+06

Resolution level 3 iteration 3 deformation iterations 10
Did one deformation step of max. 0.067928 voxels in 1.6595 seconds

minLogLikelihoodTimesPrior =

   6.8607e+06

Resolution level 3 iteration 3 deformation iterations 11
Did one deformation step of max. 0.04639 voxels in 1.6895 seconds

minLogLikelihoodTimesPrior =

   6.8607e+06

Resolution level 3 iteration 3 deformation iterations 12
Did one deformation step of max. 0.054886 voxels in 1.7833 seconds

minLogLikelihoodTimesPrior =

   6.8607e+06

Resolution level 3 iteration 3 deformation iterations 13
Did one deformation step of max. 0.04997 voxels in 3.3917 seconds

minLogLikelihoodTimesPrior =

   6.8607e+06

Resolution level 3 iteration 3 deformation iterations 14
Did one deformation step of max. 0.02957 voxels in 4.8661 seconds

minLogLikelihoodTimesPrior =

   6.8606e+06

Resolution level 3 iteration 3 deformation iterations 15
Did one deformation step of max. 0.018704 voxels in 1.8553 seconds

minLogLikelihoodTimesPrior =

   6.8606e+06

Resolution level 3 iteration 3 deformation iterations 16
Did one deformation step of max. 0.027465 voxels in 5.1713 seconds

minLogLikelihoodTimesPrior =

   6.8606e+06

Resolution level 3 iteration 3 deformation iterations 17
Did one deformation step of max. 0.0044963 voxels in 1.6224 seconds

minLogLikelihoodTimesPrior =

   6.8606e+06

Resolution level 3 iteration 3 deformation iterations 18
Did one deformation step of max. 0.0021108 voxels in 3.2774 seconds

minLogLikelihoodTimesPrior =

   6.8606e+06

Resolution level 3 iteration 3 deformation iterations 19
Did one deformation step of max. 0.0056587 voxels in 1.6868 seconds

minLogLikelihoodTimesPrior =

   6.8606e+06

Resolution level 3 iteration 3 deformation iterations 20
Did one deformation step of max. 0.0032965 voxels in 3.3513 seconds

minLogLikelihoodTimesPrior =

   6.8606e+06

Fitting mesh to image data mask took 932.8532 seconds
numberOfLabels: 21
Rasterizing mesh...here: 21
here2: 21
done
Transforming points
Transforming points
Transforming points
Transforming points
Transforming points
Transforming points
Transforming points
Transforming points
Transforming points
Transforming points
Transforming points
Careful here: the applied transformation will turn positive tetrahedra into negative ones.
-0.535299 -0.015396 0.00515809
0.0171436 0.0955027 0.451081
-7.2235e-05 -0.438668 0.0951336

 determinant: -0.110799
Starting to swap the point assignments of each tetrahedron...
I am WriteImage and I'm running! 
Wrote image to file image.mgz
Constructing image-to-world transform from header information (asmr1.mgz)
Returning the following transform: 
AffineTransform (0x7f749c02db00)
  RTTI typeinfo:   itk::AffineTransform<double, 3u>
  Reference Count: 1
  Modified Time: 58886070
  Debug: Off
  Object Name: 
  Observers: 
    none
  Matrix: 
    -0.5 0 0 
    0 0 0.5 
    0 -0.5 0 
  Offset: [41.25, -37.4, 10.95]
  Center: [0, 0, 0]
  Translation: [41.25, -37.4, 10.95]
  Inverse: 
    -2 0 0 
    0 0 -2 
    0 2 0 
  Singular: 0
Constructing image-to-world transform from header information (/home/stone-ext1/freesurfer/subjects/FS6EXPERT_subj01/tmp/BS_basedOn_T1/imageDump.mgz)
Returning the following transform: 
AffineTransform (0x7f749c02db00)
  RTTI typeinfo:   itk::AffineTransform<double, 3u>
  Reference Count: 1
  Modified Time: 58890605
  Debug: Off
  Object Name: 
  Observers: 
    none
  Matrix: 
    0.933946 -0.00360116 -0.0335629 
    0.0339058 1.05966 0.229509 
    -0.00750693 -0.229807 1.09005 
  Offset: [-27.1814, -49.4607, -84.7093]
  Center: [0, 0, 0]
  Translation: [-27.1814, -49.4607, -84.7093]
  Inverse: 
    1.0706 0.0103162 0.030792 
    -0.0342872 0.902162 -0.191005 
    0.00014447 0.190267 0.877335 
  Singular: 0
Transform before cropping: 
AffineTransform (0x7f749c02db00)
  RTTI typeinfo:   itk::AffineTransform<double, 3u>
  Reference Count: 1
  Modified Time: 58890607
  Debug: Off
  Object Name: 
  Observers: 
    none
  Matrix: 
    -1.86789 0.00720232 0.0671258 
    0.0150139 0.459613 -2.18009 
    0.0678116 2.11931 0.459018 
  Offset: [136.863, 191.319, -24.1214]
  Center: [0, 0, 0]
  Translation: [136.863, 191.319, -24.1214]
  Inverse: 
    -0.535299 -0.015396 0.00515809 
    0.0171436 0.0955027 0.451081 
    -7.2235e-05 -0.438668 0.0951336 
  Singular: 0
WorldToImageTransform before cropping: 
AffineTransform (0x7f74db98ef70)
  RTTI typeinfo:   itk::AffineTransform<double, 3u>
  Reference Count: 1
  Modified Time: 58890609
  Debug: Off
  Object Name: 
  Observers: 
    none
  Matrix: 
    -2 0 0 
    0 0 -2 
    0 2 0 
  Offset: [82.5, 21.9, 74.8]
  Center: [0, 0, 0]
  Translation: [82.5, 21.9, 74.8]
  Inverse: 
    -0.5 0 0 
    0 0 0.5 
    0 -0.5 0 
  Singular: 0
 m_BoundingBoxSize: [65, 55,93]
 minimalMappedCoordinate: [17.3177, -9.25008,-24.1214]
 maximalMappedCoordinate: [143.427, 217.099,136.891]
Cropping with min [5  -31  -40]
          and max [156  240  153]
m_OriginalImageRegion before checking margins: ImageRegion (0x7f7622686bf8)
  Dimension: 3
  Index: [5, -31, -40]
  Size: [152, 272, 194]

m_CroppedImageRegion before checking margins: ImageRegion (0x7f7622686bc0)
  Dimension: 3
  Index: [0, 0, 0]
  Size: [152, 272, 194]


m_OriginalImageRegion after checking margins: ImageRegion (0x7f7622686bf8)
  Dimension: 3
  Index: [5, 0, 0]
  Size: [152, 199, 148]

m_CroppedImageRegion after checking margins: ImageRegion (0x7f7622686bc0)
  Dimension: 3
  Index: [0, 31, 40]
  Size: [152, 199, 148]

Transform after cropping: 
AffineTransform (0x7f749c02db00)
  RTTI typeinfo:   itk::AffineTransform<double, 3u>
  Reference Count: 1
  Modified Time: 58895144
  Debug: Off
  Object Name: 
  Observers: 
    none
  Matrix: 
    -1.86789 0.00720232 0.0671258 
    0.0150139 0.459613 -2.18009 
    0.0678116 2.11931 0.459018 
  Offset: [131.863, 222.319, 15.8786]
  Center: [0, 0, 0]
  Translation: [131.863, 222.319, 15.8786]
  Inverse: 
    -0.535299 -0.015396 0.00515809 
    0.0171436 0.0955027 0.451081 
    -7.2235e-05 -0.438668 0.0951336 
  Singular: 0
WorldToImageTransform after cropping: 
AffineTransform (0x7f74db98ef70)
  RTTI typeinfo:   itk::AffineTransform<double, 3u>
  Reference Count: 1
  Modified Time: 58895145
  Debug: Off
  Object Name: 
  Observers: 
    none
  Matrix: 
    -2 0 0 
    0 0 -2 
    0 2 0 
  Offset: [77.5, 52.9, 114.8]
  Center: [0, 0, 0]
  Translation: [77.5, 52.9, 114.8]
  Inverse: 
    -0.5 0 0 
    0 0 0.5 
    0 -0.5 0 
  Singular: 0
I am WriteImage and I'm running! 
Wrote image to file asmr2.mgz
This file does not contain MRI parameters
This file does not contain MRI parameters
numberOfLabels: 21
Rasterizing mesh...here: 21
here2: 21
done
mri_convert.bin discreteLabels.mgz discreteLabelsResampledT1.mgz -rt nearest -odt float -rl /home/stone-ext1/freesurfer/subjects/FS6EXPERT_subj01/mri/norm.mgz 
$Id: mri_convert.c,v 1.226 2016/02/26 16:15:24 mreuter Exp $
reading from discreteLabels.mgz...
TR=1000.00, TE=0.00, TI=0.00, flip angle=0.00
i_ras = (-1, 0, 0)
j_ras = (0, 0, -1)
k_ras = (0, 1, 0)
reading template info from volume /home/stone-ext1/freesurfer/subjects/FS6EXPERT_subj01/mri/norm.mgz...
Reslicing using nearest 
writing to discreteLabelsResampledT1.mgz...
Everything done!
It took 1128.5999 seconds 
