status file for recon-all
Tue May  7 10:49:48 CDT 2019
#@# MotionCor Tue May  7 10:49:55 CDT 2019
#@# Talairach Tue May  7 10:50:14 CDT 2019
#@# Talairach Failure Detection Tue May  7 10:53:00 CDT 2019
#@# Nu Intensity Correction Tue May  7 10:53:00 CDT 2019
#@# Intensity Normalization Tue May  7 10:57:01 CDT 2019
#@# Skull Stripping Tue May  7 11:00:46 CDT 2019
#@# EM Registration Tue May  7 23:10:01 CDT 2019
#@# CA Normalize Wed May  8 12:50:28 CDT 2019
#@# CA Reg Wed May  8 12:55:01 CDT 2019
#@# SubCort Seg Wed May  8 15:57:43 CDT 2019
#@# Merge ASeg Wed May  8 18:11:40 CDT 2019
#@# Intensity Normalization2 Wed May  8 18:11:40 CDT 2019
#@# Mask BFS Wed May  8 18:18:34 CDT 2019
#@# WM Segmentation Wed May  8 18:18:36 CDT 2019
#@# Fill Wed May  8 18:22:39 CDT 2019
#@# Tessellate lh Wed May  8 18:24:02 CDT 2019
#@# Tessellate rh Wed May  8 18:24:11 CDT 2019
#@# Smooth1 lh Wed May  8 18:24:21 CDT 2019
#@# Smooth1 rh Wed May  8 18:24:31 CDT 2019
#@# Inflation1 lh Wed May  8 18:24:39 CDT 2019
#@# Inflation1 rh Wed May  8 18:27:02 CDT 2019
#@# QSphere lh Wed May  8 18:29:23 CDT 2019
#@# QSphere rh Wed May  8 18:32:29 CDT 2019
#@# Fix Topology Copy lh Wed May  8 18:35:26 CDT 2019
#@# Fix Topology Copy rh Wed May  8 18:35:26 CDT 2019
#@# Fix Topology lh Wed May  8 18:35:26 CDT 2019
#@# Fix Topology rh Wed May  8 19:09:07 CDT 2019
#@# Make White Surf lh Wed May  8 19:36:26 CDT 2019
#@# Make White Surf rh Wed May  8 19:44:18 CDT 2019
#@# Smooth2 lh Wed May  8 19:49:59 CDT 2019
#@# Smooth2 rh Wed May  8 19:50:08 CDT 2019
#@# Inflation2 lh Wed May  8 19:50:18 CDT 2019
#@# Inflation2 rh Wed May  8 19:51:28 CDT 2019
#@# Curv .H and .K lh Wed May  8 19:52:31 CDT 2019
#@# Curv .H and .K rh Wed May  8 19:54:23 CDT 2019
#@# Curvature Stats lh Wed May  8 19:56:11 CDT 2019
#@# Curvature Stats rh Wed May  8 19:56:17 CDT 2019
#@# Sphere lh Wed May  8 19:56:23 CDT 2019
#@# Sphere rh Wed May  8 20:09:34 CDT 2019
#@# Surf Reg lh Wed May  8 20:22:33 CDT 2019
#@# Surf Reg rh Wed May  8 21:44:55 CDT 2019
#@# Jacobian white lh Wed May  8 23:14:54 CDT 2019
#@# Jacobian white rh Wed May  8 23:14:58 CDT 2019
#@# AvgCurv lh Wed May  8 23:15:02 CDT 2019
#@# AvgCurv rh Wed May  8 23:15:07 CDT 2019
#@# Cortical Parc lh Wed May  8 23:15:11 CDT 2019
#@# Cortical Parc rh Wed May  8 23:15:42 CDT 2019
#@# Make Pial Surf lh Wed May  8 23:16:12 CDT 2019
#@# Make Pial Surf rh Wed May  8 23:52:56 CDT 2019
#@# Surf Volume lh Thu May  9 00:28:20 CDT 2019
#@# Surf Volume rh Thu May  9 00:28:30 CDT 2019
#@# Cortical ribbon mask Thu May  9 00:28:40 CDT 2019
#@# Parcellation Stats lh Thu May  9 01:21:32 CDT 2019
#@# Parcellation Stats rh Thu May  9 01:25:12 CDT 2019
#@# Cortical Parc 2 lh Thu May  9 01:28:29 CDT 2019
#@# Cortical Parc 2 rh Thu May  9 01:29:11 CDT 2019
#@# Parcellation Stats 2 lh Thu May  9 01:29:46 CDT 2019
#@# Parcellation Stats 2 rh Thu May  9 01:31:29 CDT 2019
#@# Cortical Parc 3 lh Thu May  9 01:33:09 CDT 2019
#@# Cortical Parc 3 rh Thu May  9 01:33:36 CDT 2019
#@# Parcellation Stats 3 lh Thu May  9 01:34:03 CDT 2019
#@# Parcellation Stats 3 rh Thu May  9 01:35:32 CDT 2019
#@# WM/GM Contrast lh Thu May  9 01:37:06 CDT 2019
#@# WM/GM Contrast rh Thu May  9 01:37:20 CDT 2019
#@# Relabel Hypointensities Thu May  9 01:37:37 CDT 2019
#@# AParc-to-ASeg aparc Thu May  9 01:38:41 CDT 2019
#@# AParc-to-ASeg a2009s Thu May  9 01:48:16 CDT 2019
#@# AParc-to-ASeg DKTatlas Thu May  9 02:07:10 CDT 2019
#@# APas-to-ASeg Thu May  9 02:24:54 CDT 2019
#@# ASeg Stats Thu May  9 02:25:11 CDT 2019
#@# WMParc Thu May  9 02:27:02 CDT 2019
#@# BA_exvivo Labels lh Thu May  9 02:46:32 CDT 2019
#@# BA_exvivo Labels rh Thu May  9 02:58:00 CDT 2019
#@# Segmentation of brainstem substructures  Thu May  9 03:08:31 CDT 2019
#@# Hippocampal Subfields processing (T1 + T2 volume) left Thu May  9 03:27:37 CDT 2019
#@# Hippocampal Subfields processing (T1 + T2 volume) right Thu May  9 04:04:15 CDT 2019
recon-all -s FS6EXPERT_subj01 finished without error at Thu May  9 04:34:19 CDT 2019



New invocation of recon-all 



status file for recon-all
Sat Jun 22 22:19:08 CDT 2019
#@# Intensity Normalization2 Sat Jun 22 22:19:08 CDT 2019
#@# Mask BFS Sat Jun 22 22:31:08 CDT 2019
#@# WM Segmentation Sat Jun 22 22:31:11 CDT 2019
#@# Fill Sat Jun 22 22:36:42 CDT 2019
#@# Tessellate lh Sat Jun 22 22:38:50 CDT 2019
#@# Tessellate rh Sat Jun 22 22:39:05 CDT 2019
#@# Smooth1 lh Sat Jun 22 22:39:22 CDT 2019
#@# Smooth1 rh Sat Jun 22 22:39:36 CDT 2019
#@# Inflation1 lh Sat Jun 22 22:39:50 CDT 2019
#@# Inflation1 rh Sat Jun 22 22:43:43 CDT 2019
#@# QSphere lh Sat Jun 22 22:47:16 CDT 2019
#@# QSphere rh Sat Jun 22 22:51:33 CDT 2019
#@# Fix Topology Copy lh Sat Jun 22 22:55:16 CDT 2019
#@# Fix Topology Copy rh Sat Jun 22 22:55:16 CDT 2019
#@# Fix Topology lh Sat Jun 22 22:55:16 CDT 2019
#@# Fix Topology rh Sat Jun 22 23:22:01 CDT 2019
#@# Make White Surf lh Sun Jun 23 00:05:01 CDT 2019
#@# Make White Surf rh Sun Jun 23 00:11:36 CDT 2019
#@# Smooth2 lh Sun Jun 23 00:18:07 CDT 2019
#@# Smooth2 rh Sun Jun 23 00:18:21 CDT 2019
#@# Inflation2 lh Sun Jun 23 00:18:36 CDT 2019
#@# Inflation2 rh Sun Jun 23 00:20:33 CDT 2019
#@# Curv .H and .K lh Sun Jun 23 00:23:03 CDT 2019
#@# Curv .H and .K rh Sun Jun 23 00:25:39 CDT 2019
#@# Curvature Stats lh Sun Jun 23 00:28:23 CDT 2019
#@# Curvature Stats rh Sun Jun 23 00:28:34 CDT 2019
#@# Sphere lh Sun Jun 23 00:28:43 CDT 2019
#@# Sphere rh Sun Jun 23 00:49:44 CDT 2019
#@# Surf Reg lh Sun Jun 23 01:13:29 CDT 2019
#@# Surf Reg rh Sun Jun 23 02:36:34 CDT 2019
#@# Jacobian white lh Sun Jun 23 04:05:05 CDT 2019
#@# Jacobian white rh Sun Jun 23 04:05:09 CDT 2019
#@# AvgCurv lh Sun Jun 23 04:05:13 CDT 2019
#@# AvgCurv rh Sun Jun 23 04:05:17 CDT 2019
#@# Cortical Parc lh Sun Jun 23 04:05:21 CDT 2019
#@# Cortical Parc rh Sun Jun 23 04:05:54 CDT 2019
#@# Make Pial Surf lh Sun Jun 23 04:06:26 CDT 2019
#@# Make Pial Surf rh Sun Jun 23 04:40:07 CDT 2019
#@# Surf Volume lh Sun Jun 23 05:03:55 CDT 2019
#@# Surf Volume rh Sun Jun 23 05:04:00 CDT 2019
#@# Cortical ribbon mask Sun Jun 23 05:04:06 CDT 2019
#@# Parcellation Stats lh Sun Jun 23 05:29:21 CDT 2019
#@# Parcellation Stats rh Sun Jun 23 05:31:31 CDT 2019
#@# Cortical Parc 2 lh Sun Jun 23 05:33:42 CDT 2019
#@# Cortical Parc 2 rh Sun Jun 23 05:34:06 CDT 2019
#@# Parcellation Stats 2 lh Sun Jun 23 05:34:32 CDT 2019
#@# Parcellation Stats 2 rh Sun Jun 23 05:35:37 CDT 2019
#@# Cortical Parc 3 lh Sun Jun 23 05:36:46 CDT 2019
#@# Cortical Parc 3 rh Sun Jun 23 05:37:06 CDT 2019
#@# Parcellation Stats 3 lh Sun Jun 23 05:37:29 CDT 2019
#@# Parcellation Stats 3 rh Sun Jun 23 05:38:37 CDT 2019
#@# WM/GM Contrast lh Sun Jun 23 05:39:44 CDT 2019
#@# WM/GM Contrast rh Sun Jun 23 05:39:54 CDT 2019
#@# Relabel Hypointensities Sun Jun 23 05:40:05 CDT 2019
#@# AParc-to-ASeg aparc Sun Jun 23 05:40:50 CDT 2019
#@# AParc-to-ASeg a2009s Sun Jun 23 05:52:06 CDT 2019
#@# AParc-to-ASeg DKTatlas Sun Jun 23 06:03:07 CDT 2019
#@# APas-to-ASeg Sun Jun 23 06:14:06 CDT 2019
#@# ASeg Stats Sun Jun 23 06:14:17 CDT 2019
#@# WMParc Sun Jun 23 06:15:23 CDT 2019
#@# BA_exvivo Labels lh Sun Jun 23 06:25:11 CDT 2019
#@# BA_exvivo Labels rh Sun Jun 23 06:32:32 CDT 2019
recon-all -s FS6EXPERT_subj01_ver10 finished without error at Sun Jun 23 06:39:59 CDT 2019
