/home/stone-ext1/freesurfer/subjects/FS6EXPERT_subj01/mri
/home/stone/software/freesurfer_stable_600/bin/mri_nu_correct.mni
--i orig.mgz --o nu.mgz --uchar transforms/talairach.xfm --cm --n 2
nIters 2
$Id: mri_nu_correct.mni,v 1.27 2016/02/26 16:19:49 mreuter Exp $
Linux stone.cmrr.umn.edu 3.13.0-168-generic #218-Ubuntu SMP Thu Mar 14 16:56:08 UTC 2019 x86_64 x86_64 x86_64 GNU/Linux
Tue May  7 10:53:00 CDT 2019
Program nu_correct, built from:
Package MNI N3, version 1.12.0, compiled by nicks@terrier (x86_64-unknown-linux-gnu) on 2015-06-19 at 01:25:34
tmpdir is ./tmp.mri_nu_correct.mni.17634
/home/stone-ext1/freesurfer/subjects/FS6EXPERT_subj01/mri
mri_convert -cm orig.mgz ./tmp.mri_nu_correct.mni.17634/nu0.mnc -odt float
mri_convert.bin -cm orig.mgz ./tmp.mri_nu_correct.mni.17634/nu0.mnc -odt float 
$Id: mri_convert.c,v 1.226 2016/02/26 16:15:24 mreuter Exp $
reading from orig.mgz...
TR=1000.00, TE=0.00, TI=0.00, flip angle=0.00
i_ras = (-1, 0, 0)
j_ras = (0, 0, -1)
k_ras = (0, 1, 0)
changing data type from uchar to float (noscale = 0)...
writing to ./tmp.mri_nu_correct.mni.17634/nu0.mnc...
 
--------------------------------------------------------
Iteration 1 Tue May  7 10:53:15 CDT 2019
nu_correct -clobber ./tmp.mri_nu_correct.mni.17634/nu0.mnc ./tmp.mri_nu_correct.mni.17634/nu1.mnc -tmpdir ./tmp.mri_nu_correct.mni.17634/0/
[kendrick@stone.cmrr.umn.edu:/home/stone-ext1/freesurfer/subjects/FS6EXPERT_subj01/mri/] [2019-05-07 10:53:15] running:
  /home/stone/software/freesurfer/mni/bin/nu_estimate_np_and_em -parzen -log -sharpen 0.15 0.01 -iterations 50 -stop 0.001 -shrink 4 -auto_mask -nonotify -b_spline 1.0e-7 -distance 200 -quiet -execute -clobber -nokeeptmp -tmpdir ./tmp.mri_nu_correct.mni.17634/0/ ./tmp.mri_nu_correct.mni.17634/nu0.mnc ./tmp.mri_nu_correct.mni.17634/nu1.imp

Processing:.................................................................................Done
Processing:.................................................................................Done
Processing:.................................................................................Done
Processing:.................................................................................Done
Processing:.................................................................................Done
Processing:.................................................................................Done
Processing:.................................................................................Done
Processing:.................................................................................Done
Processing:.................................................................................Done
Processing:.................................................................................Done
Processing:.................................................................................Done
Processing:.................................................................................Done
Processing:.................................................................................Done
Processing:.................................................................................Done
Processing:.................................................................................Done
Processing:.................................................................................Done
Processing:.................................................................................Done
Processing:.................................................................................Done
Processing:.................................................................................Done
Processing:.................................................................................Done
Processing:.................................................................................Done
Processing:.................................................................................Done
Processing:.................................................................................Done
Processing:.................................................................................Done
Processing:.................................................................................Done
Processing:.................................................................................Done
Processing:.................................................................................Done
Processing:.................................................................................Done
Processing:.................................................................................Done
Number of iterations: 29 
CV of field change: 0.000957863
 
 
--------------------------------------------------------
Iteration 2 Tue May  7 10:54:28 CDT 2019
nu_correct -clobber ./tmp.mri_nu_correct.mni.17634/nu1.mnc ./tmp.mri_nu_correct.mni.17634/nu2.mnc -tmpdir ./tmp.mri_nu_correct.mni.17634/1/
[kendrick@stone.cmrr.umn.edu:/home/stone-ext1/freesurfer/subjects/FS6EXPERT_subj01/mri/] [2019-05-07 10:54:28] running:
  /home/stone/software/freesurfer/mni/bin/nu_estimate_np_and_em -parzen -log -sharpen 0.15 0.01 -iterations 50 -stop 0.001 -shrink 4 -auto_mask -nonotify -b_spline 1.0e-7 -distance 200 -quiet -execute -clobber -nokeeptmp -tmpdir ./tmp.mri_nu_correct.mni.17634/1/ ./tmp.mri_nu_correct.mni.17634/nu1.mnc ./tmp.mri_nu_correct.mni.17634/nu2.imp

Processing:.................................................................................Done
Processing:.................................................................................Done
Processing:.................................................................................Done
Processing:.................................................................................Done
Processing:.................................................................................Done
Processing:.................................................................................Done
Number of iterations: 6 
CV of field change: 0.000898438
 
 
 
mri_binarize --i ./tmp.mri_nu_correct.mni.17634/nu2.mnc --min -1 --o ./tmp.mri_nu_correct.mni.17634/ones.mgz

$Id: mri_binarize.c,v 1.43 2016/06/09 20:46:21 greve Exp $
cwd /home/stone-ext1/freesurfer/subjects/FS6EXPERT_subj01/mri
cmdline mri_binarize.bin --i ./tmp.mri_nu_correct.mni.17634/nu2.mnc --min -1 --o ./tmp.mri_nu_correct.mni.17634/ones.mgz 
sysname  Linux
hostname stone.cmrr.umn.edu
machine  x86_64
user     kendrick

input      ./tmp.mri_nu_correct.mni.17634/nu2.mnc
frame      0
nErode3d   0
nErode2d   0
output     ./tmp.mri_nu_correct.mni.17634/ones.mgz
Binarizing based on threshold
min        -1
max        +infinity
binval        1
binvalnot     0
fstart = 0, fend = 0, nframes = 1
Found 32768000 values in range
Counting number of voxels in first frame
Found 32768000 voxels in final mask
Count: 32768000 16777216.796875 32768000 100.000000
mri_binarize done
mri_segstats --id 1 --seg ./tmp.mri_nu_correct.mni.17634/ones.mgz --i orig.mgz --sum ./tmp.mri_nu_correct.mni.17634/sum.junk --avgwf ./tmp.mri_nu_correct.mni.17634/input.mean.dat

$Id: mri_segstats.c,v 1.121 2016/05/31 17:27:11 greve Exp $
cwd 
cmdline mri_segstats --id 1 --seg ./tmp.mri_nu_correct.mni.17634/ones.mgz --i orig.mgz --sum ./tmp.mri_nu_correct.mni.17634/sum.junk --avgwf ./tmp.mri_nu_correct.mni.17634/input.mean.dat 
sysname  Linux
hostname stone.cmrr.umn.edu
machine  x86_64
user     kendrick
UseRobust  0
Loading ./tmp.mri_nu_correct.mni.17634/ones.mgz
Loading orig.mgz
Voxel Volume is 0.512 mm^3
Generating list of segmentation ids
Found   1 segmentations
Computing statistics for each segmentation

Reporting on   1 segmentations
Using PrintSegStat
Computing spatial average of each frame
  0
Writing to ./tmp.mri_nu_correct.mni.17634/input.mean.dat
mri_segstats done
mri_segstats --id 1 --seg ./tmp.mri_nu_correct.mni.17634/ones.mgz --i ./tmp.mri_nu_correct.mni.17634/nu2.mnc --sum ./tmp.mri_nu_correct.mni.17634/sum.junk --avgwf ./tmp.mri_nu_correct.mni.17634/output.mean.dat

$Id: mri_segstats.c,v 1.121 2016/05/31 17:27:11 greve Exp $
cwd 
cmdline mri_segstats --id 1 --seg ./tmp.mri_nu_correct.mni.17634/ones.mgz --i ./tmp.mri_nu_correct.mni.17634/nu2.mnc --sum ./tmp.mri_nu_correct.mni.17634/sum.junk --avgwf ./tmp.mri_nu_correct.mni.17634/output.mean.dat 
sysname  Linux
hostname stone.cmrr.umn.edu
machine  x86_64
user     kendrick
UseRobust  0
Loading ./tmp.mri_nu_correct.mni.17634/ones.mgz
Loading ./tmp.mri_nu_correct.mni.17634/nu2.mnc
Voxel Volume is 0.512 mm^3
Generating list of segmentation ids
Found   1 segmentations
Computing statistics for each segmentation

Reporting on   1 segmentations
Using PrintSegStat
Computing spatial average of each frame
  0
Writing to ./tmp.mri_nu_correct.mni.17634/output.mean.dat
mri_segstats done
mris_calc -o ./tmp.mri_nu_correct.mni.17634/nu2.mnc ./tmp.mri_nu_correct.mni.17634/nu2.mnc mul .08726049714123761185
mri_convert ./tmp.mri_nu_correct.mni.17634/nu2.mnc nu.mgz --like orig.mgz
mri_convert.bin ./tmp.mri_nu_correct.mni.17634/nu2.mnc nu.mgz --like orig.mgz 
$Id: mri_convert.c,v 1.226 2016/02/26 16:15:24 mreuter Exp $
reading from ./tmp.mri_nu_correct.mni.17634/nu2.mnc...
TR=0.00, TE=0.00, TI=0.00, flip angle=0.00
i_ras = (-1, 0, 0)
j_ras = (0, 0, -1)
k_ras = (0, 1, 0)
INFO: transform src into the like-volume: orig.mgz
writing to nu.mgz...
mri_make_uchar nu.mgz transforms/talairach.xfm nu.mgz
type change took 0 minutes and 14 seconds.
mapping (13, 203) to ( 3, 110)
 
 
Tue May  7 10:57:01 CDT 2019
mri_nu_correct.mni done
